Archive member included to satisfy reference by file (symbol)

e:/mrs/mounriver_studio/toolchain/risc-v embedded gcc/bin/../lib/gcc/riscv-none-embed/8.2.0/../../../../riscv-none-embed/lib/rv32imacxw/ilp32\libm.a(lib_a-s_floor.o)
                              ./marlin/planner.o (floor)
e:/mrs/mounriver_studio/toolchain/risc-v embedded gcc/bin/../lib/gcc/riscv-none-embed/8.2.0/../../../../riscv-none-embed/lib/rv32imacxw/ilp32\libm.a(lib_a-sf_ceil.o)
                              ./marlin/planner.o (ceilf)
e:/mrs/mounriver_studio/toolchain/risc-v embedded gcc/bin/../lib/gcc/riscv-none-embed/8.2.0/../../../../riscv-none-embed/lib/rv32imacxw/ilp32\libm.a(lib_a-sf_cos.o)
                              ./marlin/motion_control.o (cosf)
e:/mrs/mounriver_studio/toolchain/risc-v embedded gcc/bin/../lib/gcc/riscv-none-embed/8.2.0/../../../../riscv-none-embed/lib/rv32imacxw/ilp32\libm.a(lib_a-sf_floor.o)
                              ./marlin/motion_control.o (floorf)
e:/mrs/mounriver_studio/toolchain/risc-v embedded gcc/bin/../lib/gcc/riscv-none-embed/8.2.0/../../../../riscv-none-embed/lib/rv32imacxw/ilp32\libm.a(lib_a-sf_sin.o)
                              ./marlin/motion_control.o (sinf)
e:/mrs/mounriver_studio/toolchain/risc-v embedded gcc/bin/../lib/gcc/riscv-none-embed/8.2.0/../../../../riscv-none-embed/lib/rv32imacxw/ilp32\libm.a(lib_a-w_hypot.o)
                              ./marlin/Marlin_main.o (hypot)
e:/mrs/mounriver_studio/toolchain/risc-v embedded gcc/bin/../lib/gcc/riscv-none-embed/8.2.0/../../../../riscv-none-embed/lib/rv32imacxw/ilp32\libm.a(lib_a-w_sqrt.o)
                              ./marlin/planner.o (sqrt)
e:/mrs/mounriver_studio/toolchain/risc-v embedded gcc/bin/../lib/gcc/riscv-none-embed/8.2.0/../../../../riscv-none-embed/lib/rv32imacxw/ilp32\libm.a(lib_a-wf_atan2.o)
                              ./marlin/motion_control.o (atan2f)
e:/mrs/mounriver_studio/toolchain/risc-v embedded gcc/bin/../lib/gcc/riscv-none-embed/8.2.0/../../../../riscv-none-embed/lib/rv32imacxw/ilp32\libm.a(lib_a-wf_sqrt.o)
                              ./marlin/planner.o (sqrtf)
e:/mrs/mounriver_studio/toolchain/risc-v embedded gcc/bin/../lib/gcc/riscv-none-embed/8.2.0/../../../../riscv-none-embed/lib/rv32imacxw/ilp32\libm.a(lib_a-e_hypot.o)
                              e:/mrs/mounriver_studio/toolchain/risc-v embedded gcc/bin/../lib/gcc/riscv-none-embed/8.2.0/../../../../riscv-none-embed/lib/rv32imacxw/ilp32\libm.a(lib_a-w_hypot.o) (__ieee754_hypot)
e:/mrs/mounriver_studio/toolchain/risc-v embedded gcc/bin/../lib/gcc/riscv-none-embed/8.2.0/../../../../riscv-none-embed/lib/rv32imacxw/ilp32\libm.a(lib_a-e_sqrt.o)
                              e:/mrs/mounriver_studio/toolchain/risc-v embedded gcc/bin/../lib/gcc/riscv-none-embed/8.2.0/../../../../riscv-none-embed/lib/rv32imacxw/ilp32\libm.a(lib_a-w_sqrt.o) (__ieee754_sqrt)
e:/mrs/mounriver_studio/toolchain/risc-v embedded gcc/bin/../lib/gcc/riscv-none-embed/8.2.0/../../../../riscv-none-embed/lib/rv32imacxw/ilp32\libm.a(lib_a-ef_atan2.o)
                              e:/mrs/mounriver_studio/toolchain/risc-v embedded gcc/bin/../lib/gcc/riscv-none-embed/8.2.0/../../../../riscv-none-embed/lib/rv32imacxw/ilp32\libm.a(lib_a-wf_atan2.o) (__ieee754_atan2f)
e:/mrs/mounriver_studio/toolchain/risc-v embedded gcc/bin/../lib/gcc/riscv-none-embed/8.2.0/../../../../riscv-none-embed/lib/rv32imacxw/ilp32\libm.a(lib_a-ef_rem_pio2.o)
                              e:/mrs/mounriver_studio/toolchain/risc-v embedded gcc/bin/../lib/gcc/riscv-none-embed/8.2.0/../../../../riscv-none-embed/lib/rv32imacxw/ilp32\libm.a(lib_a-sf_cos.o) (__ieee754_rem_pio2f)
e:/mrs/mounriver_studio/toolchain/risc-v embedded gcc/bin/../lib/gcc/riscv-none-embed/8.2.0/../../../../riscv-none-embed/lib/rv32imacxw/ilp32\libm.a(lib_a-ef_sqrt.o)
                              e:/mrs/mounriver_studio/toolchain/risc-v embedded gcc/bin/../lib/gcc/riscv-none-embed/8.2.0/../../../../riscv-none-embed/lib/rv32imacxw/ilp32\libm.a(lib_a-wf_sqrt.o) (__ieee754_sqrtf)
e:/mrs/mounriver_studio/toolchain/risc-v embedded gcc/bin/../lib/gcc/riscv-none-embed/8.2.0/../../../../riscv-none-embed/lib/rv32imacxw/ilp32\libm.a(lib_a-kf_cos.o)
                              e:/mrs/mounriver_studio/toolchain/risc-v embedded gcc/bin/../lib/gcc/riscv-none-embed/8.2.0/../../../../riscv-none-embed/lib/rv32imacxw/ilp32\libm.a(lib_a-sf_cos.o) (__kernel_cosf)
e:/mrs/mounriver_studio/toolchain/risc-v embedded gcc/bin/../lib/gcc/riscv-none-embed/8.2.0/../../../../riscv-none-embed/lib/rv32imacxw/ilp32\libm.a(lib_a-kf_rem_pio2.o)
                              e:/mrs/mounriver_studio/toolchain/risc-v embedded gcc/bin/../lib/gcc/riscv-none-embed/8.2.0/../../../../riscv-none-embed/lib/rv32imacxw/ilp32\libm.a(lib_a-ef_rem_pio2.o) (__kernel_rem_pio2f)
e:/mrs/mounriver_studio/toolchain/risc-v embedded gcc/bin/../lib/gcc/riscv-none-embed/8.2.0/../../../../riscv-none-embed/lib/rv32imacxw/ilp32\libm.a(lib_a-kf_sin.o)
[...]
Memory Configuration

Name             Origin             Length             Attributes
FLASH            0x0000000000000000 0x0000000000040000 xr
RAM              0x0000000020000000 0x0000000000010000 xrw
*default*        0x0000000000000000 0xffffffffffffffff

Linker script and memory map

LOAD ./marlin/ConfigurationStore.o
LOAD ./marlin/Marlin_main.o
LOAD ./marlin/SerialLcd.o
LOAD ./marlin/Servo.o
LOAD ./marlin/cardreader.o
LOAD ./marlin/motion_control.o
LOAD ./marlin/planner.o
LOAD ./marlin/stepper.o
LOAD ./marlin/temperature.o
LOAD ./marlin/ultralcd.o
LOAD ./User/ch32v30x_it.o
LOAD ./User/main.o
LOAD ./User/system_ch32v30x.o
LOAD ./Startup/startup_ch32v30x_D8C.o
LOAD ./Peripheral/src/ch32v30x_adc.o
LOAD ./Peripheral/src/ch32v30x_bkp.o
LOAD ./Peripheral/src/ch32v30x_can.o
LOAD ./Peripheral/src/ch32v30x_crc.o
LOAD ./Peripheral/src/ch32v30x_dac.o
LOAD ./Peripheral/src/ch32v30x_dbgmcu.o
LOAD ./Peripheral/src/ch32v30x_dma.o
LOAD ./Peripheral/src/ch32v30x_dvp.o
LOAD ./Peripheral/src/ch32v30x_eth.o
LOAD ./Peripheral/src/ch32v30x_exti.o
LOAD ./Peripheral/src/ch32v30x_flash.o
LOAD ./Peripheral/src/ch32v30x_fsmc.o
LOAD ./Peripheral/src/ch32v30x_gpio.o
LOAD ./Peripheral/src/ch32v30x_i2c.o
LOAD ./Peripheral/src/ch32v30x_iwdg.o
LOAD ./Peripheral/src/ch32v30x_misc.o
LOAD ./Peripheral/src/ch32v30x_opa.o
LOAD ./Peripheral/src/ch32v30x_pwr.o
LOAD ./Peripheral/src/ch32v30x_rcc.o
LOAD ./Peripheral/src/ch32v30x_rng.o
LOAD ./Peripheral/src/ch32v30x_rtc.o
LOAD ./Peripheral/src/ch32v30x_sdio.o
LOAD ./Peripheral/src/ch32v30x_spi.o
LOAD ./Peripheral/src/ch32v30x_tim.o
LOAD ./Peripheral/src/ch32v30x_usart.o
LOAD ./Peripheral/src/ch32v30x_wwdg.o
LOAD ./FATFS/src/option/ccsbcs.o
LOAD ./FATFS/src/option/syscall.o
LOAD ./FATFS/src/diskio.o
LOAD ./FATFS/src/ff.o
LOAD ./Debug/debug.o
LOAD ./Core/core_riscv.o
LOAD ./BSP/MMC_SD.o
LOAD ./BSP/bsp_adc.o
LOAD ./BSP/bsp_flash.o
LOAD ./BSP/bsp_pin.o
LOAD ./BSP/bsp_sysclk.o
LOAD ./BSP/bsp_usart.o
LOAD ./BSP/bsp_watchdog.o
LOAD e:/mrs/mounriver_studio/toolchain/risc-v embedded gcc/bin/../lib/gcc/riscv-none-embed/8.2.0/../../../../riscv-none-embed/lib/rv32imacxw/ilp32\libstdc++_nano.a
LOAD e:/mrs/mounriver_studio/toolchain/risc-v embedded gcc/bin/../lib/gcc/riscv-none-embed/8.2.0/../../../../riscv-none-embed/lib/rv32imacxw/ilp32\libm.a
LOAD e:/mrs/mounriver_studio/toolchain/risc-v embedded gcc/bin/../lib/gcc/riscv-none-embed/8.2.0/rv32imacxw/ilp32\libgcc.a
LOAD e:/mrs/mounriver_studio/toolchain/risc-v embedded gcc/bin/../lib/gcc/riscv-none-embed/8.2.0/../../../../riscv-none-embed/lib/rv32imacxw/ilp32\libg_nano.a
LOAD e:/mrs/mounriver_studio/toolchain/risc-v embedded gcc/bin/../lib/gcc/riscv-none-embed/8.2.0/../../../../riscv-none-embed/lib/rv32imacxw/ilp32\libc_nano.a
LOAD e:/mrs/mounriver_studio/toolchain/risc-v embedded gcc/bin/../lib/gcc/riscv-none-embed/8.2.0/rv32imacxw/ilp32\libgcc.a
START GROUP
LOAD e:/mrs/mounriver_studio/toolchain/risc-v embedded gcc/bin/../lib/gcc/riscv-none-embed/8.2.0/rv32imacxw/ilp32\libgcc.a
LOAD e:/mrs/mounriver_studio/toolchain/risc-v embedded gcc/bin/../lib/gcc/riscv-none-embed/8.2.0/../../../../riscv-none-embed/lib/rv32imacxw/ilp32\libc_nano.a
LOAD e:/mrs/mounriver_studio/toolchain/risc-v embedded gcc/bin/../lib/gcc/riscv-none-embed/8.2.0/../../../../riscv-none-embed/lib/rv32imacxw/ilp32\libnosys.a
END GROUP
START GROUP
LOAD e:/mrs/mounriver_studio/toolchain/risc-v embedded gcc/bin/../lib/gcc/riscv-none-embed/8.2.0/rv32imacxw/ilp32\libgcc.a
LOAD e:/mrs/mounriver_studio/toolchain/risc-v embedded gcc/bin/../lib/gcc/riscv-none-embed/8.2.0/../../../../riscv-none-embed/lib/rv32imacxw/ilp32\libc_nano.a
LOAD e:/mrs/mounriver_studio/toolchain/risc-v embedded gcc/bin/../lib/gcc/riscv-none-embed/8.2.0/../../../../riscv-none-embed/lib/rv32imacxw/ilp32\libnosys.a
END GROUP
                0x0000000000000800                __stack_size = 0x800
                [!provide]                        PROVIDE (_stack_size = __stack_size)

.init           0x0000000000000000       0x38
                0x0000000000000000                _sinit = .
                0x0000000000000000                . = ALIGN (0x4)
 *(SORT_NONE(.init))
 .init          0x0000000000000000       0x38 ./Startup/startup_ch32v30x_D8C.o
                0x0000000000000000                _start
                0x0000000000000038                . = ALIGN (0x4)
                0x0000000000000038                _einit = .

.vector         0x0000000000000038      0x1c8
 *(.vector)
 .vector        0x0000000000000038      0x1a0 ./Startup/startup_ch32v30x_D8C.o
                0x0000000000000200                . = ALIGN (0x40)
 *fill*         0x00000000000001d8       0x28 

.text           0x0000000000000200    0x14704
                0x0000000000000200                . = ALIGN (0x4)
 *(.text)
 .text          0x0000000000000200       0x60 e:/mrs/mounriver_studio/toolchain/risc-v embedded gcc/bin/../lib/gcc/riscv-none-embed/8.2.0/rv32imacxw/ilp32\libgcc.a(save-restore.o)
                0x0000000000000200                __riscv_save_12
                0x0000000000000208                __riscv_save_9
                0x0000000000000208                __riscv_save_11
                0x0000000000000208                __riscv_save_10
                0x0000000000000208                __riscv_save_8
                0x0000000000000216                __riscv_save_4
                0x0000000000000216                __riscv_save_6
                0x0000000000000216                __riscv_save_5
                0x0000000000000216                __riscv_save_7
                0x0000000000000230                __riscv_save_3
                0x0000000000000230                __riscv_save_2
                0x0000000000000230                __riscv_save_1
                0x0000000000000230                __riscv_save_0
                0x000000000000023c                __riscv_restore_12
                0x0000000000000240                __riscv_restore_11
                0x0000000000000240                __riscv_restore_9
                0x0000000000000240                __riscv_restore_10
                0x0000000000000240                __riscv_restore_8
                0x000000000000024a                __riscv_restore_5
                0x000000000000024a                __riscv_restore_7
                0x000000000000024a                __riscv_restore_6
                0x000000000000024a                __riscv_restore_4
                0x0000000000000254                __riscv_restore_3
                0x0000000000000254                __riscv_restore_0
                0x0000000000000254                __riscv_restore_2
                0x0000000000000254                __riscv_restore_1
 .text          0x0000000000000260       0xa8 e:/mrs/mounriver_studio/toolchain/risc-v embedded gcc/bin/../lib/gcc/riscv-none-embed/8.2.0/../../../../riscv-none-embed/lib/rv32imacxw/ilp32\libg_nano.a(lib_a-memset.o)
                0x0000000000000260                memset
 *(.text.*)
 .text._Z18EE24C02_Write_Byteth
                0x0000000000000308       0x12 ./marlin/ConfigurationStore.o
                0x0000000000000308                EE24C02_Write_Byte(unsigned short, unsigned char)
 .text._Z20EE24C02_Write_Bytes1tPht
                0x000000000000031a       0x3e ./marlin/ConfigurationStore.o
                0x000000000000031a                EE24C02_Write_Bytes1(unsigned short, unsigned char*, unsigned short)
 .text._Z17EE24C02_Read_Byteh
                0x0000000000000358       0x18 ./marlin/ConfigurationStore.o
                0x0000000000000358                EE24C02_Read_Byte(unsigned char)
 .text._Z19EE24C02_Read_Bytes1tPhh
                0x0000000000000370       0x36 ./marlin/ConfigurationStore.o
                0x0000000000000370                EE24C02_Read_Bytes1(unsigned short, unsigned char*, unsigned char)
 .text._Z17_EEPROM_writeDataRiPhh
                0x00000000000003a6       0x54 ./marlin/ConfigurationStore.o
                0x00000000000003a6                _EEPROM_writeData(int&, unsigned char*, unsigned char)
 .text._Z16_EEPROM_readDataRiPhh
                0x00000000000003fa       0x2c ./marlin/ConfigurationStore.o
                0x00000000000003fa                _EEPROM_readData(int&, unsigned char*, unsigned char)
 .text._Z19Config_ResetDefaultv
                0x0000000000000426      0x134 ./marlin/ConfigurationStore.o
                0x0000000000000426                Config_ResetDefault()
 .text._ZL8homeaxisi.part.0
                0x000000000000055a      0x20c ./marlin/Marlin_main.o
 .text._Z17serial_echopair_PPKcf
                0x0000000000000766       0x2c ./marlin/Marlin_main.o
                0x0000000000000766                serial_echopair_P(char const*, float)
 .text._Z17serial_echopair_PPKcd
                0x0000000000000792       0x2e ./marlin/Marlin_main.o
                0x0000000000000792                serial_echopair_P(char const*, double)
 .text._Z17serial_echopair_PPKcm
                0x00000000000007c0       0x24 ./marlin/Marlin_main.o
                0x00000000000007c0                serial_echopair_P(char const*, unsigned long)
 .text._Z12enquecommandPKc
                0x00000000000007e4       0x78 ./marlin/Marlin_main.o
                0x00000000000007e4                enquecommand(char const*)
 .text._Z14enquecommand_PPKc
                0x000000000000085c        0x8 ./marlin/Marlin_main.o
                0x000000000000085c                enquecommand_P(char const*)
 .text._Z7suicidev
                0x0000000000000864       0x28 ./marlin/Marlin_main.o
                0x0000000000000864                suicide()
 .text._Z5setupv
                0x000000000000088c      0x10e ./marlin/Marlin_main.o
                0x000000000000088c                setup()
 .text._Z21get_explaination_dataPcc
                0x000000000000099a       0x86 ./marlin/Marlin_main.o
                0x000000000000099a                get_explaination_data(char*, char)
 .text._Z16get_explainationPc
                0x0000000000000a20       0x9a ./marlin/Marlin_main.o
                0x0000000000000a20                get_explaination(char*)
 .text._Z10code_valuev
                0x0000000000000aba       0x32 ./marlin/Marlin_main.o
                0x0000000000000aba                code_value()
 .text._Z15code_value_longv
                0x0000000000000aec       0x30 ./marlin/Marlin_main.o
                0x0000000000000aec                code_value_long()
 .text._Z9code_seenc
                0x0000000000000b1c       0x28 ./marlin/Marlin_main.o
                0x0000000000000b1c                code_seen(char)
 .text._Z7an_seenc
                0x0000000000000b44        0xa ./marlin/Marlin_main.o
                0x0000000000000b44                an_seen(char)
 .text._Z16All_Axis_Go_Homev
                0x0000000000000b4e      0x156 ./marlin/Marlin_main.o
                0x0000000000000b4e                All_Axis_Go_Home()
 .text._Z24FlushSerialRequestResendv
                0x0000000000000ca4       0x2e ./marlin/Marlin_main.o
                0x0000000000000ca4                FlushSerialRequestResend()
 .text._Z11get_commandv
                0x0000000000000cd2      0x4bc ./marlin/Marlin_main.o
                0x0000000000000cd2                get_command()
 .text._Z11ClearToSendv
                0x000000000000118e       0x2c ./marlin/Marlin_main.o
                0x000000000000118e                ClearToSend()
 .text._Z15get_coordinatesv
                0x00000000000011ba       0x84 ./marlin/Marlin_main.o
                0x00000000000011ba                get_coordinates()
 .text._Z19get_arc_coordinatesv
                0x000000000000123e       0x3e ./marlin/Marlin_main.o
                0x000000000000123e                get_arc_coordinates()
 .text._Z26clamp_to_software_endstopsPf
                0x000000000000127c       0x86 ./marlin/Marlin_main.o
                0x000000000000127c                clamp_to_software_endstops(float*)
 .text._Z12prepare_movev
                0x0000000000001302       0xb0 ./marlin/Marlin_main.o
                0x0000000000001302                prepare_move()
 .text._Z16prepare_arc_movec
                0x00000000000013b2       0x9e ./marlin/Marlin_main.o
                0x00000000000013b2                prepare_arc_move(char)
 .text._Z4killv
                0x0000000000001450       0x68 ./marlin/Marlin_main.o
                0x0000000000001450                kill()
 .text._Z17manage_inactivityv
                0x00000000000014b8       0x7c ./marlin/Marlin_main.o
                0x00000000000014b8                manage_inactivity()
 .text._Z4Stopv
                0x0000000000001534       0x38 ./marlin/Marlin_main.o
                0x0000000000001534                Stop()
 .text._Z9IsStoppedv
                0x000000000000156c        0x6 ./marlin/Marlin_main.o
                0x000000000000156c                IsStopped()
 .text._Z17setTargetedHotendi
                0x0000000000001572       0xa2 ./marlin/Marlin_main.o
                0x0000000000001572                setTargetedHotend(int)
 .text._Z16process_commandsv
                0x0000000000001614     0x10c0 ./marlin/Marlin_main.o
                0x0000000000001614                process_commands()
 .text.startup.main
                0x00000000000026d4       0x76 ./marlin/Marlin_main.o
                0x00000000000026d4                main
 .text.startup._GLOBAL__sub_I_card
                0x000000000000274a       0x10 ./marlin/Marlin_main.o
 .text._ZN9SerialLcd9availableEv.isra.3
                0x000000000000275a       0x14 ./marlin/SerialLcd.o
 .text._ZN9SerialLcd5writeEh.isra.4
                0x000000000000276e       0x18 ./marlin/SerialLcd.o
 .text._ZN9SerialLcd5writeEPKc.isra.5
                0x0000000000002786       0x26 ./marlin/SerialLcd.o
 .text._ZN9SerialLcd7Set_TxtEcPc.constprop.9
                0x00000000000027ac       0x7a ./marlin/SerialLcd.o
 .text._Z10int_to_striPcS_
                0x0000000000002826       0xce ./marlin/SerialLcd.o
                0x0000000000002826                int_to_str(int, char*, char*)
 .text._Z5ffabsff
                0x00000000000028f4       0x22 ./marlin/SerialLcd.o
                0x00000000000028f4                ffabs(float, float)
 .text._ZN9SerialLcd5beginEl
                0x0000000000002916       0xb4 ./marlin/SerialLcd.o
                0x0000000000002916                SerialLcd::begin(long)
 .text.UART4_IRQHandler
                0x00000000000029ca       0x7c ./marlin/SerialLcd.o
                0x00000000000029ca                UART4_IRQHandler
 .text._ZN9SerialLcd4readEv
                0x0000000000002a46       0x24 ./marlin/SerialLcd.o
                0x0000000000002a46                SerialLcd::read()
 .text._ZN9SerialLcd8writecmdEPhh
                0x0000000000002a6a       0x58 ./marlin/SerialLcd.o
                0x0000000000002a6a                SerialLcd::writecmd(unsigned char*, unsigned char)
 .text._ZN9SerialLcd8Set_PageEPKct
                0x0000000000002ac2       0x4e ./marlin/SerialLcd.o
                0x0000000000002ac2                SerialLcd::Set_Page(char const*, unsigned short)
 .text._ZN9SerialLcd8Get_PageEv
                0x0000000000002b10       0x2c ./marlin/SerialLcd.o
                0x0000000000002b10                SerialLcd::Get_Page()
 .text._ZN9SerialLcd7Get_NumEc
                0x0000000000002b3c       0x6e ./marlin/SerialLcd.o
                0x0000000000002b3c                SerialLcd::Get_Num(char)
 .text._ZN9SerialLcd9Get_ValueEPcc
                0x0000000000002baa       0x52 ./marlin/SerialLcd.o
                0x0000000000002baa                SerialLcd::Get_Value(char*, char)
 .text._ZN9SerialLcd11Set_DisplayEPcc
                0x0000000000002bfc       0x6e ./marlin/SerialLcd.o
                0x0000000000002bfc                SerialLcd::Set_Display(char*, char)
 .text._ZN9SerialLcd7Set_PICEci
                0x0000000000002c6a       0x94 ./marlin/SerialLcd.o
                0x0000000000002c6a                SerialLcd::Set_PIC(char, int)
 .text._ZN9SerialLcd7Set_NumEci
                0x0000000000002cfe       0xf0 ./marlin/SerialLcd.o
                0x0000000000002cfe                SerialLcd::Set_Num(char, int)
 .text._ZN9SerialLcd10Set_HValueEci
                0x0000000000002dee      0x116 ./marlin/SerialLcd.o
                0x0000000000002dee                SerialLcd::Set_HValue(char, int)
 .text._ZN9SerialLcd7Set_TxtEcPc
                0x0000000000002f04       0x7a ./marlin/SerialLcd.o
                0x0000000000002f04                SerialLcd::Set_Txt(char, char*)
 .text._ZN9SerialLcd7Set_TxtEcPKc
                0x0000000000002f7e       0x10 ./marlin/SerialLcd.o
                0x0000000000002f7e                SerialLcd::Set_Txt(char, char const*)
 .text._ZN9SerialLcd12Set_ProgressEhh
                0x0000000000002f8e       0xea ./marlin/SerialLcd.o
                0x0000000000002f8e                SerialLcd::Set_Progress(unsigned char, unsigned char)
 .text._ZN9SerialLcd7Set_TxtEct
                0x0000000000003078      0x122 ./marlin/SerialLcd.o
                0x0000000000003078                SerialLcd::Set_Txt(char, unsigned short)
 .text._ZN9SerialLcd7Set_TxtEcf
                0x000000000000319a      0x272 ./marlin/SerialLcd.o
                0x000000000000319a                SerialLcd::Set_Txt(char, float)
 .text._ZN9SerialLcd13Set_Txt_ColorEhPc
                0x000000000000340c       0x40 ./marlin/SerialLcd.o
                0x000000000000340c                SerialLcd::Set_Txt_Color(unsigned char, char*)
 .text._ZN9SerialLcd7Get_TxtEPc
                0x000000000000344c       0x52 ./marlin/SerialLcd.o
                0x000000000000344c                SerialLcd::Get_Txt(char*)
 .text._ZN9SerialLcd16Search_Date_HeadEv
                0x000000000000349e       0x5c ./marlin/SerialLcd.o
                0x000000000000349e                SerialLcd::Search_Date_Head()
 .text._ZN9SerialLcd16Search_Date_TailEv
                0x00000000000034fa       0x1c ./marlin/SerialLcd.o
                0x00000000000034fa                SerialLcd::Search_Date_Tail()
 .text._ZN9SerialLcd13LCD_Get_ValueEv
                0x0000000000003516       0x3c ./marlin/SerialLcd.o
                0x0000000000003516                SerialLcd::LCD_Get_Value()
 .text._ZN9SerialLcd13LCD_Press_KeyEcc
                0x0000000000003552       0x30 ./marlin/SerialLcd.o
                0x0000000000003552                SerialLcd::LCD_Press_Key(char, char)
 .text._ZN9SerialLcd14LCD_Key_SwtichEv
                0x0000000000003582      0x688 ./marlin/SerialLcd.o
                0x0000000000003582                SerialLcd::LCD_Key_Swtich()
 .text._ZN9SerialLcd6UpdateEv
                0x0000000000003c0a      0xa56 ./marlin/SerialLcd.o
                0x0000000000003c0a                SerialLcd::Update()
 .text._ZN9SerialLcd7LCD_RunEv
                0x0000000000004660       0x66 ./marlin/SerialLcd.o
                0x0000000000004660                SerialLcd::LCD_Run()
 .text._ZN10CardReaderC2Ev
                0x00000000000046c6       0x44 ./marlin/cardreader.o
                0x00000000000046c6                CardReader::CardReader()
                0x00000000000046c6                CardReader::CardReader()
 .text._ZN10CardReader6lsDiveEPc
                0x000000000000470a       0xf6 ./marlin/cardreader.o
                0x000000000000470a                CardReader::lsDive(char*)
 .text._ZN10CardReader7OpenDirEP3DIRPc
                0x0000000000004800       0x2c ./marlin/cardreader.o
                0x0000000000004800                CardReader::OpenDir(DIR*, char*)
 .text._ZN10CardReader7ReadDirEP3DIRP7FILINFO
                0x000000000000482c       0x20 ./marlin/cardreader.o
                0x000000000000482c                CardReader::ReadDir(DIR*, FILINFO*)
 .text._ZN10CardReader2lsEv
                0x000000000000484c       0x2e ./marlin/cardreader.o
                0x000000000000484c                CardReader::ls()
 .text._ZN10CardReader6initsdEv
                0x000000000000487a       0x3e ./marlin/cardreader.o
                0x000000000000487a                CardReader::initsd()
 .text._ZN10CardReader7releaseEv
                0x00000000000048b8        0xa ./marlin/cardreader.o
                0x00000000000048b8                CardReader::release()
 .text._ZN10CardReader14startFileprintEv
                0x00000000000048c2        0xa ./marlin/cardreader.o
                0x00000000000048c2                CardReader::startFileprint()
 .text._ZN10CardReader12pauseSDPrintEv
                0x00000000000048cc        0xa ./marlin/cardreader.o
                0x00000000000048cc                CardReader::pauseSDPrint()
 .text._ZN10CardReader8readFileEPcm
                0x00000000000048d6       0x28 ./marlin/cardreader.o
                0x00000000000048d6                CardReader::readFile(char*, unsigned long)
 .text._ZN10CardReader8openFileEPcb
                0x00000000000048fe       0x7c ./marlin/cardreader.o
                0x00000000000048fe                CardReader::openFile(char*, bool)
 .text._ZN10CardReader11openLogFileEPc
                0x000000000000497a       0x12 ./marlin/cardreader.o
                0x000000000000497a                CardReader::openLogFile(char*)
 .text._ZN10CardReader10removeFileEPc
                0x000000000000498c       0x1e ./marlin/cardreader.o
                0x000000000000498c                CardReader::removeFile(char*)
 .text._ZN10CardReader9getStatusEv
                0x00000000000049aa       0x50 ./marlin/cardreader.o
                0x00000000000049aa                CardReader::getStatus()
 .text._ZN10CardReader13write_commandEPc
                0x00000000000049fa       0x60 ./marlin/cardreader.o
                0x00000000000049fa                CardReader::write_command(char*)
 .text._ZN10CardReader14checkautostartEb
                0x0000000000004a5a       0x2a ./marlin/cardreader.o
                0x0000000000004a5a                CardReader::checkautostart(bool)
 .text._ZN10CardReader9closefileEv
                0x0000000000004a84       0x22 ./marlin/cardreader.o
                0x0000000000004a84                CardReader::closefile()
 .text._ZN10CardReader8savefileEPc
                0x0000000000004aa6       0x64 ./marlin/cardreader.o
                0x0000000000004aa6                CardReader::savefile(char*)
 .text._ZN10CardReader11getfilenameEhPc
                0x0000000000004b0a       0x18 ./marlin/cardreader.o
                0x0000000000004b0a                CardReader::getfilename(unsigned char, char*)
 .text._ZN10CardReader12getfilecountEPc
                0x0000000000004b22       0x28 ./marlin/cardreader.o
                0x0000000000004b22                CardReader::getfilecount(char*)
 .text._ZN10CardReader6isrootEv
                0x0000000000004b4a       0x18 ./marlin/cardreader.o
                0x0000000000004b4a                CardReader::isroot()
 .text._ZN10CardReader5chdirEPKc
                0x0000000000004b62       0x10 ./marlin/cardreader.o
                0x0000000000004b62                CardReader::chdir(char const*)
 .text._Z6strdelPcc
                0x0000000000004b72       0x24 ./marlin/cardreader.o
                0x0000000000004b72                strdel(char*, char)
 .text._ZN10CardReader5updirEv
                0x0000000000004b96       0x14 ./marlin/cardreader.o
                0x0000000000004b96                CardReader::updir()
 .text._ZN10CardReader7downdirEPc
                0x0000000000004baa       0x22 ./marlin/cardreader.o
                0x0000000000004baa                CardReader::downdir(char*)
 .text._ZN10CardReader19printingHasFinishedEv
                0x0000000000004bcc       0x2e ./marlin/cardreader.o
                0x0000000000004bcc                CardReader::printingHasFinished()
 .text._Z6mc_arcPfS_S_hhhffhh
                0x0000000000004bfa      0x32e ./marlin/motion_control.o
                0x0000000000004bfa                mc_arc(float*, float*, float*, unsigned char, unsigned char, unsigned char, float, float, unsigned char, unsigned char)
 .text._Z29calculate_trapezoid_for_blockP7block_tff
                0x0000000000004f28      0x222 ./marlin/planner.o
                0x0000000000004f28                calculate_trapezoid_for_block(block_t*, float, float)
 .text._Z19max_allowable_speedfff
                0x000000000000514a       0x34 ./marlin/planner.o
                0x000000000000514a                max_allowable_speed(float, float, float)
 .text._Z27planner_reverse_pass_kernelP7block_tS0_S0_
                0x000000000000517e       0x74 ./marlin/planner.o
                0x000000000000517e                planner_reverse_pass_kernel(block_t*, block_t*, block_t*)
 .text._Z20planner_reverse_passv
                0x00000000000051f2       0x66 ./marlin/planner.o
                0x00000000000051f2                planner_reverse_pass()
 .text._Z27planner_forward_pass_kernelP7block_tS0_S0_
                0x0000000000005258       0x6e ./marlin/planner.o
                0x0000000000005258                planner_forward_pass_kernel(block_t*, block_t*, block_t*)
 .text._Z20planner_forward_passv
                0x00000000000052c6       0x54 ./marlin/planner.o
                0x00000000000052c6                planner_forward_pass()
 .text._Z30planner_recalculate_trapezoidsv
                0x000000000000531a       0xb2 ./marlin/planner.o
                0x000000000000531a                planner_recalculate_trapezoids()
 .text._Z19planner_recalculatev
                0x00000000000053cc       0x14 ./marlin/planner.o
                0x00000000000053cc                planner_recalculate()
 .text._Z9plan_initv
                0x00000000000053e0       0x36 ./marlin/planner.o
                0x00000000000053e0                plan_init()
 .text._Z19check_axes_activityv
                0x0000000000005416       0x28 ./marlin/planner.o
                0x0000000000005416                check_axes_activity()
 .text._Z16plan_buffer_lineRKfS0_S0_S0_fRKh
                0x000000000000543e      0xa08 ./marlin/planner.o
                0x000000000000543e                plan_buffer_line(float const&, float const&, float const&, float const&, float, unsigned char const&)
 .text._Z17plan_set_positionRKfS0_S0_S0_
                0x0000000000005e46       0xb8 ./marlin/planner.o
                0x0000000000005e46                plan_set_position(float const&, float const&, float const&, float const&)
 .text._Z19plan_set_z_positionRKf
                0x0000000000005efe       0x38 ./marlin/planner.o
                0x0000000000005efe                plan_set_z_position(float const&)
 .text._Z19plan_set_e_positionRKf
                0x0000000000005f36       0x38 ./marlin/planner.o
                0x0000000000005f36                plan_set_e_position(float const&)
 .text._Z20set_extrude_min_tempf
                0x0000000000005f6e        0x6 ./marlin/planner.o
                0x0000000000005f6e                set_extrude_min_temp(float)
 .text._Z24reset_acceleration_ratesv
                0x0000000000005f74       0x42 ./marlin/planner.o
                0x0000000000005f74                reset_acceleration_rates()
 .text._Z26plan_discard_current_blockv
                0x0000000000005fb6       0x1e ./marlin/stepper.o
                0x0000000000005fb6                plan_discard_current_block()
 .text._Z16checkHitEndstopsv
                0x0000000000005fd4       0xf8 ./marlin/stepper.o
                0x0000000000005fd4                checkHitEndstops()
 .text._Z23endstops_hit_on_purposev
                0x00000000000060cc        0xe ./marlin/stepper.o
                0x00000000000060cc                endstops_hit_on_purpose()
 .text._Z15enable_endstopsb
                0x00000000000060da        0x6 ./marlin/stepper.o
                0x00000000000060da                enable_endstops(bool)
 .text._Z10st_wake_upv
                0x00000000000060e0       0x12 ./marlin/stepper.o
                0x00000000000060e0                st_wake_up()
 .text._Z10calc_timert
                0x00000000000060f2       0x80 ./marlin/stepper.o
                0x00000000000060f2                calc_timer(unsigned short)
 .text.TIM2_IRQHandler
                0x0000000000006172      0x4ea ./marlin/stepper.o
                0x0000000000006172                TIM2_IRQHandler
 .text._Z15Time2_Configuret
                0x000000000000665c       0x4c ./marlin/stepper.o
                0x000000000000665c                Time2_Configure(unsigned short)
 .text._Z7st_initv
                0x00000000000066a8      0x18c ./marlin/stepper.o
                0x00000000000066a8                st_init()
 .text._Z14st_synchronizev
                0x0000000000006834       0x32 ./marlin/stepper.o
                0x0000000000006834                st_synchronize()
 .text._Z15st_set_positionRKlS0_S0_S0_
                0x0000000000006866       0x28 ./marlin/stepper.o
                0x0000000000006866                st_set_position(long const&, long const&, long const&, long const&)
 .text._Z17st_set_z_positionRKl
                0x000000000000688e       0x1c ./marlin/stepper.o
                0x000000000000688e                st_set_z_position(long const&)
 .text._Z17st_set_e_positionRKl
                0x00000000000068aa       0x1c ./marlin/stepper.o
                0x00000000000068aa                st_set_e_position(long const&)
 .text._Z15st_get_positionh
                0x00000000000068c6       0x20 ./marlin/stepper.o
                0x00000000000068c6                st_get_position(unsigned char)
 .text._Z24finishAndDisableSteppersv
                0x00000000000068e6       0x3c ./marlin/stepper.o
                0x00000000000068e6                finishAndDisableSteppers()
 .text._Z9quickStopv
                0x0000000000006922       0x36 ./marlin/stepper.o
                0x0000000000006922                quickStop()
 .text._Z9updatePIDv
                0x0000000000006958       0x1c ./marlin/temperature.o
                0x0000000000006958                updatePID()
 .text._Z14getHeaterPoweri
                0x0000000000006974       0x14 ./marlin/temperature.o
                0x0000000000006974                getHeaterPower(int)
 .text._Z11analog2tempih
                0x0000000000006988       0xb4 ./marlin/temperature.o
                0x0000000000006988                analog2temp(int, unsigned char)
 .text._ZL31updateTemperaturesFromRawValuesv
                0x0000000000006a3c       0x30 ./marlin/temperature.o
 .text._Z13manage_heaterv
                0x0000000000006a6c      0x1a6 ./marlin/temperature.o
                0x0000000000006a6c                manage_heater()
 .text._Z7tp_initv
                0x0000000000006c12       0xb8 ./marlin/temperature.o
                0x0000000000006c12                tp_init()
 .text._Z8setWatchv
                0x0000000000006cca        0x2 ./marlin/temperature.o
                0x0000000000006cca                setWatch()
 .text._Z14disable_heaterv
                0x0000000000006ccc       0x20 ./marlin/temperature.o
                0x0000000000006ccc                disable_heater()
 .text._Z12PID_autotunefii
                0x0000000000006cec      0x41e ./marlin/temperature.o
                0x0000000000006cec                PID_autotune(float, int, int)
 .text._Z14max_temp_errorh
                0x000000000000710a       0x3e ./marlin/temperature.o
                0x000000000000710a                max_temp_error(unsigned char)
 .text._Z14min_temp_errorh
                0x0000000000007148       0x3e ./marlin/temperature.o
                0x0000000000007148                min_temp_error(unsigned char)
 .text._Z18bed_max_temp_errorv
                0x0000000000007186       0x36 ./marlin/temperature.o
                0x0000000000007186                bed_max_temp_error()
 .text.TIM3_IRQHandler
                0x00000000000071bc      0x1ce ./marlin/temperature.o
                0x00000000000071bc                TIM3_IRQHandler
 .text._Z10scalePID_if
                0x000000000000738a       0x20 ./marlin/temperature.o
                0x000000000000738a                scalePID_i(float)
 .text._Z12unscalePID_if
                0x00000000000073aa       0x20 ./marlin/temperature.o
                0x00000000000073aa                unscalePID_i(float)
 .text._Z10scalePID_df
                0x00000000000073ca       0x20 ./marlin/temperature.o
                0x00000000000073ca                scalePID_d(float)
 .text._Z12unscalePID_df
                0x00000000000073ea       0x20 ./marlin/temperature.o
                0x00000000000073ea                unscalePID_d(float)
 .text.NMI_Handler
                0x000000000000740a        0x4 ./User/ch32v30x_it.o
                0x000000000000740a                NMI_Handler
 .text.HardFault_Handler
                0x000000000000740e       0x38 ./User/ch32v30x_it.o
                0x000000000000740e                HardFault_Handler
 .text.SystemInit
                0x0000000000007446       0xfa ./User/system_ch32v30x.o
                0x0000000000007446                SystemInit
 .text.vector_handler
                0x0000000000007540       0xbe ./Startup/startup_ch32v30x_D8C.o
                0x0000000000007544                Ecall_M_Mode_Handler
                0x0000000000007546                Ecall_U_Mode_Handler
                0x0000000000007548                Break_Point_Handler
                0x000000000000754c                SW_Handler
                0x0000000000007550                PVD_IRQHandler
                0x0000000000007552                TAMPER_IRQHandler
                0x0000000000007554                RTC_IRQHandler
                0x0000000000007556                FLASH_IRQHandler
                0x0000000000007558                RCC_IRQHandler
                0x000000000000755a                EXTI0_IRQHandler
                0x000000000000755c                EXTI1_IRQHandler
                0x000000000000755e                EXTI2_IRQHandler
                0x0000000000007560                EXTI3_IRQHandler
                0x0000000000007562                EXTI4_IRQHandler
                0x0000000000007564                DMA1_Channel1_IRQHandler
                0x0000000000007566                DMA1_Channel2_IRQHandler
                0x0000000000007568                DMA1_Channel3_IRQHandler
                0x000000000000756a                DMA1_Channel4_IRQHandler
                0x000000000000756c                DMA1_Channel5_IRQHandler
                0x000000000000756e                DMA1_Channel6_IRQHandler
                0x0000000000007570                DMA1_Channel7_IRQHandler
                0x0000000000007572                ADC1_2_IRQHandler
                0x0000000000007574                USB_HP_CAN1_TX_IRQHandler
                0x0000000000007576                USB_LP_CAN1_RX0_IRQHandler
                0x0000000000007578                CAN1_RX1_IRQHandler
                0x000000000000757a                CAN1_SCE_IRQHandler
                0x000000000000757c                EXTI9_5_IRQHandler
                0x000000000000757e                TIM1_BRK_IRQHandler
                0x0000000000007580                TIM1_UP_IRQHandler
                0x0000000000007582                TIM1_TRG_COM_IRQHandler
                0x0000000000007584                TIM1_CC_IRQHandler
                0x000000000000758a                TIM4_IRQHandler
                0x000000000000758c                I2C1_EV_IRQHandler
                0x000000000000758e                I2C1_ER_IRQHandler
                0x0000000000007590                I2C2_EV_IRQHandler
                0x0000000000007592                I2C2_ER_IRQHandler
                0x0000000000007594                SPI1_IRQHandler
                0x0000000000007596                SPI2_IRQHandler
                0x0000000000007598                USART1_IRQHandler
                0x000000000000759c                USART3_IRQHandler
                0x000000000000759e                EXTI15_10_IRQHandler
                0x00000000000075a0                RTCAlarm_IRQHandler
                0x00000000000075a2                USBWakeUp_IRQHandler
                0x00000000000075a4                TIM8_BRK_IRQHandler
                0x00000000000075a6                TIM8_UP_IRQHandler
                0x00000000000075a8                TIM8_TRG_COM_IRQHandler
                0x00000000000075aa                TIM8_CC_IRQHandler
                0x00000000000075ac                RNG_IRQHandler
                0x00000000000075ae                FSMC_IRQHandler
                0x00000000000075b0                SDIO_IRQHandler
                0x00000000000075b2                TIM5_IRQHandler
                0x00000000000075b4                SPI3_IRQHandler
                0x00000000000075b8                UART5_IRQHandler
                0x00000000000075ba                TIM6_IRQHandler
                0x00000000000075bc                TIM7_IRQHandler
                0x00000000000075be                DMA2_Channel1_IRQHandler
                0x00000000000075c0                DMA2_Channel2_IRQHandler
                0x00000000000075c2                DMA2_Channel3_IRQHandler
                0x00000000000075c4                DMA2_Channel4_IRQHandler
                0x00000000000075c6                DMA2_Channel5_IRQHandler
                0x00000000000075c8                ETH_IRQHandler
                0x00000000000075ca                ETH_WKUP_IRQHandler
                0x00000000000075cc                CAN2_TX_IRQHandler
                0x00000000000075ce                CAN2_RX0_IRQHandler
                0x00000000000075d0                CAN2_RX1_IRQHandler
                0x00000000000075d2                CAN2_SCE_IRQHandler
                0x00000000000075d4                OTG_FS_IRQHandler
                0x00000000000075d6                USBHSWakeup_IRQHandler
                0x00000000000075d8                USBHS_IRQHandler
                0x00000000000075da                DVP_IRQHandler
                0x00000000000075dc                UART6_IRQHandler
                0x00000000000075de                UART7_IRQHandler
                0x00000000000075e0                UART8_IRQHandler
                0x00000000000075e2                TIM9_BRK_IRQHandler
                0x00000000000075e4                TIM9_UP_IRQHandler
                0x00000000000075e6                TIM9_TRG_COM_IRQHandler
                0x00000000000075e8                TIM9_CC_IRQHandler
                0x00000000000075ea                TIM10_BRK_IRQHandler
                0x00000000000075ec                TIM10_UP_IRQHandler
                0x00000000000075ee                TIM10_TRG_COM_IRQHandler
                0x00000000000075f0                TIM10_CC_IRQHandler
                0x00000000000075f2                DMA2_Channel6_IRQHandler
                0x00000000000075f4                DMA2_Channel7_IRQHandler
                0x00000000000075f6                DMA2_Channel8_IRQHandler
                0x00000000000075f8                DMA2_Channel9_IRQHandler
                0x00000000000075fa                DMA2_Channel10_IRQHandler
                0x00000000000075fc                DMA2_Channel11_IRQHandler
 .text.handle_reset
                0x00000000000075fe       0x8e ./Startup/startup_ch32v30x_D8C.o
                0x00000000000075fe                handle_reset
 .text.ADC_DeInit
                0x000000000000768c       0x40 ./Peripheral/src/ch32v30x_adc.o
                0x000000000000768c                ADC_DeInit
 .text.ADC_Init
                0x00000000000076cc       0x56 ./Peripheral/src/ch32v30x_adc.o
                0x00000000000076cc                ADC_Init
 .text.ADC_Cmd  0x0000000000007722       0x10 ./Peripheral/src/ch32v30x_adc.o
                0x0000000000007722                ADC_Cmd
 .text.ADC_DMACmd
                0x0000000000007732       0x12 ./Peripheral/src/ch32v30x_adc.o
                0x0000000000007732                ADC_DMACmd
 .text.ADC_ResetCalibration
                0x0000000000007744        0xa ./Peripheral/src/ch32v30x_adc.o
                0x0000000000007744                ADC_ResetCalibration
 .text.ADC_GetResetCalibrationStatus
                0x000000000000774e        0x8 ./Peripheral/src/ch32v30x_adc.o
                0x000000000000774e                ADC_GetResetCalibrationStatus
 .text.ADC_StartCalibration
                0x0000000000007756        0xa ./Peripheral/src/ch32v30x_adc.o
                0x0000000000007756                ADC_StartCalibration
 .text.ADC_GetCalibrationStatus
                0x0000000000007760        0x8 ./Peripheral/src/ch32v30x_adc.o
                0x0000000000007760                ADC_GetCalibrationStatus
 .text.ADC_SoftwareStartConvCmd
                0x0000000000007768       0x18 ./Peripheral/src/ch32v30x_adc.o
                0x0000000000007768                ADC_SoftwareStartConvCmd
 .text.ADC_RegularChannelConfig
                0x0000000000007780       0xb8 ./Peripheral/src/ch32v30x_adc.o
                0x0000000000007780                ADC_RegularChannelConfig
 .text.ADC_GetConversionValue
                0x0000000000007838        0x8 ./Peripheral/src/ch32v30x_adc.o
                0x0000000000007838                ADC_GetConversionValue
 .text.GPIO_Init
                0x0000000000007840       0xc0 ./Peripheral/src/ch32v30x_gpio.o
                0x0000000000007840                GPIO_Init
 .text.GPIO_ReadInputDataBit
                0x0000000000007900        0xa ./Peripheral/src/ch32v30x_gpio.o
                0x0000000000007900                GPIO_ReadInputDataBit
 .text.GPIO_SetBits
                0x000000000000790a        0x4 ./Peripheral/src/ch32v30x_gpio.o
                0x000000000000790a                GPIO_SetBits
 .text.GPIO_ResetBits
                0x000000000000790e        0x4 ./Peripheral/src/ch32v30x_gpio.o
                0x000000000000790e                GPIO_ResetBits
 .text.IWDG_ReloadCounter
                0x0000000000007912        0xe ./Peripheral/src/ch32v30x_iwdg.o
                0x0000000000007912                IWDG_ReloadCounter
 .text.NVIC_PriorityGroupConfig
                0x0000000000007920        0x6 ./Peripheral/src/ch32v30x_misc.o
                0x0000000000007920                NVIC_PriorityGroupConfig
 .text.NVIC_Init
                0x0000000000007926       0xa6 ./Peripheral/src/ch32v30x_misc.o
                0x0000000000007926                NVIC_Init
 .text.RCC_GetClocksFreq
                0x00000000000079cc      0x176 ./Peripheral/src/ch32v30x_rcc.o
                0x00000000000079cc                RCC_GetClocksFreq
 .text.RCC_APB2PeriphClockCmd
                0x0000000000007b42       0x1e ./Peripheral/src/ch32v30x_rcc.o
                0x0000000000007b42                RCC_APB2PeriphClockCmd
 .text.RCC_APB1PeriphClockCmd
                0x0000000000007b60       0x1e ./Peripheral/src/ch32v30x_rcc.o
                0x0000000000007b60                RCC_APB1PeriphClockCmd
 .text.RCC_APB2PeriphResetCmd
                0x0000000000007b7e       0x1e ./Peripheral/src/ch32v30x_rcc.o
                0x0000000000007b7e                RCC_APB2PeriphResetCmd
 .text.RCC_APB1PeriphResetCmd
                0x0000000000007b9c       0x1e ./Peripheral/src/ch32v30x_rcc.o
                0x0000000000007b9c                RCC_APB1PeriphResetCmd
 .text.SPI_Init
                0x0000000000007bba       0x3e ./Peripheral/src/ch32v30x_spi.o
                0x0000000000007bba                SPI_Init
 .text.SPI_Cmd  0x0000000000007bf8       0x1a ./Peripheral/src/ch32v30x_spi.o
                0x0000000000007bf8                SPI_Cmd
 .text.SPI_I2S_SendData
                0x0000000000007c12        0x4 ./Peripheral/src/ch32v30x_spi.o
                0x0000000000007c12                SPI_I2S_SendData
 .text.SPI_I2S_ReceiveData
                0x0000000000007c16        0x4 ./Peripheral/src/ch32v30x_spi.o
                0x0000000000007c16                SPI_I2S_ReceiveData
 .text.SPI_I2S_GetFlagStatus
                0x0000000000007c1a        0xa ./Peripheral/src/ch32v30x_spi.o
                0x0000000000007c1a                SPI_I2S_GetFlagStatus
 .text.TIM_DeInit
                0x0000000000007c24      0x100 ./Peripheral/src/ch32v30x_tim.o
                0x0000000000007c24                TIM_DeInit
 .text.TIM_TimeBaseInit
                0x0000000000007d24       0xaa ./Peripheral/src/ch32v30x_tim.o
                0x0000000000007d24                TIM_TimeBaseInit
 .text.TIM_Cmd  0x0000000000007dce       0x18 ./Peripheral/src/ch32v30x_tim.o
                0x0000000000007dce                TIM_Cmd
 .text.TIM_ITConfig
                0x0000000000007de6       0x12 ./Peripheral/src/ch32v30x_tim.o
                0x0000000000007de6                TIM_ITConfig
 .text.TIM_SetAutoreload
                0x0000000000007df8        0x4 ./Peripheral/src/ch32v30x_tim.o
                0x0000000000007df8                TIM_SetAutoreload
 .text.TIM_ClearFlag
                0x0000000000007dfc        0xc ./Peripheral/src/ch32v30x_tim.o
                0x0000000000007dfc                TIM_ClearFlag
 .text.TIM_GetITStatus
                0x0000000000007e08       0x18 ./Peripheral/src/ch32v30x_tim.o
                0x0000000000007e08                TIM_GetITStatus
 .text.TIM_ClearITPendingBit
                0x0000000000007e20        0xc ./Peripheral/src/ch32v30x_tim.o
                0x0000000000007e20                TIM_ClearITPendingBit
 .text.USART_Init
                0x0000000000007e2c       0xbc ./Peripheral/src/ch32v30x_usart.o
                0x0000000000007e2c                USART_Init
 .text.USART_Cmd
                0x0000000000007ee8       0x16 ./Peripheral/src/ch32v30x_usart.o
                0x0000000000007ee8                USART_Cmd
 .text.USART_ITConfig
                0x0000000000007efe       0x36 ./Peripheral/src/ch32v30x_usart.o
                0x0000000000007efe                USART_ITConfig
 .text.USART_SendData
                0x0000000000007f34        0x8 ./Peripheral/src/ch32v30x_usart.o
                0x0000000000007f34                USART_SendData
 .text.USART_ReceiveData
                0x0000000000007f3c        0x8 ./Peripheral/src/ch32v30x_usart.o
                0x0000000000007f3c                USART_ReceiveData
 .text.USART_GetFlagStatus
                0x0000000000007f44        0xa ./Peripheral/src/ch32v30x_usart.o
                0x0000000000007f44                USART_GetFlagStatus
 .text.USART_GetITStatus
                0x0000000000007f4e       0x3c ./Peripheral/src/ch32v30x_usart.o
                0x0000000000007f4e                USART_GetITStatus
 .text.USART_ClearITPendingBit
                0x0000000000007f8a       0x14 ./Peripheral/src/ch32v30x_usart.o
                0x0000000000007f8a                USART_ClearITPendingBit
 .text.WWDG_SetCounter
                0x0000000000007f9e        0xe ./Peripheral/src/ch32v30x_wwdg.o
                0x0000000000007f9e                WWDG_SetCounter
 .text.WWDG_ClearFlag
                0x0000000000007fac        0xa ./Peripheral/src/ch32v30x_wwdg.o
                0x0000000000007fac                WWDG_ClearFlag
 .text.ff_convert
                0x0000000000007fb6       0x50 ./FATFS/src/option/ccsbcs.o
                0x0000000000007fb6                ff_convert
 .text.ff_wtoupper
                0x0000000000008006       0x26 ./FATFS/src/option/ccsbcs.o
                0x0000000000008006                ff_wtoupper
 .text.disk_initialize
                0x000000000000802c       0x2c ./FATFS/src/diskio.o
                0x000000000000802c                disk_initialize
 .text.disk_status
                0x0000000000008058        0x4 ./FATFS/src/diskio.o
                0x0000000000008058                disk_status
 .text.disk_read
                0x000000000000805c       0x40 ./FATFS/src/diskio.o
                0x000000000000805c                disk_read
 .text.disk_write
                0x000000000000809c       0x2a ./FATFS/src/diskio.o
                0x000000000000809c                disk_write
 .text.disk_ioctl
                0x00000000000080c6       0x72 ./FATFS/src/diskio.o
                0x00000000000080c6                disk_ioctl
 .text.get_fattime
                0x0000000000008138        0x4 ./FATFS/src/diskio.o
                0x0000000000008138                get_fattime
 .text.mem_cpy  0x000000000000813c       0x18 ./FATFS/src/ff.o
 .text.sum_sfn  0x0000000000008154       0x22 ./FATFS/src/ff.o
 .text.get_fileinfo
                0x0000000000008176      0x13a ./FATFS/src/ff.o
 .text.move_window
                0x00000000000082b0       0x76 ./FATFS/src/ff.o
 .text.check_fs
                0x0000000000008326       0x72 ./FATFS/src/ff.o
 .text.chk_mounted
                0x0000000000008398      0x24a ./FATFS/src/ff.o
 .text.validate
                0x00000000000085e2       0x2c ./FATFS/src/ff.o
 .text.sync     0x000000000000860e       0x80 ./FATFS/src/ff.o
 .text.clust2sect
                0x000000000000868e       0x1a ./FATFS/src/ff.o
                0x000000000000868e                clust2sect
 .text.get_fat  0x00000000000086a8       0xe2 ./FATFS/src/ff.o
                0x00000000000086a8                get_fat
 .text.dir_sdi  0x000000000000878a       0x9a ./FATFS/src/ff.o
 .text.put_fat  0x0000000000008824      0x120 ./FATFS/src/ff.o
                0x0000000000008824                put_fat
 .text.create_chain
                0x0000000000008944       0xa6 ./FATFS/src/ff.o
 .text.dir_next
                0x00000000000089ea      0x108 ./FATFS/src/ff.o
 .text.dir_find.part.6
                0x0000000000008af2      0x152 ./FATFS/src/ff.o
 .text.follow_path
                0x0000000000008c44      0x2cc ./FATFS/src/ff.o
 .text.dir_read
                0x0000000000008f10      0x130 ./FATFS/src/ff.o
 .text.dir_remove
                0x0000000000009040       0x52 ./FATFS/src/ff.o
 .text.remove_chain
                0x0000000000009092       0x62 ./FATFS/src/ff.o
 .text.gen_numname
                0x00000000000090f4       0xb2 ./FATFS/src/ff.o
                0x00000000000090f4                gen_numname
 .text.dir_register
                0x00000000000091a6      0x1f8 ./FATFS/src/ff.o
 .text.f_mount  0x000000000000939e       0x20 ./FATFS/src/ff.o
                0x000000000000939e                f_mount
 .text.f_open   0x00000000000093be      0x168 ./FATFS/src/ff.o
                0x00000000000093be                f_open
 .text.f_read   0x0000000000009526      0x180 ./FATFS/src/ff.o
                0x0000000000009526                f_read
 .text.f_sync   0x00000000000096a6       0xac ./FATFS/src/ff.o
                0x00000000000096a6                f_sync
 .text.f_close  0x0000000000009752       0x14 ./FATFS/src/ff.o
                0x0000000000009752                f_close
 .text.f_opendir
                0x0000000000009766       0x6c ./FATFS/src/ff.o
                0x0000000000009766                f_opendir
 .text.f_readdir
                0x00000000000097d2       0x6a ./FATFS/src/ff.o
                0x00000000000097d2                f_readdir
 .text.f_unlink
                0x000000000000983c       0xac ./FATFS/src/ff.o
                0x000000000000983c                f_unlink
 .text.f_get    0x00000000000098e8       0x22 ./FATFS/src/ff.o
                0x00000000000098e8                f_get
 .text._sbrk    0x000000000000990a       0x2a ./Debug/debug.o
                0x000000000000990a                _sbrk
 .text.__get_MEPC
                0x0000000000009934        0x6 ./Core/core_riscv.o
                0x0000000000009934                __get_MEPC
 .text.__get_MCAUSE
                0x000000000000993a        0x6 ./Core/core_riscv.o
                0x000000000000993a                __get_MCAUSE
 .text.__get_MTVAL
                0x0000000000009940        0x6 ./Core/core_riscv.o
                0x0000000000009940                __get_MTVAL
 .text.SPI2_SetSpeed
                0x0000000000009946       0x42 ./BSP/MMC_SD.o
                0x0000000000009946                SPI2_SetSpeed
 .text.SPI2_ReadWriteByte
                0x0000000000009988       0x62 ./BSP/MMC_SD.o
                0x0000000000009988                SPI2_ReadWriteByte
 .text.SPI2_Init
                0x00000000000099ea       0x7e ./BSP/MMC_SD.o
                0x00000000000099ea                SPI2_Init
 .text.SD_SPI_ReadWriteByte
                0x0000000000009a68        0xc ./BSP/MMC_SD.o
                0x0000000000009a68                SD_SPI_ReadWriteByte
 .text.SD_SPI_SpeedLow
                0x0000000000009a74       0x10 ./BSP/MMC_SD.o
                0x0000000000009a74                SD_SPI_SpeedLow
 .text.SD_SPI_SpeedHigh
                0x0000000000009a84        0xe ./BSP/MMC_SD.o
                0x0000000000009a84                SD_SPI_SpeedHigh
 .text.SD_SPI_Init
                0x0000000000009a92       0x34 ./BSP/MMC_SD.o
                0x0000000000009a92                SD_SPI_Init
 .text.SD_DisSelect
                0x0000000000009ac6       0x1c ./BSP/MMC_SD.o
                0x0000000000009ac6                SD_DisSelect
 .text.SD_WaitReady
                0x0000000000009ae2       0x28 ./BSP/MMC_SD.o
                0x0000000000009ae2                SD_WaitReady
 .text.SD_Select
                0x0000000000009b0a       0x20 ./BSP/MMC_SD.o
                0x0000000000009b0a                SD_Select
 .text.SD_GetResponse
                0x0000000000009b2a       0x36 ./BSP/MMC_SD.o
                0x0000000000009b2a                SD_GetResponse
 .text.SD_RecvData
                0x0000000000009b60       0x46 ./BSP/MMC_SD.o
                0x0000000000009b60                SD_RecvData
 .text.SD_SendBlock
                0x0000000000009ba6       0x5e ./BSP/MMC_SD.o
                0x0000000000009ba6                SD_SendBlock
 .text.SD_SendCmd
                0x0000000000009c04       0x80 ./BSP/MMC_SD.o
                0x0000000000009c04                SD_SendCmd
 .text.SD_GetCSD
                0x0000000000009c84       0x2e ./BSP/MMC_SD.o
                0x0000000000009c84                SD_GetCSD
 .text.SD_GetSectorCount
                0x0000000000009cb2       0x6c ./BSP/MMC_SD.o
                0x0000000000009cb2                SD_GetSectorCount
 .text.SD_Initialize
                0x0000000000009d1e      0x1ac ./BSP/MMC_SD.o
                0x0000000000009d1e                SD_Initialize
 .text.SD_ReadDisk
                0x0000000000009eca       0x68 ./BSP/MMC_SD.o
                0x0000000000009eca                SD_ReadDisk
 .text.SD_WriteDisk
                0x0000000000009f32       0x92 ./BSP/MMC_SD.o
                0x0000000000009f32                SD_WriteDisk
 .text.Adc1_Init
                0x0000000000009fc4       0x9c ./BSP/bsp_adc.o
                0x0000000000009fc4                Adc1_Init
 .text.GPIO_ClockSet
                0x000000000000a060       0x4c ./BSP/bsp_pin.o
                0x000000000000a060                GPIO_ClockSet
 .text.GPIO_WriteBits
                0x000000000000a0ac        0xa ./BSP/bsp_pin.o
                0x000000000000a0ac                GPIO_WriteBits
 .text.GPIO_ModeBits
                0x000000000000a0b6       0x2a ./BSP/bsp_pin.o
                0x000000000000a0b6                GPIO_ModeBits
 .text.GPIO_OutputBits
                0x000000000000a0e0       0x28 ./BSP/bsp_pin.o
                0x000000000000a0e0                GPIO_OutputBits
 .text.GPIO_InputBits
                0x000000000000a108       0x2a ./BSP/bsp_pin.o
                0x000000000000a108                GPIO_InputBits
 .text.SysTick_Handler
                0x000000000000a132       0x38 ./BSP/bsp_sysclk.o
                0x000000000000a132                SysTick_Handler
 .text.SystemTick_Init
                0x000000000000a16a       0x42 ./BSP/bsp_sysclk.o
                0x000000000000a16a                SystemTick_Init
 .text.timer3_init
                0x000000000000a1ac       0x70 ./BSP/bsp_sysclk.o
                0x000000000000a1ac                timer3_init
 .text._write   0x000000000000a21c       0x3e ./BSP/bsp_usart.o
                0x000000000000a21c                _write
 .text.fgetc    0x000000000000a25a       0x24 ./BSP/bsp_usart.o
                0x000000000000a25a                fgetc
 .text.store_char
                0x000000000000a27e       0x26 ./BSP/bsp_usart.o
                0x000000000000a27e                store_char
 .text.USART2_IRQHandler
                0x000000000000a2a4       0x56 ./BSP/bsp_usart.o
                0x000000000000a2a4                USART2_IRQHandler
 .text._Z15USART2_IOConfigv
                0x000000000000a2fa       0x4a ./BSP/bsp_usart.o
                0x000000000000a2fa                USART2_IOConfig()
 .text._ZN12MarlinSerial5beginEm
                0x000000000000a344       0xa6 ./BSP/bsp_usart.o
                0x000000000000a344                MarlinSerial::begin(unsigned long)
 .text._ZN12MarlinSerial3endEv
                0x000000000000a3ea       0x34 ./BSP/bsp_usart.o
                0x000000000000a3ea                MarlinSerial::end()
 .text._ZN12MarlinSerial4readEv
                0x000000000000a41e       0x28 ./BSP/bsp_usart.o
                0x000000000000a41e                MarlinSerial::read()
 .text._ZN12MarlinSerial5flushEv
                0x000000000000a446       0x12 ./BSP/bsp_usart.o
                0x000000000000a446                MarlinSerial::flush()
 .text.WWDG_IRQHandler
                0x000000000000a458       0x2e ./BSP/bsp_watchdog.o
                0x000000000000a458                WWDG_IRQHandler
 .text.IWDG_Feed
                0x000000000000a486        0xc ./BSP/bsp_watchdog.o
                0x000000000000a486                IWDG_Feed
 .text.floor    0x000000000000a492      0x158 e:/mrs/mounriver_studio/toolchain/risc-v embedded gcc/bin/../lib/gcc/riscv-none-embed/8.2.0/../../../../riscv-none-embed/lib/rv32imacxw/ilp32\libm.a(lib_a-s_floor.o)
                0x000000000000a492                floor
 .text.ceilf    0x000000000000a5ea       0xd4 e:/mrs/mounriver_studio/toolchain/risc-v embedded gcc/bin/../lib/gcc/riscv-none-embed/8.2.0/../../../../riscv-none-embed/lib/rv32imacxw/ilp32\libm.a(lib_a-sf_ceil.o)
                0x000000000000a5ea                ceilf
 .text.cosf     0x000000000000a6be       0x84 e:/mrs/mounriver_studio/toolchain/risc-v embedded gcc/bin/../lib/gcc/riscv-none-embed/8.2.0/../../../../riscv-none-embed/lib/rv32imacxw/ilp32\libm.a(lib_a-sf_cos.o)
                0x000000000000a6be                cosf
 .text.floorf   0x000000000000a742       0xcc e:/mrs/mounriver_studio/toolchain/risc-v embedded gcc/bin/../lib/gcc/riscv-none-embed/8.2.0/../../../../riscv-none-embed/lib/rv32imacxw/ilp32\libm.a(lib_a-sf_floor.o)
                0x000000000000a742                floorf
 .text.sinf     0x000000000000a80e       0x86 e:/mrs/mounriver_studio/toolchain/risc-v embedded gcc/bin/../lib/gcc/riscv-none-embed/8.2.0/../../../../riscv-none-embed/lib/rv32imacxw/ilp32\libm.a(lib_a-sf_sin.o)
                0x000000000000a80e                sinf
 .text.hypot    0x000000000000a894       0xcc e:/mrs/mounriver_studio/toolchain/risc-v embedded gcc/bin/../lib/gcc/riscv-none-embed/8.2.0/../../../../riscv-none-embed/lib/rv32imacxw/ilp32\libm.a(lib_a-w_hypot.o)
                0x000000000000a894                hypot
 .text.sqrt     0x000000000000a960       0xb8 e:/mrs/mounriver_studio/toolchain/risc-v embedded gcc/bin/../lib/gcc/riscv-none-embed/8.2.0/../../../../riscv-none-embed/lib/rv32imacxw/ilp32\libm.a(lib_a-w_sqrt.o)
                0x000000000000a960                sqrt
 .text.atan2f   0x000000000000aa18        0x2 e:/mrs/mounriver_studio/toolchain/risc-v embedded gcc/bin/../lib/gcc/riscv-none-embed/8.2.0/../../../../riscv-none-embed/lib/rv32imacxw/ilp32\libm.a(lib_a-wf_atan2.o)
                0x000000000000aa18                atan2f
 .text.sqrtf    0x000000000000aa1a       0xba e:/mrs/mounriver_studio/toolchain/risc-v embedded gcc/bin/../lib/gcc/riscv-none-embed/8.2.0/../../../../riscv-none-embed/lib/rv32imacxw/ilp32\libm.a(lib_a-wf_sqrt.o)
                0x000000000000aa1a                sqrtf
 .text.__ieee754_hypot
                0x000000000000aad4      0x240 e:/mrs/mounriver_studio/toolchain/risc-v embedded gcc/bin/../lib/gcc/riscv-none-embed/8.2.0/../../../../riscv-none-embed/lib/rv32imacxw/ilp32\libm.a(lib_a-e_hypot.o)
                0x000000000000aad4                __ieee754_hypot
 .text.__ieee754_sqrt
                0x000000000000ad14      0x1d6 e:/mrs/mounriver_studio/toolchain/risc-v embedded gcc/bin/../lib/gcc/riscv-none-embed/8.2.0/../../../../riscv-none-embed/lib/rv32imacxw/ilp32\libm.a(lib_a-e_sqrt.o)
                0x000000000000ad14                __ieee754_sqrt
 .text.__ieee754_atan2f
                0x000000000000aeea      0x198 e:/mrs/mounriver_studio/toolchain/risc-v embedded gcc/bin/../lib/gcc/riscv-none-embed/8.2.0/../../../../riscv-none-embed/lib/rv32imacxw/ilp32\libm.a(lib_a-ef_atan2.o)
                0x000000000000aeea                __ieee754_atan2f
 .text.__ieee754_rem_pio2f
                0x000000000000b082      0x354 e:/mrs/mounriver_studio/toolchain/risc-v embedded gcc/bin/../lib/gcc/riscv-none-embed/8.2.0/../../../../riscv-none-embed/lib/rv32imacxw/ilp32\libm.a(lib_a-ef_rem_pio2.o)
                0x000000000000b082                __ieee754_rem_pio2f
 .text.__ieee754_sqrtf
                0x000000000000b3d6       0xdc e:/mrs/mounriver_studio/toolchain/risc-v embedded gcc/bin/../lib/gcc/riscv-none-embed/8.2.0/../../../../riscv-none-embed/lib/rv32imacxw/ilp32\libm.a(lib_a-ef_sqrt.o)
                0x000000000000b3d6                __ieee754_sqrtf
 .text.__kernel_cosf
                0x000000000000b4b2      0x20e e:/mrs/mounriver_studio/toolchain/risc-v embedded gcc/bin/../lib/gcc/riscv-none-embed/8.2.0/../../../../riscv-none-embed/lib/rv32imacxw/ilp32\libm.a(lib_a-kf_cos.o)
                0x000000000000b4b2                __kernel_cosf
 .text.__kernel_rem_pio2f
                0x000000000000b6c0      0x7e4 e:/mrs/mounriver_studio/toolchain/risc-v embedded gcc/bin/../lib/gcc/riscv-none-embed/8.2.0/../../../../riscv-none-embed/lib/rv32imacxw/ilp32\libm.a(lib_a-kf_rem_pio2.o)
                0x000000000000b6c0                __kernel_rem_pio2f
 .text.__kernel_sinf
                0x000000000000bea4      0x12c e:/mrs/mounriver_studio/toolchain/risc-v embedded gcc/bin/../lib/gcc/riscv-none-embed/8.2.0/../../../../riscv-none-embed/lib/rv32imacxw/ilp32\libm.a(lib_a-kf_sin.o)
                0x000000000000bea4                __kernel_sinf
 .text.finite   0x000000000000bfd0        0xe e:/mrs/mounriver_studio/toolchain/risc-v embedded gcc/bin/../lib/gcc/riscv-none-embed/8.2.0/../../../../riscv-none-embed/lib/rv32imacxw/ilp32\libm.a(lib_a-s_finite.o)
                0x000000000000bfd0                finite
 .text.matherr  0x000000000000bfde        0x4 e:/mrs/mounriver_studio/toolchain/risc-v embedded gcc/bin/../lib/gcc/riscv-none-embed/8.2.0/../../../../riscv-none-embed/lib/rv32imacxw/ilp32\libm.a(lib_a-s_matherr.o)
                0x000000000000bfde                matherr
 .text.atanf    0x000000000000bfe2      0x288 e:/mrs/mounriver_studio/toolchain/risc-v embedded gcc/bin/../lib/gcc/riscv-none-embed/8.2.0/../../../../riscv-none-embed/lib/rv32imacxw/ilp32\libm.a(lib_a-sf_atan.o)
                0x000000000000bfe2                atanf
 .text.fabsf    0x000000000000c26a        0x6 e:/mrs/mounriver_studio/toolchain/risc-v embedded gcc/bin/../lib/gcc/riscv-none-embed/8.2.0/../../../../riscv-none-embed/lib/rv32imacxw/ilp32\libm.a(lib_a-sf_fabs.o)
                0x000000000000c26a                fabsf
 .text.scalbnf  0x000000000000c270       0xe0 e:/mrs/mounriver_studio/toolchain/risc-v embedded gcc/bin/../lib/gcc/riscv-none-embed/8.2.0/../../../../riscv-none-embed/lib/rv32imacxw/ilp32\libm.a(lib_a-sf_scalbn.o)
                0x000000000000c270                scalbnf
 .text.copysignf
                0x000000000000c350       0x10 e:/mrs/mounriver_studio/toolchain/risc-v embedded gcc/bin/../lib/gcc/riscv-none-embed/8.2.0/../../../../riscv-none-embed/lib/rv32imacxw/ilp32\libm.a(lib_a-sf_copysign.o)
                0x000000000000c350                copysignf
 .text.__adddf3
                0x000000000000c360      0x730 e:/mrs/mounriver_studio/toolchain/risc-v embedded gcc/bin/../lib/gcc/riscv-none-embed/8.2.0/rv32imacxw/ilp32\libgcc.a(adddf3.o)
                0x000000000000c360                __adddf3
 .text.__divdf3
                0x000000000000ca90      0x5b4 e:/mrs/mounriver_studio/toolchain/risc-v embedded gcc/bin/../lib/gcc/riscv-none-embed/8.2.0/rv32imacxw/ilp32\libgcc.a(divdf3.o)
                0x000000000000ca90                __divdf3
 .text.__gedf2  0x000000000000d044       0xae e:/mrs/mounriver_studio/toolchain/risc-v embedded gcc/bin/../lib/gcc/riscv-none-embed/8.2.0/rv32imacxw/ilp32\libgcc.a(gedf2.o)
                0x000000000000d044                __gedf2
                0x000000000000d044                __gtdf2
 .text.__ledf2  0x000000000000d0f2       0xb6 e:/mrs/mounriver_studio/toolchain/risc-v embedded gcc/bin/../lib/gcc/riscv-none-embed/8.2.0/rv32imacxw/ilp32\libgcc.a(ledf2.o)
                0x000000000000d0f2                __ledf2
                0x000000000000d0f2                __ltdf2
 .text.__muldf3
                0x000000000000d1a8      0x4b8 e:/mrs/mounriver_studio/toolchain/risc-v embedded gcc/bin/../lib/gcc/riscv-none-embed/8.2.0/rv32imacxw/ilp32\libgcc.a(muldf3.o)
                0x000000000000d1a8                __muldf3
 .text.__subdf3
                0x000000000000d660      0x73e e:/mrs/mounriver_studio/toolchain/risc-v embedded gcc/bin/../lib/gcc/riscv-none-embed/8.2.0/rv32imacxw/ilp32\libgcc.a(subdf3.o)
                0x000000000000d660                __subdf3
 .text.__unorddf2
                0x000000000000dd9e       0x3c e:/mrs/mounriver_studio/toolchain/risc-v embedded gcc/bin/../lib/gcc/riscv-none-embed/8.2.0/rv32imacxw/ilp32\libgcc.a(unorddf2.o)
                0x000000000000dd9e                __unorddf2
 .text.__fixdfsi
                0x000000000000ddda       0x68 e:/mrs/mounriver_studio/toolchain/risc-v embedded gcc/bin/../lib/gcc/riscv-none-embed/8.2.0/rv32imacxw/ilp32\libgcc.a(fixdfsi.o)
                0x000000000000ddda                __fixdfsi
 .text.__fixunsdfsi
                0x000000000000de42       0x5c e:/mrs/mounriver_studio/toolchain/risc-v embedded gcc/bin/../lib/gcc/riscv-none-embed/8.2.0/rv32imacxw/ilp32\libgcc.a(fixunsdfsi.o)
                0x000000000000de42                __fixunsdfsi
 .text.__floatsidf
                0x000000000000de9e       0x72 e:/mrs/mounriver_studio/toolchain/risc-v embedded gcc/bin/../lib/gcc/riscv-none-embed/8.2.0/rv32imacxw/ilp32\libgcc.a(floatsidf.o)
                0x000000000000de9e                __floatsidf
 .text.__addsf3
                0x000000000000df10      0x36a e:/mrs/mounriver_studio/toolchain/risc-v embedded gcc/bin/../lib/gcc/riscv-none-embed/8.2.0/rv32imacxw/ilp32\libgcc.a(addsf3.o)
                0x000000000000df10                __addsf3
 .text.__divsf3
                0x000000000000e27a      0x2b2 e:/mrs/mounriver_studio/toolchain/risc-v embedded gcc/bin/../lib/gcc/riscv-none-embed/8.2.0/rv32imacxw/ilp32\libgcc.a(divsf3.o)
                0x000000000000e27a                __divsf3
 .text.__eqsf2  0x000000000000e52c       0x5c e:/mrs/mounriver_studio/toolchain/risc-v embedded gcc/bin/../lib/gcc/riscv-none-embed/8.2.0/rv32imacxw/ilp32\libgcc.a(eqsf2.o)
                0x000000000000e52c                __eqsf2
                0x000000000000e52c                __nesf2
 .text.__gesf2  0x000000000000e588       0x86 e:/mrs/mounriver_studio/toolchain/risc-v embedded gcc/bin/../lib/gcc/riscv-none-embed/8.2.0/rv32imacxw/ilp32\libgcc.a(gesf2.o)
                0x000000000000e588                __gesf2
                0x000000000000e588                __gtsf2
 .text.__lesf2  0x000000000000e60e       0x8c e:/mrs/mounriver_studio/toolchain/risc-v embedded gcc/bin/../lib/gcc/riscv-none-embed/8.2.0/rv32imacxw/ilp32\libgcc.a(lesf2.o)
                0x000000000000e60e                __ltsf2
                0x000000000000e60e                __lesf2
 .text.__mulsf3
                0x000000000000e69a      0x294 e:/mrs/mounriver_studio/toolchain/risc-v embedded gcc/bin/../lib/gcc/riscv-none-embed/8.2.0/rv32imacxw/ilp32\libgcc.a(mulsf3.o)
                0x000000000000e69a                __mulsf3
 .text.__subsf3
                0x000000000000e92e      0x388 e:/mrs/mounriver_studio/toolchain/risc-v embedded gcc/bin/../lib/gcc/riscv-none-embed/8.2.0/rv32imacxw/ilp32\libgcc.a(subsf3.o)
                0x000000000000e92e                __subsf3
 .text.__unordsf2
                0x000000000000ecb6       0x3c e:/mrs/mounriver_studio/toolchain/risc-v embedded gcc/bin/../lib/gcc/riscv-none-embed/8.2.0/rv32imacxw/ilp32\libgcc.a(unordsf2.o)
                0x000000000000ecb6                __unordsf2
 .text.__fixsfsi
                0x000000000000ecf2       0x62 e:/mrs/mounriver_studio/toolchain/risc-v embedded gcc/bin/../lib/gcc/riscv-none-embed/8.2.0/rv32imacxw/ilp32\libgcc.a(fixsfsi.o)
                0x000000000000ecf2                __fixsfsi
 .text.__fixunssfsi
                0x000000000000ed54       0x56 e:/mrs/mounriver_studio/toolchain/risc-v embedded gcc/bin/../lib/gcc/riscv-none-embed/8.2.0/rv32imacxw/ilp32\libgcc.a(fixunssfsi.o)
                0x000000000000ed54                __fixunssfsi
 .text.__floatsisf
                0x000000000000edaa       0xc6 e:/mrs/mounriver_studio/toolchain/risc-v embedded gcc/bin/../lib/gcc/riscv-none-embed/8.2.0/rv32imacxw/ilp32\libgcc.a(floatsisf.o)
                0x000000000000edaa                __floatsisf
 .text.__floatunsisf
                0x000000000000ee70       0xce e:/mrs/mounriver_studio/toolchain/risc-v embedded gcc/bin/../lib/gcc/riscv-none-embed/8.2.0/rv32imacxw/ilp32\libgcc.a(floatunsisf.o)
                0x000000000000ee70                __floatunsisf
 .text.__extendsfdf2
                0x000000000000ef3e       0xac e:/mrs/mounriver_studio/toolchain/risc-v embedded gcc/bin/../lib/gcc/riscv-none-embed/8.2.0/rv32imacxw/ilp32\libgcc.a(extendsfdf2.o)
                0x000000000000ef3e                __extendsfdf2
 .text.__truncdfsf2
                0x000000000000efea      0x16a e:/mrs/mounriver_studio/toolchain/risc-v embedded gcc/bin/../lib/gcc/riscv-none-embed/8.2.0/rv32imacxw/ilp32\libgcc.a(truncdfsf2.o)
                0x000000000000efea                __truncdfsf2
 .text.__clzsi2
                0x000000000000f154       0x6e e:/mrs/mounriver_studio/toolchain/risc-v embedded gcc/bin/../lib/gcc/riscv-none-embed/8.2.0/rv32imacxw/ilp32\libgcc.a(_clzsi2.o)
                0x000000000000f154                __clzsi2
 .text.__errno  0x000000000000f1c2        0x8 e:/mrs/mounriver_studio/toolchain/risc-v embedded gcc/bin/../lib/gcc/riscv-none-embed/8.2.0/../../../../riscv-none-embed/lib/rv32imacxw/ilp32\libg_nano.a(lib_a-errno.o)
                0x000000000000f1c2                __errno
 .text.memcpy   0x000000000000f1ca       0xb2 e:/mrs/mounriver_studio/toolchain/risc-v embedded gcc/bin/../lib/gcc/riscv-none-embed/8.2.0/../../../../riscv-none-embed/lib/rv32imacxw/ilp32\libg_nano.a(lib_a-memcpy.o)
                0x000000000000f1ca                memcpy
 .text.printf   0x000000000000f27c       0x42 e:/mrs/mounriver_studio/toolchain/risc-v embedded gcc/bin/../lib/gcc/riscv-none-embed/8.2.0/../../../../riscv-none-embed/lib/rv32imacxw/ilp32\libg_nano.a(lib_a-printf.o)
                0x000000000000f27c                iprintf
                0x000000000000f27c                printf
 .text.putchar  0x000000000000f2be       0x2c e:/mrs/mounriver_studio/toolchain/risc-v embedded gcc/bin/../lib/gcc/riscv-none-embed/8.2.0/../../../../riscv-none-embed/lib/rv32imacxw/ilp32\libg_nano.a(lib_a-putchar.o)
                0x000000000000f2be                putchar
 .text._puts_r  0x000000000000f2ea       0xde e:/mrs/mounriver_studio/toolchain/risc-v embedded gcc/bin/../lib/gcc/riscv-none-embed/8.2.0/../../../../riscv-none-embed/lib/rv32imacxw/ilp32\libg_nano.a(lib_a-puts.o)
                0x000000000000f2ea                _puts_r
 .text.puts     0x000000000000f3c8        0xc e:/mrs/mounriver_studio/toolchain/risc-v embedded gcc/bin/../lib/gcc/riscv-none-embed/8.2.0/../../../../riscv-none-embed/lib/rv32imacxw/ilp32\libg_nano.a(lib_a-puts.o)
                0x000000000000f3c8                puts
 .text.sprintf  0x000000000000f3d4       0x46 e:/mrs/mounriver_studio/toolchain/risc-v embedded gcc/bin/../lib/gcc/riscv-none-embed/8.2.0/../../../../riscv-none-embed/lib/rv32imacxw/ilp32\libg_nano.a(lib_a-sprintf.o)
                0x000000000000f3d4                siprintf
                0x000000000000f3d4                sprintf
 .text.strcat   0x000000000000f41a       0x1e e:/mrs/mounriver_studio/toolchain/risc-v embedded gcc/bin/../lib/gcc/riscv-none-embed/8.2.0/../../../../riscv-none-embed/lib/rv32imacxw/ilp32\libg_nano.a(lib_a-strcat.o)
                0x000000000000f41a                strcat
 .text.strchr   0x000000000000f438       0x18 e:/mrs/mounriver_studio/toolchain/risc-v embedded gcc/bin/../lib/gcc/riscv-none-embed/8.2.0/../../../../riscv-none-embed/lib/rv32imacxw/ilp32\libg_nano.a(lib_a-strchr.o)
                0x000000000000f438                strchr
 .text.strcpy   0x000000000000f450       0x10 e:/mrs/mounriver_studio/toolchain/risc-v embedded gcc/bin/../lib/gcc/riscv-none-embed/8.2.0/../../../../riscv-none-embed/lib/rv32imacxw/ilp32\libg_nano.a(lib_a-strcpy.o)
                0x000000000000f450                strcpy
 .text.strlen   0x000000000000f460       0x12 e:/mrs/mounriver_studio/toolchain/risc-v embedded gcc/bin/../lib/gcc/riscv-none-embed/8.2.0/../../../../riscv-none-embed/lib/rv32imacxw/ilp32\libg_nano.a(lib_a-strlen.o)
                0x000000000000f460                strlen
 .text.strstr   0x000000000000f472       0x34 e:/mrs/mounriver_studio/toolchain/risc-v embedded gcc/bin/../lib/gcc/riscv-none-embed/8.2.0/../../../../riscv-none-embed/lib/rv32imacxw/ilp32\libg_nano.a(lib_a-strstr.o)
                0x000000000000f472                strstr
 .text.sulp     0x000000000000f4a6       0x4e e:/mrs/mounriver_studio/toolchain/risc-v embedded gcc/bin/../lib/gcc/riscv-none-embed/8.2.0/../../../../riscv-none-embed/lib/rv32imacxw/ilp32\libg_nano.a(lib_a-strtod.o)
 .text._strtod_l
                0x000000000000f4f4      0xc6c e:/mrs/mounriver_studio/toolchain/risc-v embedded gcc/bin/../lib/gcc/riscv-none-embed/8.2.0/../../../../riscv-none-embed/lib/rv32imacxw/ilp32\libg_nano.a(lib_a-strtod.o)
                0x000000000000f4f4                _strtod_l
 .text.strtod   0x0000000000010160       0x1c e:/mrs/mounriver_studio/toolchain/risc-v embedded gcc/bin/../lib/gcc/riscv-none-embed/8.2.0/../../../../riscv-none-embed/lib/rv32imacxw/ilp32\libg_nano.a(lib_a-strtod.o)
                0x0000000000010160                strtod
 .text._strtol_l.isra.0
                0x000000000001017c      0x13a e:/mrs/mounriver_studio/toolchain/risc-v embedded gcc/bin/../lib/gcc/riscv-none-embed/8.2.0/../../../../riscv-none-embed/lib/rv32imacxw/ilp32\libg_nano.a(lib_a-strtol.o)
 .text.strtol   0x00000000000102b6       0x1e e:/mrs/mounriver_studio/toolchain/risc-v embedded gcc/bin/../lib/gcc/riscv-none-embed/8.2.0/../../../../riscv-none-embed/lib/rv32imacxw/ilp32\libg_nano.a(lib_a-strtol.o)
                0x00000000000102b6                strtol
 .text.kill     0x00000000000102d4        0xe e:/mrs/mounriver_studio/toolchain/risc-v embedded gcc/bin/../lib/gcc/riscv-none-embed/8.2.0/../../../../riscv-none-embed/lib/rv32imacxw/ilp32\libg_nano.a(lib_a-syskill.o)
                0x00000000000102d4                kill
 .text.__swbuf_r
                0x00000000000102e2       0xbc e:/mrs/mounriver_studio/toolchain/risc-v embedded gcc/bin/../lib/gcc/riscv-none-embed/8.2.0/../../../../riscv-none-embed/lib/rv32imacxw/ilp32\libg_nano.a(lib_a-wbuf.o)
                0x00000000000102e2                __swbuf_r
 .text.__swsetup_r
                0x000000000001039e      0x100 e:/mrs/mounriver_studio/toolchain/risc-v embedded gcc/bin/../lib/gcc/riscv-none-embed/8.2.0/../../../../riscv-none-embed/lib/rv32imacxw/ilp32\libg_nano.a(lib_a-wsetup.o)
                0x000000000001039e                __swsetup_r
 .text.__sflush_r
                0x000000000001049e      0x132 e:/mrs/mounriver_studio/toolchain/risc-v embedded gcc/bin/../lib/gcc/riscv-none-embed/8.2.0/../../../../riscv-none-embed/lib/rv32imacxw/ilp32\libg_nano.a(lib_a-fflush.o)
                0x000000000001049e                __sflush_r
 .text._fflush_r
                0x00000000000105d0       0x66 e:/mrs/mounriver_studio/toolchain/risc-v embedded gcc/bin/../lib/gcc/riscv-none-embed/8.2.0/../../../../riscv-none-embed/lib/rv32imacxw/ilp32\libg_nano.a(lib_a-fflush.o)
                0x00000000000105d0                _fflush_r
 .text.std      0x0000000000010636       0x66 e:/mrs/mounriver_studio/toolchain/risc-v embedded gcc/bin/../lib/gcc/riscv-none-embed/8.2.0/../../../../riscv-none-embed/lib/rv32imacxw/ilp32\libg_nano.a(lib_a-findfp.o)
 .text._cleanup_r
                0x000000000001069c        0xa e:/mrs/mounriver_studio/toolchain/risc-v embedded gcc/bin/../lib/gcc/riscv-none-embed/8.2.0/../../../../riscv-none-embed/lib/rv32imacxw/ilp32\libg_nano.a(lib_a-findfp.o)
                0x000000000001069c                _cleanup_r
 .text.__sfmoreglue
                0x00000000000106a6       0x48 e:/mrs/mounriver_studio/toolchain/risc-v embedded gcc/bin/../lib/gcc/riscv-none-embed/8.2.0/../../../../riscv-none-embed/lib/rv32imacxw/ilp32\libg_nano.a(lib_a-findfp.o)
                0x00000000000106a6                __sfmoreglue
 .text.__sinit  0x00000000000106ee       0x6c e:/mrs/mounriver_studio/toolchain/risc-v embedded gcc/bin/../lib/gcc/riscv-none-embed/8.2.0/../../../../riscv-none-embed/lib/rv32imacxw/ilp32\libg_nano.a(lib_a-findfp.o)
                0x00000000000106ee                __sinit
 .text.__sfp    0x000000000001075a       0xa0 e:/mrs/mounriver_studio/toolchain/risc-v embedded gcc/bin/../lib/gcc/riscv-none-embed/8.2.0/../../../../riscv-none-embed/lib/rv32imacxw/ilp32\libg_nano.a(lib_a-findfp.o)
                0x000000000001075a                __sfp
 .text._fwalk_reent
                0x00000000000107fa       0x6a e:/mrs/mounriver_studio/toolchain/risc-v embedded gcc/bin/../lib/gcc/riscv-none-embed/8.2.0/../../../../riscv-none-embed/lib/rv32imacxw/ilp32\libg_nano.a(lib_a-fwalk.o)
                0x00000000000107fa                _fwalk_reent
 .text.rshift   0x0000000000010864       0x76 e:/mrs/mounriver_studio/toolchain/risc-v embedded gcc/bin/../lib/gcc/riscv-none-embed/8.2.0/../../../../riscv-none-embed/lib/rv32imacxw/ilp32\libg_nano.a(lib_a-gdtoa-gethex.o)
 .text.__hexdig_fun
                0x00000000000108da       0x40 e:/mrs/mounriver_studio/toolchain/risc-v embedded gcc/bin/../lib/gcc/riscv-none-embed/8.2.0/../../../../riscv-none-embed/lib/rv32imacxw/ilp32\libg_nano.a(lib_a-gdtoa-gethex.o)
                0x00000000000108da                __hexdig_fun
 .text.__gethex
                0x000000000001091a      0x4cc e:/mrs/mounriver_studio/toolchain/risc-v embedded gcc/bin/../lib/gcc/riscv-none-embed/8.2.0/../../../../riscv-none-embed/lib/rv32imacxw/ilp32\libg_nano.a(lib_a-gdtoa-gethex.o)
                0x000000000001091a                __gethex
 .text.L_shift  0x0000000000010de6       0x2c e:/mrs/mounriver_studio/toolchain/risc-v embedded gcc/bin/../lib/gcc/riscv-none-embed/8.2.0/../../../../riscv-none-embed/lib/rv32imacxw/ilp32\libg_nano.a(lib_a-gdtoa-hexnan.o)
 .text.__match  0x0000000000010e12       0x2e e:/mrs/mounriver_studio/toolchain/risc-v embedded gcc/bin/../lib/gcc/riscv-none-embed/8.2.0/../../../../riscv-none-embed/lib/rv32imacxw/ilp32\libg_nano.a(lib_a-gdtoa-hexnan.o)
                0x0000000000010e12                __match
 .text.__hexnan
                0x0000000000010e40      0x15e e:/mrs/mounriver_studio/toolchain/risc-v embedded gcc/bin/../lib/gcc/riscv-none-embed/8.2.0/../../../../riscv-none-embed/lib/rv32imacxw/ilp32\libg_nano.a(lib_a-gdtoa-hexnan.o)
                0x0000000000010e40                __hexnan
 .text.__locale_ctype_ptr_l
                0x0000000000010f9e        0x6 e:/mrs/mounriver_studio/toolchain/risc-v embedded gcc/bin/../lib/gcc/riscv-none-embed/8.2.0/../../../../riscv-none-embed/lib/rv32imacxw/ilp32\libg_nano.a(lib_a-locale.o)
                0x0000000000010f9e                __locale_ctype_ptr_l
 .text.__localeconv_l
                0x0000000000010fa4        0x6 e:/mrs/mounriver_studio/toolchain/risc-v embedded gcc/bin/../lib/gcc/riscv-none-embed/8.2.0/../../../../riscv-none-embed/lib/rv32imacxw/ilp32\libg_nano.a(lib_a-localeconv.o)
                0x0000000000010fa4                __localeconv_l
 .text.__swhatbuf_r
                0x0000000000010faa       0x58 e:/mrs/mounriver_studio/toolchain/risc-v embedded gcc/bin/../lib/gcc/riscv-none-embed/8.2.0/../../../../riscv-none-embed/lib/rv32imacxw/ilp32\libg_nano.a(lib_a-makebuf.o)
                0x0000000000010faa                __swhatbuf_r
 .text.__smakebuf_r
                0x0000000000011002       0x94 e:/mrs/mounriver_studio/toolchain/risc-v embedded gcc/bin/../lib/gcc/riscv-none-embed/8.2.0/../../../../riscv-none-embed/lib/rv32imacxw/ilp32\libg_nano.a(lib_a-makebuf.o)
                0x0000000000011002                __smakebuf_r
 .text.__ascii_mbtowc
                0x0000000000011096       0x32 e:/mrs/mounriver_studio/toolchain/risc-v embedded gcc/bin/../lib/gcc/riscv-none-embed/8.2.0/../../../../riscv-none-embed/lib/rv32imacxw/ilp32\libg_nano.a(lib_a-mbtowc_r.o)
                0x0000000000011096                __ascii_mbtowc
 .text._Balloc  0x00000000000110c8       0x8c e:/mrs/mounriver_studio/toolchain/risc-v embedded gcc/bin/../lib/gcc/riscv-none-embed/8.2.0/../../../../riscv-none-embed/lib/rv32imacxw/ilp32\libg_nano.a(lib_a-mprec.o)
                0x00000000000110c8                _Balloc
 .text._Bfree   0x0000000000011154       0x44 e:/mrs/mounriver_studio/toolchain/risc-v embedded gcc/bin/../lib/gcc/riscv-none-embed/8.2.0/../../../../riscv-none-embed/lib/rv32imacxw/ilp32\libg_nano.a(lib_a-mprec.o)
                0x0000000000011154                _Bfree
 .text.__multadd
                0x0000000000011198       0x98 e:/mrs/mounriver_studio/toolchain/risc-v embedded gcc/bin/../lib/gcc/riscv-none-embed/8.2.0/../../../../riscv-none-embed/lib/rv32imacxw/ilp32\libg_nano.a(lib_a-mprec.o)
                0x0000000000011198                __multadd
 .text.__s2b    0x0000000000011230       0xa4 e:/mrs/mounriver_studio/toolchain/risc-v embedded gcc/bin/../lib/gcc/riscv-none-embed/8.2.0/../../../../riscv-none-embed/lib/rv32imacxw/ilp32\libg_nano.a(lib_a-mprec.o)
                0x0000000000011230                __s2b
 .text.__hi0bits
                0x00000000000112d4       0x46 e:/mrs/mounriver_studio/toolchain/risc-v embedded gcc/bin/../lib/gcc/riscv-none-embed/8.2.0/../../../../riscv-none-embed/lib/rv32imacxw/ilp32\libg_nano.a(lib_a-mprec.o)
                0x00000000000112d4                __hi0bits
 .text.__lo0bits
                0x000000000001131a       0x6a e:/mrs/mounriver_studio/toolchain/risc-v embedded gcc/bin/../lib/gcc/riscv-none-embed/8.2.0/../../../../riscv-none-embed/lib/rv32imacxw/ilp32\libg_nano.a(lib_a-mprec.o)
                0x000000000001131a                __lo0bits
 .text.__i2b    0x0000000000011384       0x1c e:/mrs/mounriver_studio/toolchain/risc-v embedded gcc/bin/../lib/gcc/riscv-none-embed/8.2.0/../../../../riscv-none-embed/lib/rv32imacxw/ilp32\libg_nano.a(lib_a-mprec.o)
                0x0000000000011384                __i2b
 .text.__multiply
                0x00000000000113a0      0x144 e:/mrs/mounriver_studio/toolchain/risc-v embedded gcc/bin/../lib/gcc/riscv-none-embed/8.2.0/../../../../riscv-none-embed/lib/rv32imacxw/ilp32\libg_nano.a(lib_a-mprec.o)
                0x00000000000113a0                __multiply
 .text.__pow5mult
                0x00000000000114e4       0xbe e:/mrs/mounriver_studio/toolchain/risc-v embedded gcc/bin/../lib/gcc/riscv-none-embed/8.2.0/../../../../riscv-none-embed/lib/rv32imacxw/ilp32\libg_nano.a(lib_a-mprec.o)
                0x00000000000114e4                __pow5mult
 .text.__lshift
                0x00000000000115a2       0xce e:/mrs/mounriver_studio/toolchain/risc-v embedded gcc/bin/../lib/gcc/riscv-none-embed/8.2.0/../../../../riscv-none-embed/lib/rv32imacxw/ilp32\libg_nano.a(lib_a-mprec.o)
                0x00000000000115a2                __lshift
 .text.__mcmp   0x0000000000011670       0x32 e:/mrs/mounriver_studio/toolchain/risc-v embedded gcc/bin/../lib/gcc/riscv-none-embed/8.2.0/../../../../riscv-none-embed/lib/rv32imacxw/ilp32\libg_nano.a(lib_a-mprec.o)
                0x0000000000011670                __mcmp
 .text.__mdiff  0x00000000000116a2       0xf2 e:/mrs/mounriver_studio/toolchain/risc-v embedded gcc/bin/../lib/gcc/riscv-none-embed/8.2.0/../../../../riscv-none-embed/lib/rv32imacxw/ilp32\libg_nano.a(lib_a-mprec.o)
                0x00000000000116a2                __mdiff
 .text.__ulp    0x0000000000011794       0x46 e:/mrs/mounriver_studio/toolchain/risc-v embedded gcc/bin/../lib/gcc/riscv-none-embed/8.2.0/../../../../riscv-none-embed/lib/rv32imacxw/ilp32\libg_nano.a(lib_a-mprec.o)
                0x0000000000011794                __ulp
 .text.__b2d    0x00000000000117da       0xb4 e:/mrs/mounriver_studio/toolchain/risc-v embedded gcc/bin/../lib/gcc/riscv-none-embed/8.2.0/../../../../riscv-none-embed/lib/rv32imacxw/ilp32\libg_nano.a(lib_a-mprec.o)
                0x00000000000117da                __b2d
 .text.__d2b    0x000000000001188e       0xd4 e:/mrs/mounriver_studio/toolchain/risc-v embedded gcc/bin/../lib/gcc/riscv-none-embed/8.2.0/../../../../riscv-none-embed/lib/rv32imacxw/ilp32\libg_nano.a(lib_a-mprec.o)
                0x000000000001188e                __d2b
 .text.__ratio  0x0000000000011962       0x74 e:/mrs/mounriver_studio/toolchain/risc-v embedded gcc/bin/../lib/gcc/riscv-none-embed/8.2.0/../../../../riscv-none-embed/lib/rv32imacxw/ilp32\libg_nano.a(lib_a-mprec.o)
                0x0000000000011962                __ratio
 .text.__copybits
                0x00000000000119d6       0x36 e:/mrs/mounriver_studio/toolchain/risc-v embedded gcc/bin/../lib/gcc/riscv-none-embed/8.2.0/../../../../riscv-none-embed/lib/rv32imacxw/ilp32\libg_nano.a(lib_a-mprec.o)
                0x00000000000119d6                __copybits
 .text.__any_on
                0x0000000000011a0c       0x46 e:/mrs/mounriver_studio/toolchain/risc-v embedded gcc/bin/../lib/gcc/riscv-none-embed/8.2.0/../../../../riscv-none-embed/lib/rv32imacxw/ilp32\libg_nano.a(lib_a-mprec.o)
                0x0000000000011a0c                __any_on
 .text._calloc_r
                0x0000000000011a52       0x26 e:/mrs/mounriver_studio/toolchain/risc-v embedded gcc/bin/../lib/gcc/riscv-none-embed/8.2.0/../../../../riscv-none-embed/lib/rv32imacxw/ilp32\libg_nano.a(lib_a-nano-callocr.o)
                0x0000000000011a52                _calloc_r
 .text._free_r  0x0000000000011a78       0xa8 e:/mrs/mounriver_studio/toolchain/risc-v embedded gcc/bin/../lib/gcc/riscv-none-embed/8.2.0/../../../../riscv-none-embed/lib/rv32imacxw/ilp32\libg_nano.a(lib_a-nano-freer.o)
                0x0000000000011a78                _free_r
 .text._malloc_r
                0x0000000000011b20       0xda e:/mrs/mounriver_studio/toolchain/risc-v embedded gcc/bin/../lib/gcc/riscv-none-embed/8.2.0/../../../../riscv-none-embed/lib/rv32imacxw/ilp32\libg_nano.a(lib_a-nano-mallocr.o)
                0x0000000000011b20                _malloc_r
 .text.__ssputs_r
                0x0000000000011bfa       0xe4 e:/mrs/mounriver_studio/toolchain/risc-v embedded gcc/bin/../lib/gcc/riscv-none-embed/8.2.0/../../../../riscv-none-embed/lib/rv32imacxw/ilp32\libg_nano.a(lib_a-nano-svfprintf.o)
                0x0000000000011bfa                __ssputs_r
 .text._svfprintf_r
                0x0000000000011cde      0x26a e:/mrs/mounriver_studio/toolchain/risc-v embedded gcc/bin/../lib/gcc/riscv-none-embed/8.2.0/../../../../riscv-none-embed/lib/rv32imacxw/ilp32\libg_nano.a(lib_a-nano-svfprintf.o)
                0x0000000000011cde                _svfiprintf_r
                0x0000000000011cde                _svfprintf_r
 .text.__sfputc_r
                0x0000000000011f48       0x28 e:/mrs/mounriver_studio/toolchain/risc-v embedded gcc/bin/../lib/gcc/riscv-none-embed/8.2.0/../../../../riscv-none-embed/lib/rv32imacxw/ilp32\libg_nano.a(lib_a-nano-vfprintf.o)
 .text.__sfputs_r
                0x0000000000011f70       0x42 e:/mrs/mounriver_studio/toolchain/risc-v embedded gcc/bin/../lib/gcc/riscv-none-embed/8.2.0/../../../../riscv-none-embed/lib/rv32imacxw/ilp32\libg_nano.a(lib_a-nano-vfprintf.o)
                0x0000000000011f70                __sfputs_r
 .text._vfprintf_r
                0x0000000000011fb2      0x28a e:/mrs/mounriver_studio/toolchain/risc-v embedded gcc/bin/../lib/gcc/riscv-none-embed/8.2.0/../../../../riscv-none-embed/lib/rv32imacxw/ilp32\libg_nano.a(lib_a-nano-vfprintf.o)
                0x0000000000011fb2                _vfprintf_r
                0x0000000000011fb2                _vfiprintf_r
 .text._printf_common
                0x000000000001223c      0x10c e:/mrs/mounriver_studio/toolchain/risc-v embedded gcc/bin/../lib/gcc/riscv-none-embed/8.2.0/../../../../riscv-none-embed/lib/rv32imacxw/ilp32\libg_nano.a(lib_a-nano-vfprintf_i.o)
                0x000000000001223c                _printf_common
 .text._printf_i
                0x0000000000012348      0x2a2 e:/mrs/mounriver_studio/toolchain/risc-v embedded gcc/bin/../lib/gcc/riscv-none-embed/8.2.0/../../../../riscv-none-embed/lib/rv32imacxw/ilp32\libg_nano.a(lib_a-nano-vfprintf_i.o)
                0x0000000000012348                _printf_i
 .text._putc_r  0x00000000000125ea       0x84 e:/mrs/mounriver_studio/toolchain/risc-v embedded gcc/bin/../lib/gcc/riscv-none-embed/8.2.0/../../../../riscv-none-embed/lib/rv32imacxw/ilp32\libg_nano.a(lib_a-putc.o)
                0x00000000000125ea                _putc_r
 .text._sbrk_r  0x000000000001266e       0x32 e:/mrs/mounriver_studio/toolchain/risc-v embedded gcc/bin/../lib/gcc/riscv-none-embed/8.2.0/../../../../riscv-none-embed/lib/rv32imacxw/ilp32\libg_nano.a(lib_a-sbrkr.o)
                0x000000000001266e                _sbrk_r
 .text._kill_r  0x00000000000126a0       0x32 e:/mrs/mounriver_studio/toolchain/risc-v embedded gcc/bin/../lib/gcc/riscv-none-embed/8.2.0/../../../../riscv-none-embed/lib/rv32imacxw/ilp32\libg_nano.a(lib_a-signalr.o)
                0x00000000000126a0                _kill_r
 .text.__sread  0x00000000000126d2       0x2c e:/mrs/mounriver_studio/toolchain/risc-v embedded gcc/bin/../lib/gcc/riscv-none-embed/8.2.0/../../../../riscv-none-embed/lib/rv32imacxw/ilp32\libg_nano.a(lib_a-stdio.o)
                0x00000000000126d2                __sread
 .text.__swrite
                0x00000000000126fe       0x48 e:/mrs/mounriver_studio/toolchain/risc-v embedded gcc/bin/../lib/gcc/riscv-none-embed/8.2.0/../../../../riscv-none-embed/lib/rv32imacxw/ilp32\libg_nano.a(lib_a-stdio.o)
                0x00000000000126fe                __swrite
 .text.__sseek  0x0000000000012746       0x30 e:/mrs/mounriver_studio/toolchain/risc-v embedded gcc/bin/../lib/gcc/riscv-none-embed/8.2.0/../../../../riscv-none-embed/lib/rv32imacxw/ilp32\libg_nano.a(lib_a-stdio.o)
                0x0000000000012746                __sseek
 .text.__sclose
                0x0000000000012776        0x6 e:/mrs/mounriver_studio/toolchain/risc-v embedded gcc/bin/../lib/gcc/riscv-none-embed/8.2.0/../../../../riscv-none-embed/lib/rv32imacxw/ilp32\libg_nano.a(lib_a-stdio.o)
                0x0000000000012776                __sclose
 .text.strncmp  0x000000000001277c       0x28 e:/mrs/mounriver_studio/toolchain/risc-v embedded gcc/bin/../lib/gcc/riscv-none-embed/8.2.0/../../../../riscv-none-embed/lib/rv32imacxw/ilp32\libg_nano.a(lib_a-strncmp.o)
                0x000000000001277c                strncmp
 .text.__ascii_wctomb
                0x00000000000127a4       0x1e e:/mrs/mounriver_studio/toolchain/risc-v embedded gcc/bin/../lib/gcc/riscv-none-embed/8.2.0/../../../../riscv-none-embed/lib/rv32imacxw/ilp32\libg_nano.a(lib_a-wctomb_r.o)
                0x00000000000127a4                __ascii_wctomb
 .text._write_r
                0x00000000000127c2       0x36 e:/mrs/mounriver_studio/toolchain/risc-v embedded gcc/bin/../lib/gcc/riscv-none-embed/8.2.0/../../../../riscv-none-embed/lib/rv32imacxw/ilp32\libg_nano.a(lib_a-writer.o)
                0x00000000000127c2                _write_r
 .text._close_r
                0x00000000000127f8       0x30 e:/mrs/mounriver_studio/toolchain/risc-v embedded gcc/bin/../lib/gcc/riscv-none-embed/8.2.0/../../../../riscv-none-embed/lib/rv32imacxw/ilp32\libg_nano.a(lib_a-closer.o)
                0x00000000000127f8                _close_r
 .text._fstat_r
                0x0000000000012828       0x32 e:/mrs/mounriver_studio/toolchain/risc-v embedded gcc/bin/../lib/gcc/riscv-none-embed/8.2.0/../../../../riscv-none-embed/lib/rv32imacxw/ilp32\libg_nano.a(lib_a-fstatr.o)
                0x0000000000012828                _fstat_r
 .text._isatty_r
                0x000000000001285a       0x30 e:/mrs/mounriver_studio/toolchain/risc-v embedded gcc/bin/../lib/gcc/riscv-none-embed/8.2.0/../../../../riscv-none-embed/lib/rv32imacxw/ilp32\libg_nano.a(lib_a-isattyr.o)
                0x000000000001285a                _isatty_r
 .text._lseek_r
                0x000000000001288a       0x34 e:/mrs/mounriver_studio/toolchain/risc-v embedded gcc/bin/../lib/gcc/riscv-none-embed/8.2.0/../../../../riscv-none-embed/lib/rv32imacxw/ilp32\libg_nano.a(lib_a-lseekr.o)
                0x000000000001288a                _lseek_r
 .text.malloc   0x00000000000128be        0xc e:/mrs/mounriver_studio/toolchain/risc-v embedded gcc/bin/../lib/gcc/riscv-none-embed/8.2.0/../../../../riscv-none-embed/lib/rv32imacxw/ilp32\libg_nano.a(lib_a-malloc.o)
                0x00000000000128be                malloc
 .text.memchr   0x00000000000128ca       0x18 e:/mrs/mounriver_studio/toolchain/risc-v embedded gcc/bin/../lib/gcc/riscv-none-embed/8.2.0/../../../../riscv-none-embed/lib/rv32imacxw/ilp32\libg_nano.a(lib_a-memchr.o)
                0x00000000000128ca                memchr
 .text.memmove  0x00000000000128e2       0x46 e:/mrs/mounriver_studio/toolchain/risc-v embedded gcc/bin/../lib/gcc/riscv-none-embed/8.2.0/../../../../riscv-none-embed/lib/rv32imacxw/ilp32\libg_nano.a(lib_a-memmove.o)
                0x00000000000128e2                memmove
 .text.__malloc_lock
                0x0000000000012928        0x2 e:/mrs/mounriver_studio/toolchain/risc-v embedded gcc/bin/../lib/gcc/riscv-none-embed/8.2.0/../../../../riscv-none-embed/lib/rv32imacxw/ilp32\libg_nano.a(lib_a-mlock.o)
                0x0000000000012928                __malloc_lock
 .text.__malloc_unlock