Archive member included to satisfy reference by file (symbol)

e:/mrs/mounriver_studio/toolchain/risc-v embedded gcc/bin/../lib/gcc/riscv-none-embed/8.2.0/../../../../riscv-none-embed/lib/rv32imacxw/ilp32\libprintfloat.a(printfloat.o)
                              ./marlin/Marlin_main.o (putchar)
e:/mrs/mounriver_studio/toolchain/risc-v embedded gcc/bin/../lib/gcc/riscv-none-embed/8.2.0/../../../../riscv-none-embed/lib/rv32imacxw/ilp32\libm.a(lib_a-s_floor.o)
                              ./marlin/planner.o (floor)
e:/mrs/mounriver_studio/toolchain/risc-v embedded gcc/bin/../lib/gcc/riscv-none-embed/8.2.0/../../../../riscv-none-embed/lib/rv32imacxw/ilp32\libm.a(lib_a-sf_ceil.o)
                              ./marlin/planner.o (ceilf)
e:/mrs/mounriver_studio/toolchain/risc-v embedded gcc/bin/../lib/gcc/riscv-none-embed/8.2.0/../../../../riscv-none-embed/lib/rv32imacxw/ilp32\libm.a(lib_a-sf_cos.o)
                              ./marlin/motion_control.o (cosf)
e:/mrs/mounriver_studio/toolchain/risc-v embedded gcc/bin/../lib/gcc/riscv-none-embed/8.2.0/../../../../riscv-none-embed/lib/rv32imacxw/ilp32\libm.a(lib_a-sf_floor.o)
                              ./marlin/motion_control.o (floorf)
e:/mrs/mounriver_studio/toolchain/risc-v embedded gcc/bin/../lib/gcc/riscv-none-embed/8.2.0/../../../../riscv-none-embed/lib/rv32imacxw/ilp32\libm.a(lib_a-sf_sin.o)
                              ./marlin/motion_control.o (sinf)
e:/mrs/mounriver_studio/toolchain/risc-v embedded gcc/bin/../lib/gcc/riscv-none-embed/8.2.0/../../../../riscv-none-embed/lib/rv32imacxw/ilp32\libm.a(lib_a-w_hypot.o)
                              ./marlin/Marlin_main.o (hypot)
e:/mrs/mounriver_studio/toolchain/risc-v embedded gcc/bin/../lib/gcc/riscv-none-embed/8.2.0/../../../../riscv-none-embed/lib/rv32imacxw/ilp32\libm.a(lib_a-w_sqrt.o)
                              ./marlin/planner.o (sqrt)
e:/mrs/mounriver_studio/toolchain/risc-v embedded gcc/bin/../lib/gcc/riscv-none-embed/8.2.0/../../../../riscv-none-embed/lib/rv32imacxw/ilp32\libm.a(lib_a-wf_atan2.o)
                              ./marlin/motion_control.o (atan2f)
e:/mrs/mounriver_studio/toolchain/risc-v embedded gcc/bin/../lib/gcc/riscv-none-embed/8.2.0/../../../../riscv-none-embed/lib/rv32imacxw/ilp32\libm.a(lib_a-wf_sqrt.o)
                              ./marlin/planner.o (sqrtf)
e:/mrs/mounriver_studio/toolchain/risc-v embedded gcc/bin/../lib/gcc/riscv-none-embed/8.2.0/../../../../riscv-none-embed/lib/rv32imacxw/ilp32\libm.a(lib_a-e_hypot.o)
                              e:/mrs/mounriver_studio/toolchain/risc-v embedded gcc/bin/../lib/gcc/riscv-none-embed/8.2.0/../../../../riscv-none-embed/lib/rv32imacxw/ilp32\libm.a(lib_a-w_hypot.o) (__ieee754_hypot)
e:/mrs/mounriver_studio/toolchain/risc-v embedded gcc/bin/../lib/gcc/riscv-none-embed/8.2.0/../../../../riscv-none-embed/lib/rv32imacxw/ilp32\libm.a(lib_a-e_sqrt.o)
                              e:/mrs/mounriver_studio/toolchain/risc-v embedded gcc/bin/../lib/gcc/riscv-none-embed/8.2.0/../../../../riscv-none-embed/lib/rv32imacxw/ilp32\libm.a(lib_a-w_sqrt.o) (__ieee754_sqrt)
e:/mrs/mounriver_studio/toolchain/risc-v embedded gcc/bin/../lib/gcc/riscv-none-embed/8.2.0/../../../../riscv-none-embed/lib/rv32imacxw/ilp32\libm.a(lib_a-ef_atan2.o)
                              e:/mrs/mounriver_studio/toolchain/risc-v embedded gcc/bin/../lib/gcc/riscv-none-embed/8.2.0/../../../../riscv-none-embed/lib/rv32imacxw/ilp32\libm.a(lib_a-wf_atan2.o) (__ieee754_atan2f)
e:/mrs/mounriver_studio/toolchain/risc-v embedded gcc/bin/../lib/gcc/riscv-none-embed/8.2.0/../../../../riscv-none-embed/lib/rv32imacxw/ilp32\libm.a(lib_a-ef_rem_pio2.o)
                              e:/mrs/mounriver_studio/toolchain/risc-v embedded gcc/bin/../lib/gcc/riscv-none-embed/8.2.0/../../../../riscv-none-embed/lib/rv32imacxw/ilp32\libm.a(lib_a-sf_cos.o) (__ieee754_rem_pio2f)
e:/mrs/mounriver_studio/toolchain/risc-v embedded gcc/bin/../lib/gcc/riscv-none-embed/8.2.0/../../../../riscv-none-embed/lib/rv32imacxw/ilp32\libm.a(lib_a-ef_sqrt.o)
                              e:/mrs/mounriver_studio/toolchain/risc-v embedded gcc/bin/../lib/gcc/riscv-none-embed/8.2.0/../../../../riscv-none-embed/lib/rv32imacxw/ilp32\libm.a(lib_a-wf_sqrt.o) (__ieee754_sqrtf)
e:/mrs/mounriver_studio/toolchain/risc-v embedded gcc/bin/../lib/gcc/riscv-none-embed/8.2.0/../../../../riscv-none-embed/lib/rv32imacxw/ilp32\libm.a(lib_a-kf_cos.o)
                              e:/mrs/mounriver_studio/toolchain/risc-v embedded gcc/bin/../lib/gcc/riscv-none-embed/8.2.0/../../../../riscv-none-embed/lib/rv32imacxw/ilp32\libm.a(lib_a-sf_cos.o) (__kernel_cosf)
e:/mrs/mounriver_studio/toolchain/risc-v embedded gcc/bin/../lib/gcc/riscv-none-embed/8.2.0/../../../../riscv-none-embed/lib/rv32imacxw/ilp32\libm.a(lib_a-kf_rem_pio2.o)
[...]
Memory Configuration

Name             Origin             Length             Attributes
FLASH            0x0000000000000000 0x0000000000040000 xr
RAM              0x0000000020000000 0x0000000000010000 xrw
*default*        0x0000000000000000 0xffffffffffffffff

Linker script and memory map

LOAD ./marlin/ConfigurationStore.o
LOAD ./marlin/Marlin_main.o
LOAD ./marlin/SerialLcd.o
LOAD ./marlin/Servo.o
LOAD ./marlin/cardreader.o
LOAD ./marlin/motion_control.o
LOAD ./marlin/planner.o
LOAD ./marlin/stepper.o
LOAD ./marlin/temperature.o
LOAD ./marlin/ultralcd.o
LOAD ./User/ch32v30x_it.o
LOAD ./User/main.o
LOAD ./User/system_ch32v30x.o
LOAD ./Startup/startup_ch32v30x_D8C.o
LOAD ./Peripheral/src/ch32v30x_adc.o
LOAD ./Peripheral/src/ch32v30x_bkp.o
LOAD ./Peripheral/src/ch32v30x_can.o
LOAD ./Peripheral/src/ch32v30x_crc.o
LOAD ./Peripheral/src/ch32v30x_dac.o
LOAD ./Peripheral/src/ch32v30x_dbgmcu.o
LOAD ./Peripheral/src/ch32v30x_dma.o
LOAD ./Peripheral/src/ch32v30x_dvp.o
LOAD ./Peripheral/src/ch32v30x_eth.o
LOAD ./Peripheral/src/ch32v30x_exti.o
LOAD ./Peripheral/src/ch32v30x_flash.o
LOAD ./Peripheral/src/ch32v30x_fsmc.o
LOAD ./Peripheral/src/ch32v30x_gpio.o
LOAD ./Peripheral/src/ch32v30x_i2c.o
LOAD ./Peripheral/src/ch32v30x_iwdg.o
LOAD ./Peripheral/src/ch32v30x_misc.o
LOAD ./Peripheral/src/ch32v30x_opa.o
LOAD ./Peripheral/src/ch32v30x_pwr.o
LOAD ./Peripheral/src/ch32v30x_rcc.o
LOAD ./Peripheral/src/ch32v30x_rng.o
LOAD ./Peripheral/src/ch32v30x_rtc.o
LOAD ./Peripheral/src/ch32v30x_sdio.o
LOAD ./Peripheral/src/ch32v30x_spi.o
LOAD ./Peripheral/src/ch32v30x_tim.o
LOAD ./Peripheral/src/ch32v30x_usart.o
LOAD ./Peripheral/src/ch32v30x_wwdg.o
LOAD ./FATFS/src/option/ccsbcs.o
LOAD ./FATFS/src/option/syscall.o
LOAD ./FATFS/src/diskio.o
LOAD ./FATFS/src/ff.o
LOAD ./Debug/debug.o
LOAD ./Core/core_riscv.o
LOAD ./BSP/MMC_SD.o
LOAD ./BSP/bsp_adc.o
LOAD ./BSP/bsp_flash.o
LOAD ./BSP/bsp_pin.o
LOAD ./BSP/bsp_sysclk.o
LOAD ./BSP/bsp_usart.o
LOAD ./BSP/bsp_watchdog.o
LOAD e:/mrs/mounriver_studio/toolchain/risc-v embedded gcc/bin/../lib/gcc/riscv-none-embed/8.2.0/../../../../riscv-none-embed/lib/rv32imacxw/ilp32\libprintfloat.a
LOAD e:/mrs/mounriver_studio/toolchain/risc-v embedded gcc/bin/../lib/gcc/riscv-none-embed/8.2.0/../../../../riscv-none-embed/lib/rv32imacxw/ilp32\libstdc++_nano.a
LOAD e:/mrs/mounriver_studio/toolchain/risc-v embedded gcc/bin/../lib/gcc/riscv-none-embed/8.2.0/../../../../riscv-none-embed/lib/rv32imacxw/ilp32\libm.a
LOAD e:/mrs/mounriver_studio/toolchain/risc-v embedded gcc/bin/../lib/gcc/riscv-none-embed/8.2.0/rv32imacxw/ilp32\libgcc.a
LOAD e:/mrs/mounriver_studio/toolchain/risc-v embedded gcc/bin/../lib/gcc/riscv-none-embed/8.2.0/../../../../riscv-none-embed/lib/rv32imacxw/ilp32\libg_nano.a
LOAD e:/mrs/mounriver_studio/toolchain/risc-v embedded gcc/bin/../lib/gcc/riscv-none-embed/8.2.0/../../../../riscv-none-embed/lib/rv32imacxw/ilp32\libc_nano.a
LOAD e:/mrs/mounriver_studio/toolchain/risc-v embedded gcc/bin/../lib/gcc/riscv-none-embed/8.2.0/rv32imacxw/ilp32\libgcc.a
START GROUP
LOAD e:/mrs/mounriver_studio/toolchain/risc-v embedded gcc/bin/../lib/gcc/riscv-none-embed/8.2.0/rv32imacxw/ilp32\libgcc.a
LOAD e:/mrs/mounriver_studio/toolchain/risc-v embedded gcc/bin/../lib/gcc/riscv-none-embed/8.2.0/../../../../riscv-none-embed/lib/rv32imacxw/ilp32\libc_nano.a
LOAD e:/mrs/mounriver_studio/toolchain/risc-v embedded gcc/bin/../lib/gcc/riscv-none-embed/8.2.0/../../../../riscv-none-embed/lib/rv32imacxw/ilp32\libnosys.a
END GROUP
START GROUP
LOAD e:/mrs/mounriver_studio/toolchain/risc-v embedded gcc/bin/../lib/gcc/riscv-none-embed/8.2.0/rv32imacxw/ilp32\libgcc.a
LOAD e:/mrs/mounriver_studio/toolchain/risc-v embedded gcc/bin/../lib/gcc/riscv-none-embed/8.2.0/../../../../riscv-none-embed/lib/rv32imacxw/ilp32\libc_nano.a
LOAD e:/mrs/mounriver_studio/toolchain/risc-v embedded gcc/bin/../lib/gcc/riscv-none-embed/8.2.0/../../../../riscv-none-embed/lib/rv32imacxw/ilp32\libnosys.a
END GROUP
                0x0000000000000800                __stack_size = 0x800
                [!provide]                        PROVIDE (_stack_size = __stack_size)

.init           0x0000000000000000       0x38
                0x0000000000000000                _sinit = .
                0x0000000000000000                . = ALIGN (0x4)
 *(SORT_NONE(.init))
 .init          0x0000000000000000       0x38 ./Startup/startup_ch32v30x_D8C.o
                0x0000000000000000                _start
                0x0000000000000038                . = ALIGN (0x4)
                0x0000000000000038                _einit = .

.vector         0x0000000000000038      0x1c8
 *(.vector)
 .vector        0x0000000000000038      0x1a0 ./Startup/startup_ch32v30x_D8C.o
                0x0000000000000200                . = ALIGN (0x40)
 *fill*         0x00000000000001d8       0x28 

.text           0x0000000000000200    0x11fd0
                0x0000000000000200                . = ALIGN (0x4)
 *(.text)
 .text          0x0000000000000200       0x60 e:/mrs/mounriver_studio/toolchain/risc-v embedded gcc/bin/../lib/gcc/riscv-none-embed/8.2.0/rv32imacxw/ilp32\libgcc.a(save-restore.o)
                0x0000000000000200                __riscv_save_12
                0x0000000000000208                __riscv_save_9
                0x0000000000000208                __riscv_save_11
                0x0000000000000208                __riscv_save_10
                0x0000000000000208                __riscv_save_8
                0x0000000000000216                __riscv_save_4
                0x0000000000000216                __riscv_save_6
                0x0000000000000216                __riscv_save_5
                0x0000000000000216                __riscv_save_7
                0x0000000000000230                __riscv_save_3
                0x0000000000000230                __riscv_save_2
                0x0000000000000230                __riscv_save_1
                0x0000000000000230                __riscv_save_0
                0x000000000000023c                __riscv_restore_12
                0x0000000000000240                __riscv_restore_11
                0x0000000000000240                __riscv_restore_9
                0x0000000000000240                __riscv_restore_10
                0x0000000000000240                __riscv_restore_8
                0x000000000000024a                __riscv_restore_5
                0x000000000000024a                __riscv_restore_7
                0x000000000000024a                __riscv_restore_6
                0x000000000000024a                __riscv_restore_4
                0x0000000000000254                __riscv_restore_3
                0x0000000000000254                __riscv_restore_0
                0x0000000000000254                __riscv_restore_2
                0x0000000000000254                __riscv_restore_1
 .text          0x0000000000000260       0xa8 e:/mrs/mounriver_studio/toolchain/risc-v embedded gcc/bin/../lib/gcc/riscv-none-embed/8.2.0/../../../../riscv-none-embed/lib/rv32imacxw/ilp32\libg_nano.a(lib_a-memset.o)
                0x0000000000000260                memset
 *(.text.*)
 .text._Z18EE24C02_Write_Byteth
                0x0000000000000308       0x12 ./marlin/ConfigurationStore.o
                0x0000000000000308                EE24C02_Write_Byte(unsigned short, unsigned char)
 .text._Z20EE24C02_Write_Bytes1tPht
                0x000000000000031a       0x3e ./marlin/ConfigurationStore.o
                0x000000000000031a                EE24C02_Write_Bytes1(unsigned short, unsigned char*, unsigned short)
 .text._Z17EE24C02_Read_Byteh
                0x0000000000000358       0x18 ./marlin/ConfigurationStore.o
                0x0000000000000358                EE24C02_Read_Byte(unsigned char)
 .text._Z19EE24C02_Read_Bytes1tPhh
                0x0000000000000370       0x36 ./marlin/ConfigurationStore.o
                0x0000000000000370                EE24C02_Read_Bytes1(unsigned short, unsigned char*, unsigned char)
 .text._Z17_EEPROM_writeDataRiPhh
                0x00000000000003a6       0x54 ./marlin/ConfigurationStore.o
                0x00000000000003a6                _EEPROM_writeData(int&, unsigned char*, unsigned char)
 .text._Z16_EEPROM_readDataRiPhh
                0x00000000000003fa       0x2c ./marlin/ConfigurationStore.o
                0x00000000000003fa                _EEPROM_readData(int&, unsigned char*, unsigned char)
 .text._Z19Config_ResetDefaultv
                0x0000000000000426      0x134 ./marlin/ConfigurationStore.o
                0x0000000000000426                Config_ResetDefault()
 .text._ZL8homeaxisi.part.0
                0x000000000000055a      0x210 ./marlin/Marlin_main.o
 .text._Z17serial_echopair_PPKcf
                0x000000000000076a       0x2c ./marlin/Marlin_main.o
                0x000000000000076a                serial_echopair_P(char const*, float)
 .text._Z17serial_echopair_PPKcd
                0x0000000000000796       0x2e ./marlin/Marlin_main.o
                0x0000000000000796                serial_echopair_P(char const*, double)
 .text._Z17serial_echopair_PPKcm
                0x00000000000007c4       0x24 ./marlin/Marlin_main.o
                0x00000000000007c4                serial_echopair_P(char const*, unsigned long)
 .text._Z12enquecommandPKc
                0x00000000000007e8       0x78 ./marlin/Marlin_main.o
                0x00000000000007e8                enquecommand(char const*)
 .text._Z14enquecommand_PPKc
                0x0000000000000860        0x8 ./marlin/Marlin_main.o
                0x0000000000000860                enquecommand_P(char const*)
 .text._Z7suicidev
                0x0000000000000868       0x28 ./marlin/Marlin_main.o
                0x0000000000000868                suicide()
 .text._Z5setupv
                0x0000000000000890      0x10e ./marlin/Marlin_main.o
                0x0000000000000890                setup()
 .text._Z21get_explaination_dataPcc
                0x000000000000099e       0x86 ./marlin/Marlin_main.o
                0x000000000000099e                get_explaination_data(char*, char)
 .text._Z16get_explainationPc
                0x0000000000000a24       0x9a ./marlin/Marlin_main.o
                0x0000000000000a24                get_explaination(char*)
 .text._Z10code_valuev
                0x0000000000000abe       0x32 ./marlin/Marlin_main.o
                0x0000000000000abe                code_value()
 .text._Z15code_value_longv
                0x0000000000000af0       0x30 ./marlin/Marlin_main.o
                0x0000000000000af0                code_value_long()
 .text._Z9code_seenc
                0x0000000000000b20       0x28 ./marlin/Marlin_main.o
                0x0000000000000b20                code_seen(char)
 .text._Z7an_seenc
                0x0000000000000b48        0xa ./marlin/Marlin_main.o
                0x0000000000000b48                an_seen(char)
 .text._Z16All_Axis_Go_Homev
                0x0000000000000b52      0x156 ./marlin/Marlin_main.o
                0x0000000000000b52                All_Axis_Go_Home()
 .text._Z24FlushSerialRequestResendv
                0x0000000000000ca8       0x2e ./marlin/Marlin_main.o
                0x0000000000000ca8                FlushSerialRequestResend()
 .text._Z11get_commandv
                0x0000000000000cd6      0x4b0 ./marlin/Marlin_main.o
                0x0000000000000cd6                get_command()
 .text._Z11ClearToSendv
                0x0000000000001186       0x38 ./marlin/Marlin_main.o
                0x0000000000001186                ClearToSend()
 .text._Z15get_coordinatesv
                0x00000000000011be       0x84 ./marlin/Marlin_main.o
                0x00000000000011be                get_coordinates()
 .text._Z19get_arc_coordinatesv
                0x0000000000001242       0x3e ./marlin/Marlin_main.o
                0x0000000000001242                get_arc_coordinates()
 .text._Z26clamp_to_software_endstopsPf
                0x0000000000001280       0x86 ./marlin/Marlin_main.o
                0x0000000000001280                clamp_to_software_endstops(float*)
 .text._Z12prepare_movev
                0x0000000000001306       0xb0 ./marlin/Marlin_main.o
                0x0000000000001306                prepare_move()
 .text._Z16prepare_arc_movec
                0x00000000000013b6       0x9e ./marlin/Marlin_main.o
                0x00000000000013b6                prepare_arc_move(char)
 .text._Z4killv
                0x0000000000001454       0x68 ./marlin/Marlin_main.o
                0x0000000000001454                kill()
 .text._Z17manage_inactivityv
                0x00000000000014bc       0x7c ./marlin/Marlin_main.o
                0x00000000000014bc                manage_inactivity()
 .text._Z4Stopv
                0x0000000000001538       0x38 ./marlin/Marlin_main.o
                0x0000000000001538                Stop()
 .text._Z9IsStoppedv
                0x0000000000001570        0x6 ./marlin/Marlin_main.o
                0x0000000000001570                IsStopped()
 .text._Z17setTargetedHotendi
                0x0000000000001576       0xa2 ./marlin/Marlin_main.o
                0x0000000000001576                setTargetedHotend(int)
 .text._Z16process_commandsv
                0x0000000000001618      0xf9a ./marlin/Marlin_main.o
                0x0000000000001618                process_commands()
 .text.startup.main
                0x00000000000025b2       0x6a ./marlin/Marlin_main.o
                0x00000000000025b2                main
 .text.startup._GLOBAL__sub_I_card
                0x000000000000261c        0xe ./marlin/Marlin_main.o
 .text.UART4_IRQHandler
                0x000000000000262a       0x7c ./marlin/SerialLcd.o
                0x000000000000262a                UART4_IRQHandler
 .text._ZN10CardReaderC2Ev
                0x00000000000026a6       0x44 ./marlin/cardreader.o
                0x00000000000026a6                CardReader::CardReader()
                0x00000000000026a6                CardReader::CardReader()
 .text._ZN10CardReader6lsDiveEPc
                0x00000000000026ea       0xf6 ./marlin/cardreader.o
                0x00000000000026ea                CardReader::lsDive(char*)
 .text._ZN10CardReader7OpenDirEP3DIRPc
                0x00000000000027e0       0x2c ./marlin/cardreader.o
                0x00000000000027e0                CardReader::OpenDir(DIR*, char*)
 .text._ZN10CardReader7ReadDirEP3DIRP7FILINFO
                0x000000000000280c       0x20 ./marlin/cardreader.o
                0x000000000000280c                CardReader::ReadDir(DIR*, FILINFO*)
 .text._ZN10CardReader2lsEv
                0x000000000000282c       0x2e ./marlin/cardreader.o
                0x000000000000282c                CardReader::ls()
 .text._ZN10CardReader6initsdEv
                0x000000000000285a       0x3e ./marlin/cardreader.o
                0x000000000000285a                CardReader::initsd()
 .text._ZN10CardReader7releaseEv
                0x0000000000002898        0xa ./marlin/cardreader.o
                0x0000000000002898                CardReader::release()
 .text._ZN10CardReader14startFileprintEv
                0x00000000000028a2        0xa ./marlin/cardreader.o
                0x00000000000028a2                CardReader::startFileprint()
 .text._ZN10CardReader12pauseSDPrintEv
                0x00000000000028ac        0xa ./marlin/cardreader.o
                0x00000000000028ac                CardReader::pauseSDPrint()
 .text._ZN10CardReader8readFileEPcm
                0x00000000000028b6       0x28 ./marlin/cardreader.o
                0x00000000000028b6                CardReader::readFile(char*, unsigned long)
 .text._ZN10CardReader8openFileEPcb
                0x00000000000028de       0x7c ./marlin/cardreader.o
                0x00000000000028de                CardReader::openFile(char*, bool)
 .text._ZN10CardReader11openLogFileEPc
                0x000000000000295a       0x12 ./marlin/cardreader.o
                0x000000000000295a                CardReader::openLogFile(char*)
 .text._ZN10CardReader10removeFileEPc
                0x000000000000296c       0x1e ./marlin/cardreader.o
                0x000000000000296c                CardReader::removeFile(char*)
 .text._ZN10CardReader9getStatusEv
                0x000000000000298a       0x50 ./marlin/cardreader.o
                0x000000000000298a                CardReader::getStatus()
 .text._ZN10CardReader13write_commandEPc
                0x00000000000029da       0x60 ./marlin/cardreader.o
                0x00000000000029da                CardReader::write_command(char*)
 .text._ZN10CardReader14checkautostartEb
                0x0000000000002a3a       0x2a ./marlin/cardreader.o
                0x0000000000002a3a                CardReader::checkautostart(bool)
 .text._ZN10CardReader9closefileEv
                0x0000000000002a64       0x22 ./marlin/cardreader.o
                0x0000000000002a64                CardReader::closefile()
 .text._ZN10CardReader8savefileEPc
                0x0000000000002a86       0x70 ./marlin/cardreader.o
                0x0000000000002a86                CardReader::savefile(char*)
 .text._ZN10CardReader11getfilenameEhPc
                0x0000000000002af6       0x18 ./marlin/cardreader.o
                0x0000000000002af6                CardReader::getfilename(unsigned char, char*)
 .text._ZN10CardReader12getfilecountEPc
                0x0000000000002b0e       0x28 ./marlin/cardreader.o
                0x0000000000002b0e                CardReader::getfilecount(char*)
 .text._ZN10CardReader6isrootEv
                0x0000000000002b36       0x18 ./marlin/cardreader.o
                0x0000000000002b36                CardReader::isroot()
 .text._ZN10CardReader5chdirEPKc
                0x0000000000002b4e       0x10 ./marlin/cardreader.o
                0x0000000000002b4e                CardReader::chdir(char const*)
 .text._Z6strdelPcc
                0x0000000000002b5e       0x24 ./marlin/cardreader.o
                0x0000000000002b5e                strdel(char*, char)
 .text._ZN10CardReader5updirEv
                0x0000000000002b82       0x14 ./marlin/cardreader.o
                0x0000000000002b82                CardReader::updir()
 .text._ZN10CardReader7downdirEPc
                0x0000000000002b96       0x22 ./marlin/cardreader.o
                0x0000000000002b96                CardReader::downdir(char*)
 .text._ZN10CardReader19printingHasFinishedEv
                0x0000000000002bb8       0x2e ./marlin/cardreader.o
                0x0000000000002bb8                CardReader::printingHasFinished()
 .text._Z6mc_arcPfS_S_hhhffhh
                0x0000000000002be6      0x32e ./marlin/motion_control.o
                0x0000000000002be6                mc_arc(float*, float*, float*, unsigned char, unsigned char, unsigned char, float, float, unsigned char, unsigned char)
 .text._Z29calculate_trapezoid_for_blockP7block_tff
                0x0000000000002f14      0x222 ./marlin/planner.o
                0x0000000000002f14                calculate_trapezoid_for_block(block_t*, float, float)
 .text._Z19max_allowable_speedfff
                0x0000000000003136       0x34 ./marlin/planner.o
                0x0000000000003136                max_allowable_speed(float, float, float)
 .text._Z27planner_reverse_pass_kernelP7block_tS0_S0_
                0x000000000000316a       0x74 ./marlin/planner.o
                0x000000000000316a                planner_reverse_pass_kernel(block_t*, block_t*, block_t*)
 .text._Z20planner_reverse_passv
                0x00000000000031de       0x66 ./marlin/planner.o
                0x00000000000031de                planner_reverse_pass()
 .text._Z27planner_forward_pass_kernelP7block_tS0_S0_
                0x0000000000003244       0x6e ./marlin/planner.o
                0x0000000000003244                planner_forward_pass_kernel(block_t*, block_t*, block_t*)
 .text._Z20planner_forward_passv
                0x00000000000032b2       0x54 ./marlin/planner.o
                0x00000000000032b2                planner_forward_pass()
 .text._Z30planner_recalculate_trapezoidsv
                0x0000000000003306       0xb2 ./marlin/planner.o
                0x0000000000003306                planner_recalculate_trapezoids()
 .text._Z19planner_recalculatev
                0x00000000000033b8       0x14 ./marlin/planner.o
                0x00000000000033b8                planner_recalculate()
 .text._Z9plan_initv
                0x00000000000033cc       0x36 ./marlin/planner.o
                0x00000000000033cc                plan_init()
 .text._Z19check_axes_activityv
                0x0000000000003402       0x28 ./marlin/planner.o
                0x0000000000003402                check_axes_activity()
 .text._Z16plan_buffer_lineRKfS0_S0_S0_fRKh
                0x000000000000342a      0xa08 ./marlin/planner.o
                0x000000000000342a                plan_buffer_line(float const&, float const&, float const&, float const&, float, unsigned char const&)
 .text._Z17plan_set_positionRKfS0_S0_S0_
                0x0000000000003e32       0xb8 ./marlin/planner.o
                0x0000000000003e32                plan_set_position(float const&, float const&, float const&, float const&)
 .text._Z19plan_set_z_positionRKf
                0x0000000000003eea       0x38 ./marlin/planner.o
                0x0000000000003eea                plan_set_z_position(float const&)
 .text._Z19plan_set_e_positionRKf
                0x0000000000003f22       0x38 ./marlin/planner.o
                0x0000000000003f22                plan_set_e_position(float const&)
 .text._Z20set_extrude_min_tempf
                0x0000000000003f5a        0x6 ./marlin/planner.o
                0x0000000000003f5a                set_extrude_min_temp(float)
 .text._Z24reset_acceleration_ratesv
                0x0000000000003f60       0x42 ./marlin/planner.o
                0x0000000000003f60                reset_acceleration_rates()
 .text._Z26plan_discard_current_blockv
                0x0000000000003fa2       0x1e ./marlin/stepper.o
                0x0000000000003fa2                plan_discard_current_block()
 .text._Z16checkHitEndstopsv
                0x0000000000003fc0       0xf8 ./marlin/stepper.o
                0x0000000000003fc0                checkHitEndstops()
 .text._Z23endstops_hit_on_purposev
                0x00000000000040b8        0xe ./marlin/stepper.o
                0x00000000000040b8                endstops_hit_on_purpose()
 .text._Z15enable_endstopsb
                0x00000000000040c6        0x6 ./marlin/stepper.o
                0x00000000000040c6                enable_endstops(bool)
 .text._Z10st_wake_upv
                0x00000000000040cc       0x12 ./marlin/stepper.o
                0x00000000000040cc                st_wake_up()
 .text._Z10calc_timert
                0x00000000000040de       0x80 ./marlin/stepper.o
                0x00000000000040de                calc_timer(unsigned short)
 .text.TIM2_IRQHandler
                0x000000000000415e      0x4f2 ./marlin/stepper.o
                0x000000000000415e                TIM2_IRQHandler
 .text._Z15Time2_Configuret
                0x0000000000004650       0x4c ./marlin/stepper.o
                0x0000000000004650                Time2_Configure(unsigned short)
 .text._Z7st_initv
                0x000000000000469c      0x18e ./marlin/stepper.o
                0x000000000000469c                st_init()
 .text._Z14st_synchronizev
                0x000000000000482a       0x2a ./marlin/stepper.o
                0x000000000000482a                st_synchronize()
 .text._Z15st_set_positionRKlS0_S0_S0_
                0x0000000000004854       0x28 ./marlin/stepper.o
                0x0000000000004854                st_set_position(long const&, long const&, long const&, long const&)
 .text._Z17st_set_z_positionRKl
                0x000000000000487c       0x1c ./marlin/stepper.o
                0x000000000000487c                st_set_z_position(long const&)
 .text._Z17st_set_e_positionRKl
                0x0000000000004898       0x1c ./marlin/stepper.o
                0x0000000000004898                st_set_e_position(long const&)
 .text._Z15st_get_positionh
                0x00000000000048b4       0x20 ./marlin/stepper.o
                0x00000000000048b4                st_get_position(unsigned char)
 .text._Z24finishAndDisableSteppersv
                0x00000000000048d4       0x3c ./marlin/stepper.o
                0x00000000000048d4                finishAndDisableSteppers()
 .text._Z9quickStopv
                0x0000000000004910       0x36 ./marlin/stepper.o
                0x0000000000004910                quickStop()
 .text._Z9updatePIDv
                0x0000000000004946       0x1c ./marlin/temperature.o
                0x0000000000004946                updatePID()
 .text._Z14getHeaterPoweri
                0x0000000000004962       0x14 ./marlin/temperature.o
                0x0000000000004962                getHeaterPower(int)
 .text._Z11analog2tempih
                0x0000000000004976       0xb2 ./marlin/temperature.o
                0x0000000000004976                analog2temp(int, unsigned char)
 .text._ZL31updateTemperaturesFromRawValuesv
                0x0000000000004a28       0x30 ./marlin/temperature.o
 .text._Z13manage_heaterv
                0x0000000000004a58      0x1c2 ./marlin/temperature.o
                0x0000000000004a58                manage_heater()
 .text._Z7tp_initv
                0x0000000000004c1a       0x9e ./marlin/temperature.o
                0x0000000000004c1a                tp_init()
 .text._Z8setWatchv
                0x0000000000004cb8        0x2 ./marlin/temperature.o
                0x0000000000004cb8                setWatch()
 .text._Z14disable_heaterv
                0x0000000000004cba       0x20 ./marlin/temperature.o
                0x0000000000004cba                disable_heater()
 .text._Z12PID_autotunefii
                0x0000000000004cda      0x446 ./marlin/temperature.o
                0x0000000000004cda                PID_autotune(float, int, int)
 .text._Z14max_temp_errorh
                0x0000000000005120       0x3e ./marlin/temperature.o
                0x0000000000005120                max_temp_error(unsigned char)
 .text._Z14min_temp_errorh
                0x000000000000515e       0x3e ./marlin/temperature.o
                0x000000000000515e                min_temp_error(unsigned char)
 .text._Z18bed_max_temp_errorv
                0x000000000000519c       0x2a ./marlin/temperature.o
                0x000000000000519c                bed_max_temp_error()
 .text.TIM3_IRQHandler
                0x00000000000051c6      0x162 ./marlin/temperature.o
                0x00000000000051c6                TIM3_IRQHandler
 .text._Z10scalePID_if
                0x0000000000005328       0x20 ./marlin/temperature.o
                0x0000000000005328                scalePID_i(float)
 .text._Z12unscalePID_if
                0x0000000000005348       0x20 ./marlin/temperature.o
                0x0000000000005348                unscalePID_i(float)
 .text._Z10scalePID_df
                0x0000000000005368       0x20 ./marlin/temperature.o
                0x0000000000005368                scalePID_d(float)
 .text._Z12unscalePID_df
                0x0000000000005388       0x20 ./marlin/temperature.o
                0x0000000000005388                unscalePID_d(float)
 .text.NMI_Handler
                0x00000000000053a8        0x4 ./User/ch32v30x_it.o
                0x00000000000053a8                NMI_Handler
 .text.HardFault_Handler
                0x00000000000053ac       0x38 ./User/ch32v30x_it.o
                0x00000000000053ac                HardFault_Handler
 .text.SystemInit
                0x00000000000053e4       0xfa ./User/system_ch32v30x.o
                0x00000000000053e4                SystemInit
 .text.vector_handler
                0x00000000000054de       0xbe ./Startup/startup_ch32v30x_D8C.o
                0x00000000000054e2                Ecall_M_Mode_Handler
                0x00000000000054e4                Ecall_U_Mode_Handler
                0x00000000000054e6                Break_Point_Handler
                0x00000000000054ea                SW_Handler
                0x00000000000054ee                PVD_IRQHandler
                0x00000000000054f0                TAMPER_IRQHandler
                0x00000000000054f2                RTC_IRQHandler
                0x00000000000054f4                FLASH_IRQHandler
                0x00000000000054f6                RCC_IRQHandler
                0x00000000000054f8                EXTI0_IRQHandler
                0x00000000000054fa                EXTI1_IRQHandler
                0x00000000000054fc                EXTI2_IRQHandler
                0x00000000000054fe                EXTI3_IRQHandler
                0x0000000000005500                EXTI4_IRQHandler
                0x0000000000005502                DMA1_Channel1_IRQHandler
                0x0000000000005504                DMA1_Channel2_IRQHandler
                0x0000000000005506                DMA1_Channel3_IRQHandler
                0x0000000000005508                DMA1_Channel4_IRQHandler
                0x000000000000550a                DMA1_Channel5_IRQHandler
                0x000000000000550c                DMA1_Channel6_IRQHandler
                0x000000000000550e                DMA1_Channel7_IRQHandler
                0x0000000000005510                ADC1_2_IRQHandler
                0x0000000000005512                USB_HP_CAN1_TX_IRQHandler
                0x0000000000005514                USB_LP_CAN1_RX0_IRQHandler
                0x0000000000005516                CAN1_RX1_IRQHandler
                0x0000000000005518                CAN1_SCE_IRQHandler
                0x000000000000551a                EXTI9_5_IRQHandler
                0x000000000000551c                TIM1_BRK_IRQHandler
                0x000000000000551e                TIM1_UP_IRQHandler
                0x0000000000005520                TIM1_TRG_COM_IRQHandler
                0x0000000000005522                TIM1_CC_IRQHandler
                0x0000000000005528                TIM4_IRQHandler
                0x000000000000552a                I2C1_EV_IRQHandler
                0x000000000000552c                I2C1_ER_IRQHandler
                0x000000000000552e                I2C2_EV_IRQHandler
                0x0000000000005530                I2C2_ER_IRQHandler
                0x0000000000005532                SPI1_IRQHandler
                0x0000000000005534                SPI2_IRQHandler
                0x0000000000005536                USART1_IRQHandler
                0x000000000000553a                USART3_IRQHandler
                0x000000000000553c                EXTI15_10_IRQHandler
                0x000000000000553e                RTCAlarm_IRQHandler
                0x0000000000005540                USBWakeUp_IRQHandler
                0x0000000000005542                TIM8_BRK_IRQHandler
                0x0000000000005544                TIM8_UP_IRQHandler
                0x0000000000005546                TIM8_TRG_COM_IRQHandler
                0x0000000000005548                TIM8_CC_IRQHandler
                0x000000000000554a                RNG_IRQHandler
                0x000000000000554c                FSMC_IRQHandler
                0x000000000000554e                SDIO_IRQHandler
                0x0000000000005550                TIM5_IRQHandler
                0x0000000000005552                SPI3_IRQHandler
                0x0000000000005556                UART5_IRQHandler
                0x0000000000005558                TIM6_IRQHandler
                0x000000000000555a                TIM7_IRQHandler
                0x000000000000555c                DMA2_Channel1_IRQHandler
                0x000000000000555e                DMA2_Channel2_IRQHandler
                0x0000000000005560                DMA2_Channel3_IRQHandler
                0x0000000000005562                DMA2_Channel4_IRQHandler
                0x0000000000005564                DMA2_Channel5_IRQHandler
                0x0000000000005566                ETH_IRQHandler
                0x0000000000005568                ETH_WKUP_IRQHandler
                0x000000000000556a                CAN2_TX_IRQHandler
                0x000000000000556c                CAN2_RX0_IRQHandler
                0x000000000000556e                CAN2_RX1_IRQHandler
                0x0000000000005570                CAN2_SCE_IRQHandler
                0x0000000000005572                OTG_FS_IRQHandler
                0x0000000000005574                USBHSWakeup_IRQHandler
                0x0000000000005576                USBHS_IRQHandler
                0x0000000000005578                DVP_IRQHandler
                0x000000000000557a                UART6_IRQHandler
                0x000000000000557c                UART7_IRQHandler
                0x000000000000557e                UART8_IRQHandler
                0x0000000000005580                TIM9_BRK_IRQHandler
                0x0000000000005582                TIM9_UP_IRQHandler
                0x0000000000005584                TIM9_TRG_COM_IRQHandler
                0x0000000000005586                TIM9_CC_IRQHandler
                0x0000000000005588                TIM10_BRK_IRQHandler
                0x000000000000558a                TIM10_UP_IRQHandler
                0x000000000000558c                TIM10_TRG_COM_IRQHandler
                0x000000000000558e                TIM10_CC_IRQHandler
                0x0000000000005590                DMA2_Channel6_IRQHandler
                0x0000000000005592                DMA2_Channel7_IRQHandler
                0x0000000000005594                DMA2_Channel8_IRQHandler
                0x0000000000005596                DMA2_Channel9_IRQHandler
                0x0000000000005598                DMA2_Channel10_IRQHandler
                0x000000000000559a                DMA2_Channel11_IRQHandler
 .text.handle_reset
                0x000000000000559c       0x8e ./Startup/startup_ch32v30x_D8C.o
                0x000000000000559c                handle_reset
 .text.ADC_DeInit
                0x000000000000562a       0x40 ./Peripheral/src/ch32v30x_adc.o
                0x000000000000562a                ADC_DeInit
 .text.ADC_Init
                0x000000000000566a       0x56 ./Peripheral/src/ch32v30x_adc.o
                0x000000000000566a                ADC_Init
 .text.ADC_Cmd  0x00000000000056c0       0x10 ./Peripheral/src/ch32v30x_adc.o
                0x00000000000056c0                ADC_Cmd
 .text.ADC_ResetCalibration
                0x00000000000056d0        0xa ./Peripheral/src/ch32v30x_adc.o
                0x00000000000056d0                ADC_ResetCalibration
 .text.ADC_GetResetCalibrationStatus
                0x00000000000056da        0x8 ./Peripheral/src/ch32v30x_adc.o
                0x00000000000056da                ADC_GetResetCalibrationStatus
 .text.ADC_StartCalibration
                0x00000000000056e2        0xa ./Peripheral/src/ch32v30x_adc.o
                0x00000000000056e2                ADC_StartCalibration
 .text.ADC_GetCalibrationStatus
                0x00000000000056ec        0x8 ./Peripheral/src/ch32v30x_adc.o
                0x00000000000056ec                ADC_GetCalibrationStatus
 .text.ADC_SoftwareStartConvCmd
                0x00000000000056f4       0x18 ./Peripheral/src/ch32v30x_adc.o
                0x00000000000056f4                ADC_SoftwareStartConvCmd
 .text.ADC_RegularChannelConfig
                0x000000000000570c       0xb8 ./Peripheral/src/ch32v30x_adc.o
                0x000000000000570c                ADC_RegularChannelConfig
 .text.ADC_GetConversionValue
                0x00000000000057c4        0x8 ./Peripheral/src/ch32v30x_adc.o
                0x00000000000057c4                ADC_GetConversionValue
 .text.GPIO_Init
                0x00000000000057cc       0xc0 ./Peripheral/src/ch32v30x_gpio.o
                0x00000000000057cc                GPIO_Init
 .text.GPIO_ReadInputDataBit
                0x000000000000588c        0xa ./Peripheral/src/ch32v30x_gpio.o
                0x000000000000588c                GPIO_ReadInputDataBit
 .text.GPIO_SetBits
                0x0000000000005896        0x4 ./Peripheral/src/ch32v30x_gpio.o
                0x0000000000005896                GPIO_SetBits
 .text.GPIO_ResetBits
                0x000000000000589a        0x4 ./Peripheral/src/ch32v30x_gpio.o
                0x000000000000589a                GPIO_ResetBits
 .text.IWDG_ReloadCounter
                0x000000000000589e        0xe ./Peripheral/src/ch32v30x_iwdg.o
                0x000000000000589e                IWDG_ReloadCounter
 .text.NVIC_PriorityGroupConfig
                0x00000000000058ac        0x6 ./Peripheral/src/ch32v30x_misc.o
                0x00000000000058ac                NVIC_PriorityGroupConfig
 .text.NVIC_Init
                0x00000000000058b2       0xa6 ./Peripheral/src/ch32v30x_misc.o
                0x00000000000058b2                NVIC_Init
 .text.RCC_ADCCLKConfig
                0x0000000000005958       0x12 ./Peripheral/src/ch32v30x_rcc.o
                0x0000000000005958                RCC_ADCCLKConfig
 .text.RCC_GetClocksFreq
                0x000000000000596a      0x176 ./Peripheral/src/ch32v30x_rcc.o
                0x000000000000596a                RCC_GetClocksFreq
 .text.RCC_APB2PeriphClockCmd
                0x0000000000005ae0       0x1e ./Peripheral/src/ch32v30x_rcc.o
                0x0000000000005ae0                RCC_APB2PeriphClockCmd
 .text.RCC_APB1PeriphClockCmd
                0x0000000000005afe       0x1e ./Peripheral/src/ch32v30x_rcc.o
                0x0000000000005afe                RCC_APB1PeriphClockCmd
 .text.RCC_APB2PeriphResetCmd
                0x0000000000005b1c       0x1e ./Peripheral/src/ch32v30x_rcc.o
                0x0000000000005b1c                RCC_APB2PeriphResetCmd
 .text.RCC_APB1PeriphResetCmd
                0x0000000000005b3a       0x1e ./Peripheral/src/ch32v30x_rcc.o
                0x0000000000005b3a                RCC_APB1PeriphResetCmd
 .text.SPI_Init
                0x0000000000005b58       0x3e ./Peripheral/src/ch32v30x_spi.o
                0x0000000000005b58                SPI_Init
 .text.SPI_Cmd  0x0000000000005b96       0x1a ./Peripheral/src/ch32v30x_spi.o
                0x0000000000005b96                SPI_Cmd
 .text.SPI_I2S_SendData
                0x0000000000005bb0        0x4 ./Peripheral/src/ch32v30x_spi.o
                0x0000000000005bb0                SPI_I2S_SendData
 .text.SPI_I2S_ReceiveData
                0x0000000000005bb4        0x4 ./Peripheral/src/ch32v30x_spi.o
                0x0000000000005bb4                SPI_I2S_ReceiveData
 .text.SPI_I2S_GetFlagStatus
                0x0000000000005bb8        0xa ./Peripheral/src/ch32v30x_spi.o
                0x0000000000005bb8                SPI_I2S_GetFlagStatus
 .text.TIM_DeInit
                0x0000000000005bc2      0x100 ./Peripheral/src/ch32v30x_tim.o
                0x0000000000005bc2                TIM_DeInit
 .text.TIM_TimeBaseInit
                0x0000000000005cc2       0xaa ./Peripheral/src/ch32v30x_tim.o
                0x0000000000005cc2                TIM_TimeBaseInit
 .text.TIM_Cmd  0x0000000000005d6c       0x18 ./Peripheral/src/ch32v30x_tim.o
                0x0000000000005d6c                TIM_Cmd
 .text.TIM_ITConfig
                0x0000000000005d84       0x12 ./Peripheral/src/ch32v30x_tim.o
                0x0000000000005d84                TIM_ITConfig
 .text.TIM_SetAutoreload
                0x0000000000005d96        0x4 ./Peripheral/src/ch32v30x_tim.o
                0x0000000000005d96                TIM_SetAutoreload
 .text.TIM_ClearFlag
                0x0000000000005d9a        0xc ./Peripheral/src/ch32v30x_tim.o
                0x0000000000005d9a                TIM_ClearFlag
 .text.TIM_GetITStatus
                0x0000000000005da6       0x18 ./Peripheral/src/ch32v30x_tim.o
                0x0000000000005da6                TIM_GetITStatus
 .text.TIM_ClearITPendingBit
                0x0000000000005dbe        0xc ./Peripheral/src/ch32v30x_tim.o
                0x0000000000005dbe                TIM_ClearITPendingBit
 .text.USART_Init
                0x0000000000005dca       0xbc ./Peripheral/src/ch32v30x_usart.o
                0x0000000000005dca                USART_Init
 .text.USART_Cmd
                0x0000000000005e86       0x16 ./Peripheral/src/ch32v30x_usart.o
                0x0000000000005e86                USART_Cmd
 .text.USART_ITConfig
                0x0000000000005e9c       0x36 ./Peripheral/src/ch32v30x_usart.o
                0x0000000000005e9c                USART_ITConfig
 .text.USART_SendData
                0x0000000000005ed2        0x8 ./Peripheral/src/ch32v30x_usart.o
                0x0000000000005ed2                USART_SendData
 .text.USART_ReceiveData
                0x0000000000005eda        0x8 ./Peripheral/src/ch32v30x_usart.o
                0x0000000000005eda                USART_ReceiveData
 .text.USART_GetFlagStatus
                0x0000000000005ee2        0xa ./Peripheral/src/ch32v30x_usart.o
                0x0000000000005ee2                USART_GetFlagStatus
 .text.USART_GetITStatus
                0x0000000000005eec       0x3c ./Peripheral/src/ch32v30x_usart.o
                0x0000000000005eec                USART_GetITStatus
 .text.USART_ClearITPendingBit
                0x0000000000005f28       0x14 ./Peripheral/src/ch32v30x_usart.o
                0x0000000000005f28                USART_ClearITPendingBit
 .text.WWDG_SetCounter
                0x0000000000005f3c        0xe ./Peripheral/src/ch32v30x_wwdg.o
                0x0000000000005f3c                WWDG_SetCounter
 .text.WWDG_ClearFlag
                0x0000000000005f4a        0xa ./Peripheral/src/ch32v30x_wwdg.o
                0x0000000000005f4a                WWDG_ClearFlag
 .text.ff_convert
                0x0000000000005f54       0x50 ./FATFS/src/option/ccsbcs.o
                0x0000000000005f54                ff_convert
 .text.ff_wtoupper
                0x0000000000005fa4       0x26 ./FATFS/src/option/ccsbcs.o
                0x0000000000005fa4                ff_wtoupper
 .text.disk_initialize
                0x0000000000005fca       0x2c ./FATFS/src/diskio.o
                0x0000000000005fca                disk_initialize
 .text.disk_status
                0x0000000000005ff6        0x4 ./FATFS/src/diskio.o
                0x0000000000005ff6                disk_status
 .text.disk_read
                0x0000000000005ffa       0x40 ./FATFS/src/diskio.o
                0x0000000000005ffa                disk_read
 .text.disk_write
                0x000000000000603a       0x2a ./FATFS/src/diskio.o
                0x000000000000603a                disk_write
 .text.disk_ioctl
                0x0000000000006064       0x72 ./FATFS/src/diskio.o
                0x0000000000006064                disk_ioctl
 .text.get_fattime
                0x00000000000060d6        0x4 ./FATFS/src/diskio.o
                0x00000000000060d6                get_fattime
 .text.mem_cpy  0x00000000000060da       0x18 ./FATFS/src/ff.o
 .text.sum_sfn  0x00000000000060f2       0x22 ./FATFS/src/ff.o
 .text.get_fileinfo
                0x0000000000006114      0x13a ./FATFS/src/ff.o
 .text.move_window
                0x000000000000624e       0x76 ./FATFS/src/ff.o
 .text.check_fs
                0x00000000000062c4       0x72 ./FATFS/src/ff.o
 .text.chk_mounted
                0x0000000000006336      0x24a ./FATFS/src/ff.o
 .text.validate
                0x0000000000006580       0x2c ./FATFS/src/ff.o
 .text.sync     0x00000000000065ac       0x80 ./FATFS/src/ff.o
 .text.clust2sect
                0x000000000000662c       0x1a ./FATFS/src/ff.o
                0x000000000000662c                clust2sect
 .text.get_fat  0x0000000000006646       0xe2 ./FATFS/src/ff.o
                0x0000000000006646                get_fat
 .text.dir_sdi  0x0000000000006728       0x9a ./FATFS/src/ff.o
 .text.put_fat  0x00000000000067c2      0x120 ./FATFS/src/ff.o
                0x00000000000067c2                put_fat
 .text.create_chain
                0x00000000000068e2       0xa6 ./FATFS/src/ff.o
 .text.dir_next
                0x0000000000006988      0x108 ./FATFS/src/ff.o
 .text.dir_find.part.6
                0x0000000000006a90      0x152 ./FATFS/src/ff.o
 .text.follow_path
                0x0000000000006be2      0x2cc ./FATFS/src/ff.o
 .text.dir_read
                0x0000000000006eae      0x130 ./FATFS/src/ff.o
 .text.dir_remove
                0x0000000000006fde       0x52 ./FATFS/src/ff.o
 .text.remove_chain
                0x0000000000007030       0x62 ./FATFS/src/ff.o
 .text.gen_numname
                0x0000000000007092       0xb2 ./FATFS/src/ff.o
                0x0000000000007092                gen_numname
 .text.dir_register
                0x0000000000007144      0x1f8 ./FATFS/src/ff.o
 .text.f_mount  0x000000000000733c       0x20 ./FATFS/src/ff.o
                0x000000000000733c                f_mount
 .text.f_open   0x000000000000735c      0x168 ./FATFS/src/ff.o
                0x000000000000735c                f_open
 .text.f_read   0x00000000000074c4      0x180 ./FATFS/src/ff.o
                0x00000000000074c4                f_read
 .text.f_sync   0x0000000000007644       0xac ./FATFS/src/ff.o
                0x0000000000007644                f_sync
 .text.f_close  0x00000000000076f0       0x14 ./FATFS/src/ff.o
                0x00000000000076f0                f_close
 .text.f_opendir
                0x0000000000007704       0x6c ./FATFS/src/ff.o
                0x0000000000007704                f_opendir
 .text.f_readdir
                0x0000000000007770       0x6a ./FATFS/src/ff.o
                0x0000000000007770                f_readdir
 .text.f_unlink
                0x00000000000077da       0xac ./FATFS/src/ff.o
                0x00000000000077da                f_unlink
 .text.f_get    0x0000000000007886       0x22 ./FATFS/src/ff.o
                0x0000000000007886                f_get
 .text._sbrk    0x00000000000078a8       0x2a ./Debug/debug.o
                0x00000000000078a8                _sbrk
 .text.__get_MEPC
                0x00000000000078d2        0x6 ./Core/core_riscv.o
                0x00000000000078d2                __get_MEPC
 .text.__get_MCAUSE
                0x00000000000078d8        0x6 ./Core/core_riscv.o
                0x00000000000078d8                __get_MCAUSE
 .text.__get_MTVAL
                0x00000000000078de        0x6 ./Core/core_riscv.o
                0x00000000000078de                __get_MTVAL
 .text.SPI2_SetSpeed
                0x00000000000078e4       0x42 ./BSP/MMC_SD.o
                0x00000000000078e4                SPI2_SetSpeed
 .text.SPI2_ReadWriteByte
                0x0000000000007926       0x62 ./BSP/MMC_SD.o
                0x0000000000007926                SPI2_ReadWriteByte
 .text.SPI2_Init
                0x0000000000007988       0x7e ./BSP/MMC_SD.o
                0x0000000000007988                SPI2_Init
 .text.SD_SPI_ReadWriteByte
                0x0000000000007a06        0xc ./BSP/MMC_SD.o
                0x0000000000007a06                SD_SPI_ReadWriteByte
 .text.SD_SPI_SpeedLow
                0x0000000000007a12       0x10 ./BSP/MMC_SD.o
                0x0000000000007a12                SD_SPI_SpeedLow
 .text.SD_SPI_SpeedHigh
                0x0000000000007a22        0xe ./BSP/MMC_SD.o
                0x0000000000007a22                SD_SPI_SpeedHigh
 .text.SD_SPI_Init
                0x0000000000007a30       0x34 ./BSP/MMC_SD.o
                0x0000000000007a30                SD_SPI_Init
 .text.SD_DisSelect
                0x0000000000007a64       0x1c ./BSP/MMC_SD.o
                0x0000000000007a64                SD_DisSelect
 .text.SD_WaitReady
                0x0000000000007a80       0x28 ./BSP/MMC_SD.o
                0x0000000000007a80                SD_WaitReady
 .text.SD_Select
                0x0000000000007aa8       0x20 ./BSP/MMC_SD.o
                0x0000000000007aa8                SD_Select
 .text.SD_GetResponse
                0x0000000000007ac8       0x36 ./BSP/MMC_SD.o
                0x0000000000007ac8                SD_GetResponse
 .text.SD_RecvData
                0x0000000000007afe       0x46 ./BSP/MMC_SD.o
                0x0000000000007afe                SD_RecvData
 .text.SD_SendBlock
                0x0000000000007b44       0x5e ./BSP/MMC_SD.o
                0x0000000000007b44                SD_SendBlock
 .text.SD_SendCmd
                0x0000000000007ba2       0x80 ./BSP/MMC_SD.o
                0x0000000000007ba2                SD_SendCmd
 .text.SD_GetCSD
                0x0000000000007c22       0x2e ./BSP/MMC_SD.o
                0x0000000000007c22                SD_GetCSD
 .text.SD_GetSectorCount
                0x0000000000007c50       0x6c ./BSP/MMC_SD.o
                0x0000000000007c50                SD_GetSectorCount
 .text.SD_Initialize
                0x0000000000007cbc      0x1ac ./BSP/MMC_SD.o
                0x0000000000007cbc                SD_Initialize
 .text.SD_ReadDisk
                0x0000000000007e68       0x68 ./BSP/MMC_SD.o
                0x0000000000007e68                SD_ReadDisk
 .text.SD_WriteDisk
                0x0000000000007ed0       0x92 ./BSP/MMC_SD.o
                0x0000000000007ed0                SD_WriteDisk
 .text.Adc1_Init
                0x0000000000007f62       0x98 ./BSP/bsp_adc.o
                0x0000000000007f62                Adc1_Init
 .text.GPIO_ClockSet
                0x0000000000007ffa       0x4c ./BSP/bsp_pin.o
                0x0000000000007ffa                GPIO_ClockSet
 .text.GPIO_WriteBits
                0x0000000000008046        0xa ./BSP/bsp_pin.o
                0x0000000000008046                GPIO_WriteBits
 .text.GPIO_ModeBits
                0x0000000000008050       0x2a ./BSP/bsp_pin.o
                0x0000000000008050                GPIO_ModeBits
 .text.GPIO_OutputBits
                0x000000000000807a       0x28 ./BSP/bsp_pin.o
                0x000000000000807a                GPIO_OutputBits
 .text.GPIO_InputBits
                0x00000000000080a2       0x2a ./BSP/bsp_pin.o
                0x00000000000080a2                GPIO_InputBits
 .text.SysTick_Handler
                0x00000000000080cc       0x38 ./BSP/bsp_sysclk.o
                0x00000000000080cc                SysTick_Handler
 .text.SystemTick_Init
                0x0000000000008104       0x42 ./BSP/bsp_sysclk.o
                0x0000000000008104                SystemTick_Init
 .text.timer3_init
                0x0000000000008146       0x70 ./BSP/bsp_sysclk.o
                0x0000000000008146                timer3_init
 .text._write   0x00000000000081b6       0x3e ./BSP/bsp_usart.o
                0x00000000000081b6                _write
 .text.fgetc    0x00000000000081f4       0x24 ./BSP/bsp_usart.o
                0x00000000000081f4                fgetc
 .text.store_char
                0x0000000000008218       0x26 ./BSP/bsp_usart.o
                0x0000000000008218                store_char
 .text.USART2_IRQHandler
                0x000000000000823e       0x56 ./BSP/bsp_usart.o
                0x000000000000823e                USART2_IRQHandler
 .text._Z15USART2_IOConfigv
                0x0000000000008294       0x4a ./BSP/bsp_usart.o
                0x0000000000008294                USART2_IOConfig()
 .text._ZN12MarlinSerial5beginEm
                0x00000000000082de       0xa6 ./BSP/bsp_usart.o
                0x00000000000082de                MarlinSerial::begin(unsigned long)
 .text._ZN12MarlinSerial3endEv
                0x0000000000008384       0x34 ./BSP/bsp_usart.o
                0x0000000000008384                MarlinSerial::end()
 .text._ZN12MarlinSerial4readEv
                0x00000000000083b8       0x28 ./BSP/bsp_usart.o
                0x00000000000083b8                MarlinSerial::read()
 .text._ZN12MarlinSerial5flushEv
                0x00000000000083e0       0x12 ./BSP/bsp_usart.o
                0x00000000000083e0                MarlinSerial::flush()
 .text.WWDG_IRQHandler
                0x00000000000083f2       0x2e ./BSP/bsp_watchdog.o
                0x00000000000083f2                WWDG_IRQHandler
 .text.IWDG_Feed
                0x0000000000008420        0xc ./BSP/bsp_watchdog.o
                0x0000000000008420                IWDG_Feed
 .text.putchar  0x000000000000842c       0x18 e:/mrs/mounriver_studio/toolchain/risc-v embedded gcc/bin/../lib/gcc/riscv-none-embed/8.2.0/../../../../riscv-none-embed/lib/rv32imacxw/ilp32\libprintfloat.a(printfloat.o)
                0x000000000000842c                putchar
 .text.printchar
                0x0000000000008444       0x4a e:/mrs/mounriver_studio/toolchain/risc-v embedded gcc/bin/../lib/gcc/riscv-none-embed/8.2.0/../../../../riscv-none-embed/lib/rv32imacxw/ilp32\libprintfloat.a(printfloat.o)
                0x0000000000008444                printchar
 .text.prints   0x000000000000848e       0xe0 e:/mrs/mounriver_studio/toolchain/risc-v embedded gcc/bin/../lib/gcc/riscv-none-embed/8.2.0/../../../../riscv-none-embed/lib/rv32imacxw/ilp32\libprintfloat.a(printfloat.o)
                0x000000000000848e                prints
 .text.printInt
                0x000000000000856e       0xf2 e:/mrs/mounriver_studio/toolchain/risc-v embedded gcc/bin/../lib/gcc/riscv-none-embed/8.2.0/../../../../riscv-none-embed/lib/rv32imacxw/ilp32\libprintfloat.a(printfloat.o)
                0x000000000000856e                printInt
 .text.printLongLongInt
                0x0000000000008660      0x122 e:/mrs/mounriver_studio/toolchain/risc-v embedded gcc/bin/../lib/gcc/riscv-none-embed/8.2.0/../../../../riscv-none-embed/lib/rv32imacxw/ilp32\libprintfloat.a(printfloat.o)
                0x0000000000008660                printLongLongInt
 .text.printDouble
                0x0000000000008782      0x100 e:/mrs/mounriver_studio/toolchain/risc-v embedded gcc/bin/../lib/gcc/riscv-none-embed/8.2.0/../../../../riscv-none-embed/lib/rv32imacxw/ilp32\libprintfloat.a(printfloat.o)
                0x0000000000008782                printDouble
 .text.print    0x0000000000008882      0x358 e:/mrs/mounriver_studio/toolchain/risc-v embedded gcc/bin/../lib/gcc/riscv-none-embed/8.2.0/../../../../riscv-none-embed/lib/rv32imacxw/ilp32\libprintfloat.a(printfloat.o)
                0x0000000000008882                print
 .text.printf   0x0000000000008bda       0x24 e:/mrs/mounriver_studio/toolchain/risc-v embedded gcc/bin/../lib/gcc/riscv-none-embed/8.2.0/../../../../riscv-none-embed/lib/rv32imacxw/ilp32\libprintfloat.a(printfloat.o)
                0x0000000000008bda                printf
 .text.sprintf  0x0000000000008bfe       0x28 e:/mrs/mounriver_studio/toolchain/risc-v embedded gcc/bin/../lib/gcc/riscv-none-embed/8.2.0/../../../../riscv-none-embed/lib/rv32imacxw/ilp32\libprintfloat.a(printfloat.o)
                0x0000000000008bfe                sprintf
 .text.puts     0x0000000000008c26       0x4a e:/mrs/mounriver_studio/toolchain/risc-v embedded gcc/bin/../lib/gcc/riscv-none-embed/8.2.0/../../../../riscv-none-embed/lib/rv32imacxw/ilp32\libprintfloat.a(printfloat.o)
                0x0000000000008c26                puts
 .text.floor    0x0000000000008c70      0x158 e:/mrs/mounriver_studio/toolchain/risc-v embedded gcc/bin/../lib/gcc/riscv-none-embed/8.2.0/../../../../riscv-none-embed/lib/rv32imacxw/ilp32\libm.a(lib_a-s_floor.o)
                0x0000000000008c70                floor
 .text.ceilf    0x0000000000008dc8       0xd4 e:/mrs/mounriver_studio/toolchain/risc-v embedded gcc/bin/../lib/gcc/riscv-none-embed/8.2.0/../../../../riscv-none-embed/lib/rv32imacxw/ilp32\libm.a(lib_a-sf_ceil.o)
                0x0000000000008dc8                ceilf
 .text.cosf     0x0000000000008e9c       0x84 e:/mrs/mounriver_studio/toolchain/risc-v embedded gcc/bin/../lib/gcc/riscv-none-embed/8.2.0/../../../../riscv-none-embed/lib/rv32imacxw/ilp32\libm.a(lib_a-sf_cos.o)
                0x0000000000008e9c                cosf
 .text.floorf   0x0000000000008f20       0xcc e:/mrs/mounriver_studio/toolchain/risc-v embedded gcc/bin/../lib/gcc/riscv-none-embed/8.2.0/../../../../riscv-none-embed/lib/rv32imacxw/ilp32\libm.a(lib_a-sf_floor.o)
                0x0000000000008f20                floorf
 .text.sinf     0x0000000000008fec       0x86 e:/mrs/mounriver_studio/toolchain/risc-v embedded gcc/bin/../lib/gcc/riscv-none-embed/8.2.0/../../../../riscv-none-embed/lib/rv32imacxw/ilp32\libm.a(lib_a-sf_sin.o)
                0x0000000000008fec                sinf
 .text.hypot    0x0000000000009072       0xcc e:/mrs/mounriver_studio/toolchain/risc-v embedded gcc/bin/../lib/gcc/riscv-none-embed/8.2.0/../../../../riscv-none-embed/lib/rv32imacxw/ilp32\libm.a(lib_a-w_hypot.o)
                0x0000000000009072                hypot
 .text.sqrt     0x000000000000913e       0xb8 e:/mrs/mounriver_studio/toolchain/risc-v embedded gcc/bin/../lib/gcc/riscv-none-embed/8.2.0/../../../../riscv-none-embed/lib/rv32imacxw/ilp32\libm.a(lib_a-w_sqrt.o)
                0x000000000000913e                sqrt
 .text.atan2f   0x00000000000091f6        0x2 e:/mrs/mounriver_studio/toolchain/risc-v embedded gcc/bin/../lib/gcc/riscv-none-embed/8.2.0/../../../../riscv-none-embed/lib/rv32imacxw/ilp32\libm.a(lib_a-wf_atan2.o)
                0x00000000000091f6                atan2f
 .text.sqrtf    0x00000000000091f8       0xba e:/mrs/mounriver_studio/toolchain/risc-v embedded gcc/bin/../lib/gcc/riscv-none-embed/8.2.0/../../../../riscv-none-embed/lib/rv32imacxw/ilp32\libm.a(lib_a-wf_sqrt.o)
                0x00000000000091f8                sqrtf
 .text.__ieee754_hypot
                0x00000000000092b2      0x240 e:/mrs/mounriver_studio/toolchain/risc-v embedded gcc/bin/../lib/gcc/riscv-none-embed/8.2.0/../../../../riscv-none-embed/lib/rv32imacxw/ilp32\libm.a(lib_a-e_hypot.o)
                0x00000000000092b2                __ieee754_hypot
 .text.__ieee754_sqrt
                0x00000000000094f2      0x1d6 e:/mrs/mounriver_studio/toolchain/risc-v embedded gcc/bin/../lib/gcc/riscv-none-embed/8.2.0/../../../../riscv-none-embed/lib/rv32imacxw/ilp32\libm.a(lib_a-e_sqrt.o)
                0x00000000000094f2                __ieee754_sqrt
 .text.__ieee754_atan2f
                0x00000000000096c8      0x198 e:/mrs/mounriver_studio/toolchain/risc-v embedded gcc/bin/../lib/gcc/riscv-none-embed/8.2.0/../../../../riscv-none-embed/lib/rv32imacxw/ilp32\libm.a(lib_a-ef_atan2.o)
                0x00000000000096c8                __ieee754_atan2f
 .text.__ieee754_rem_pio2f
                0x0000000000009860      0x354 e:/mrs/mounriver_studio/toolchain/risc-v embedded gcc/bin/../lib/gcc/riscv-none-embed/8.2.0/../../../../riscv-none-embed/lib/rv32imacxw/ilp32\libm.a(lib_a-ef_rem_pio2.o)
                0x0000000000009860                __ieee754_rem_pio2f
 .text.__ieee754_sqrtf
                0x0000000000009bb4       0xdc e:/mrs/mounriver_studio/toolchain/risc-v embedded gcc/bin/../lib/gcc/riscv-none-embed/8.2.0/../../../../riscv-none-embed/lib/rv32imacxw/ilp32\libm.a(lib_a-ef_sqrt.o)
                0x0000000000009bb4                __ieee754_sqrtf
 .text.__kernel_cosf
                0x0000000000009c90      0x20e e:/mrs/mounriver_studio/toolchain/risc-v embedded gcc/bin/../lib/gcc/riscv-none-embed/8.2.0/../../../../riscv-none-embed/lib/rv32imacxw/ilp32\libm.a(lib_a-kf_cos.o)
                0x0000000000009c90                __kernel_cosf
 .text.__kernel_rem_pio2f
                0x0000000000009e9e      0x7e4 e:/mrs/mounriver_studio/toolchain/risc-v embedded gcc/bin/../lib/gcc/riscv-none-embed/8.2.0/../../../../riscv-none-embed/lib/rv32imacxw/ilp32\libm.a(lib_a-kf_rem_pio2.o)
                0x0000000000009e9e                __kernel_rem_pio2f
 .text.__kernel_sinf
                0x000000000000a682      0x12c e:/mrs/mounriver_studio/toolchain/risc-v embedded gcc/bin/../lib/gcc/riscv-none-embed/8.2.0/../../../../riscv-none-embed/lib/rv32imacxw/ilp32\libm.a(lib_a-kf_sin.o)
                0x000000000000a682                __kernel_sinf
 .text.finite   0x000000000000a7ae        0xe e:/mrs/mounriver_studio/toolchain/risc-v embedded gcc/bin/../lib/gcc/riscv-none-embed/8.2.0/../../../../riscv-none-embed/lib/rv32imacxw/ilp32\libm.a(lib_a-s_finite.o)
                0x000000000000a7ae                finite
 .text.matherr  0x000000000000a7bc        0x4 e:/mrs/mounriver_studio/toolchain/risc-v embedded gcc/bin/../lib/gcc/riscv-none-embed/8.2.0/../../../../riscv-none-embed/lib/rv32imacxw/ilp32\libm.a(lib_a-s_matherr.o)
                0x000000000000a7bc                matherr
 .text.atanf    0x000000000000a7c0      0x288 e:/mrs/mounriver_studio/toolchain/risc-v embedded gcc/bin/../lib/gcc/riscv-none-embed/8.2.0/../../../../riscv-none-embed/lib/rv32imacxw/ilp32\libm.a(lib_a-sf_atan.o)
                0x000000000000a7c0                atanf
 .text.fabsf    0x000000000000aa48        0x6 e:/mrs/mounriver_studio/toolchain/risc-v embedded gcc/bin/../lib/gcc/riscv-none-embed/8.2.0/../../../../riscv-none-embed/lib/rv32imacxw/ilp32\libm.a(lib_a-sf_fabs.o)
                0x000000000000aa48                fabsf
 .text.scalbnf  0x000000000000aa4e       0xe0 e:/mrs/mounriver_studio/toolchain/risc-v embedded gcc/bin/../lib/gcc/riscv-none-embed/8.2.0/../../../../riscv-none-embed/lib/rv32imacxw/ilp32\libm.a(lib_a-sf_scalbn.o)
                0x000000000000aa4e                scalbnf
 .text.copysignf
                0x000000000000ab2e       0x10 e:/mrs/mounriver_studio/toolchain/risc-v embedded gcc/bin/../lib/gcc/riscv-none-embed/8.2.0/../../../../riscv-none-embed/lib/rv32imacxw/ilp32\libm.a(lib_a-sf_copysign.o)
                0x000000000000ab2e                copysignf
 .text.__udivdi3
                0x000000000000ab3e      0x392 e:/mrs/mounriver_studio/toolchain/risc-v embedded gcc/bin/../lib/gcc/riscv-none-embed/8.2.0/rv32imacxw/ilp32\libgcc.a(_udivdi3.o)
                0x000000000000ab3e                __udivdi3
 .text.__umoddi3
                0x000000000000aed0      0x38a e:/mrs/mounriver_studio/toolchain/risc-v embedded gcc/bin/../lib/gcc/riscv-none-embed/8.2.0/rv32imacxw/ilp32\libgcc.a(_umoddi3.o)
                0x000000000000aed0                __umoddi3
 .text.__adddf3
                0x000000000000b25a      0x730 e:/mrs/mounriver_studio/toolchain/risc-v embedded gcc/bin/../lib/gcc/riscv-none-embed/8.2.0/rv32imacxw/ilp32\libgcc.a(adddf3.o)
                0x000000000000b25a                __adddf3
 .text.__divdf3
                0x000000000000b98a      0x5b4 e:/mrs/mounriver_studio/toolchain/risc-v embedded gcc/bin/../lib/gcc/riscv-none-embed/8.2.0/rv32imacxw/ilp32\libgcc.a(divdf3.o)
                0x000000000000b98a                __divdf3
 .text.__gedf2  0x000000000000bf3e       0xae e:/mrs/mounriver_studio/toolchain/risc-v embedded gcc/bin/../lib/gcc/riscv-none-embed/8.2.0/rv32imacxw/ilp32\libgcc.a(gedf2.o)
                0x000000000000bf3e                __gedf2
                0x000000000000bf3e                __gtdf2
 .text.__ledf2  0x000000000000bfec       0xb6 e:/mrs/mounriver_studio/toolchain/risc-v embedded gcc/bin/../lib/gcc/riscv-none-embed/8.2.0/rv32imacxw/ilp32\libgcc.a(ledf2.o)
                0x000000000000bfec                __ledf2
                0x000000000000bfec                __ltdf2
 .text.__muldf3
                0x000000000000c0a2      0x4b8 e:/mrs/mounriver_studio/toolchain/risc-v embedded gcc/bin/../lib/gcc/riscv-none-embed/8.2.0/rv32imacxw/ilp32\libgcc.a(muldf3.o)
                0x000000000000c0a2                __muldf3
 .text.__subdf3
                0x000000000000c55a      0x73e e:/mrs/mounriver_studio/toolchain/risc-v embedded gcc/bin/../lib/gcc/riscv-none-embed/8.2.0/rv32imacxw/ilp32\libgcc.a(subdf3.o)
                0x000000000000c55a                __subdf3
 .text.__unorddf2
                0x000000000000cc98       0x3c e:/mrs/mounriver_studio/toolchain/risc-v embedded gcc/bin/../lib/gcc/riscv-none-embed/8.2.0/rv32imacxw/ilp32\libgcc.a(unorddf2.o)
                0x000000000000cc98                __unorddf2
 .text.__fixdfsi
                0x000000000000ccd4       0x68 e:/mrs/mounriver_studio/toolchain/risc-v embedded gcc/bin/../lib/gcc/riscv-none-embed/8.2.0/rv32imacxw/ilp32\libgcc.a(fixdfsi.o)
                0x000000000000ccd4                __fixdfsi
 .text.__fixunsdfsi
                0x000000000000cd3c       0x5c e:/mrs/mounriver_studio/toolchain/risc-v embedded gcc/bin/../lib/gcc/riscv-none-embed/8.2.0/rv32imacxw/ilp32\libgcc.a(fixunsdfsi.o)
                0x000000000000cd3c                __fixunsdfsi
 .text.__floatsidf
                0x000000000000cd98       0x72 e:/mrs/mounriver_studio/toolchain/risc-v embedded gcc/bin/../lib/gcc/riscv-none-embed/8.2.0/rv32imacxw/ilp32\libgcc.a(floatsidf.o)
                0x000000000000cd98                __floatsidf
 .text.__fixdfdi
                0x000000000000ce0a       0xbc e:/mrs/mounriver_studio/toolchain/risc-v embedded gcc/bin/../lib/gcc/riscv-none-embed/8.2.0/rv32imacxw/ilp32\libgcc.a(fixdfdi.o)
                0x000000000000ce0a                __fixdfdi
 .text.__floatdidf
                0x000000000000cec6      0x1b6 e:/mrs/mounriver_studio/toolchain/risc-v embedded gcc/bin/../lib/gcc/riscv-none-embed/8.2.0/rv32imacxw/ilp32\libgcc.a(floatdidf.o)
                0x000000000000cec6                __floatdidf
 .text.__addsf3
                0x000000000000d07c      0x36a e:/mrs/mounriver_studio/toolchain/risc-v embedded gcc/bin/../lib/gcc/riscv-none-embed/8.2.0/rv32imacxw/ilp32\libgcc.a(addsf3.o)
                0x000000000000d07c                __addsf3
 .text.__divsf3
                0x000000000000d3e6      0x2b2 e:/mrs/mounriver_studio/toolchain/risc-v embedded gcc/bin/../lib/gcc/riscv-none-embed/8.2.0/rv32imacxw/ilp32\libgcc.a(divsf3.o)
                0x000000000000d3e6                __divsf3
 .text.__eqsf2  0x000000000000d698       0x5c e:/mrs/mounriver_studio/toolchain/risc-v embedded gcc/bin/../lib/gcc/riscv-none-embed/8.2.0/rv32imacxw/ilp32\libgcc.a(eqsf2.o)
                0x000000000000d698                __eqsf2
                0x000000000000d698                __nesf2
 .text.__gesf2  0x000000000000d6f4       0x86 e:/mrs/mounriver_studio/toolchain/risc-v embedded gcc/bin/../lib/gcc/riscv-none-embed/8.2.0/rv32imacxw/ilp32\libgcc.a(gesf2.o)
                0x000000000000d6f4                __gesf2
                0x000000000000d6f4                __gtsf2
 .text.__lesf2  0x000000000000d77a       0x8c e:/mrs/mounriver_studio/toolchain/risc-v embedded gcc/bin/../lib/gcc/riscv-none-embed/8.2.0/rv32imacxw/ilp32\libgcc.a(lesf2.o)
                0x000000000000d77a                __ltsf2
                0x000000000000d77a                __lesf2
 .text.__mulsf3
                0x000000000000d806      0x294 e:/mrs/mounriver_studio/toolchain/risc-v embedded gcc/bin/../lib/gcc/riscv-none-embed/8.2.0/rv32imacxw/ilp32\libgcc.a(mulsf3.o)
                0x000000000000d806                __mulsf3
 .text.__subsf3
                0x000000000000da9a      0x388 e:/mrs/mounriver_studio/toolchain/risc-v embedded gcc/bin/../lib/gcc/riscv-none-embed/8.2.0/rv32imacxw/ilp32\libgcc.a(subsf3.o)
                0x000000000000da9a                __subsf3
 .text.__unordsf2
                0x000000000000de22       0x3c e:/mrs/mounriver_studio/toolchain/risc-v embedded gcc/bin/../lib/gcc/riscv-none-embed/8.2.0/rv32imacxw/ilp32\libgcc.a(unordsf2.o)
                0x000000000000de22                __unordsf2
 .text.__fixsfsi
                0x000000000000de5e       0x62 e:/mrs/mounriver_studio/toolchain/risc-v embedded gcc/bin/../lib/gcc/riscv-none-embed/8.2.0/rv32imacxw/ilp32\libgcc.a(fixsfsi.o)
                0x000000000000de5e                __fixsfsi
 .text.__fixunssfsi
                0x000000000000dec0       0x56 e:/mrs/mounriver_studio/toolchain/risc-v embedded gcc/bin/../lib/gcc/riscv-none-embed/8.2.0/rv32imacxw/ilp32\libgcc.a(fixunssfsi.o)
                0x000000000000dec0                __fixunssfsi
 .text.__floatsisf
                0x000000000000df16       0xc6 e:/mrs/mounriver_studio/toolchain/risc-v embedded gcc/bin/../lib/gcc/riscv-none-embed/8.2.0/rv32imacxw/ilp32\libgcc.a(floatsisf.o)
                0x000000000000df16                __floatsisf
 .text.__floatunsisf
                0x000000000000dfdc       0xce e:/mrs/mounriver_studio/toolchain/risc-v embedded gcc/bin/../lib/gcc/riscv-none-embed/8.2.0/rv32imacxw/ilp32\libgcc.a(floatunsisf.o)
                0x000000000000dfdc                __floatunsisf
 .text.__extendsfdf2
                0x000000000000e0aa       0xac e:/mrs/mounriver_studio/toolchain/risc-v embedded gcc/bin/../lib/gcc/riscv-none-embed/8.2.0/rv32imacxw/ilp32\libgcc.a(extendsfdf2.o)
                0x000000000000e0aa                __extendsfdf2
 .text.__truncdfsf2
                0x000000000000e156      0x16a e:/mrs/mounriver_studio/toolchain/risc-v embedded gcc/bin/../lib/gcc/riscv-none-embed/8.2.0/rv32imacxw/ilp32\libgcc.a(truncdfsf2.o)
                0x000000000000e156                __truncdfsf2
 .text.__clzsi2
                0x000000000000e2c0       0x6e e:/mrs/mounriver_studio/toolchain/risc-v embedded gcc/bin/../lib/gcc/riscv-none-embed/8.2.0/rv32imacxw/ilp32\libgcc.a(_clzsi2.o)
                0x000000000000e2c0                __clzsi2
 .text.__errno  0x000000000000e32e        0x8 e:/mrs/mounriver_studio/toolchain/risc-v embedded gcc/bin/../lib/gcc/riscv-none-embed/8.2.0/../../../../riscv-none-embed/lib/rv32imacxw/ilp32\libg_nano.a(lib_a-errno.o)
                0x000000000000e32e                __errno
 .text.memcpy   0x000000000000e336       0xb2 e:/mrs/mounriver_studio/toolchain/risc-v embedded gcc/bin/../lib/gcc/riscv-none-embed/8.2.0/../../../../riscv-none-embed/lib/rv32imacxw/ilp32\libg_nano.a(lib_a-memcpy.o)
                0x000000000000e336                memcpy
 .text.strcat   0x000000000000e3e8       0x1e e:/mrs/mounriver_studio/toolchain/risc-v embedded gcc/bin/../lib/gcc/riscv-none-embed/8.2.0/../../../../riscv-none-embed/lib/rv32imacxw/ilp32\libg_nano.a(lib_a-strcat.o)
                0x000000000000e3e8                strcat
 .text.strchr   0x000000000000e406       0x18 e:/mrs/mounriver_studio/toolchain/risc-v embedded gcc/bin/../lib/gcc/riscv-none-embed/8.2.0/../../../../riscv-none-embed/lib/rv32imacxw/ilp32\libg_nano.a(lib_a-strchr.o)
                0x000000000000e406                strchr
 .text.strcpy   0x000000000000e41e       0x10 e:/mrs/mounriver_studio/toolchain/risc-v embedded gcc/bin/../lib/gcc/riscv-none-embed/8.2.0/../../../../riscv-none-embed/lib/rv32imacxw/ilp32\libg_nano.a(lib_a-strcpy.o)
                0x000000000000e41e                strcpy
 .text.strlen   0x000000000000e42e       0x12 e:/mrs/mounriver_studio/toolchain/risc-v embedded gcc/bin/../lib/gcc/riscv-none-embed/8.2.0/../../../../riscv-none-embed/lib/rv32imacxw/ilp32\libg_nano.a(lib_a-strlen.o)
                0x000000000000e42e                strlen
 .text.strstr   0x000000000000e440       0x34 e:/mrs/mounriver_studio/toolchain/risc-v embedded gcc/bin/../lib/gcc/riscv-none-embed/8.2.0/../../../../riscv-none-embed/lib/rv32imacxw/ilp32\libg_nano.a(lib_a-strstr.o)
                0x000000000000e440                strstr
 .text.sulp     0x000000000000e474       0x4e e:/mrs/mounriver_studio/toolchain/risc-v embedded gcc/bin/../lib/gcc/riscv-none-embed/8.2.0/../../../../riscv-none-embed/lib/rv32imacxw/ilp32\libg_nano.a(lib_a-strtod.o)
 .text._strtod_l
                0x000000000000e4c2      0xc6c e:/mrs/mounriver_studio/toolchain/risc-v embedded gcc/bin/../lib/gcc/riscv-none-embed/8.2.0/../../../../riscv-none-embed/lib/rv32imacxw/ilp32\libg_nano.a(lib_a-strtod.o)
                0x000000000000e4c2                _strtod_l
 .text.strtod   0x000000000000f12e       0x1c e:/mrs/mounriver_studio/toolchain/risc-v embedded gcc/bin/../lib/gcc/riscv-none-embed/8.2.0/../../../../riscv-none-embed/lib/rv32imacxw/ilp32\libg_nano.a(lib_a-strtod.o)
                0x000000000000f12e                strtod
 .text._strtol_l.isra.0
                0x000000000000f14a      0x13a e:/mrs/mounriver_studio/toolchain/risc-v embedded gcc/bin/../lib/gcc/riscv-none-embed/8.2.0/../../../../riscv-none-embed/lib/rv32imacxw/ilp32\libg_nano.a(lib_a-strtol.o)
 .text.strtol   0x000000000000f284       0x1e e:/mrs/mounriver_studio/toolchain/risc-v embedded gcc/bin/../lib/gcc/riscv-none-embed/8.2.0/../../../../riscv-none-embed/lib/rv32imacxw/ilp32\libg_nano.a(lib_a-strtol.o)
                0x000000000000f284                strtol
 .text.kill     0x000000000000f2a2        0xe e:/mrs/mounriver_studio/toolchain/risc-v embedded gcc/bin/../lib/gcc/riscv-none-embed/8.2.0/../../../../riscv-none-embed/lib/rv32imacxw/ilp32\libg_nano.a(lib_a-syskill.o)
                0x000000000000f2a2                kill
 .text.rshift   0x000000000000f2b0       0x76 e:/mrs/mounriver_studio/toolchain/risc-v embedded gcc/bin/../lib/gcc/riscv-none-embed/8.2.0/../../../../riscv-none-embed/lib/rv32imacxw/ilp32\libg_nano.a(lib_a-gdtoa-gethex.o)
 .text.__hexdig_fun
                0x000000000000f326       0x40 e:/mrs/mounriver_studio/toolchain/risc-v embedded gcc/bin/../lib/gcc/riscv-none-embed/8.2.0/../../../../riscv-none-embed/lib/rv32imacxw/ilp32\libg_nano.a(lib_a-gdtoa-gethex.o)
                0x000000000000f326                __hexdig_fun
 .text.__gethex
                0x000000000000f366      0x4ca e:/mrs/mounriver_studio/toolchain/risc-v embedded gcc/bin/../lib/gcc/riscv-none-embed/8.2.0/../../../../riscv-none-embed/lib/rv32imacxw/ilp32\libg_nano.a(lib_a-gdtoa-gethex.o)
                0x000000000000f366                __gethex
 .text.L_shift  0x000000000000f830       0x2c e:/mrs/mounriver_studio/toolchain/risc-v embedded gcc/bin/../lib/gcc/riscv-none-embed/8.2.0/../../../../riscv-none-embed/lib/rv32imacxw/ilp32\libg_nano.a(lib_a-gdtoa-hexnan.o)
 .text.__match  0x000000000000f85c       0x2e e:/mrs/mounriver_studio/toolchain/risc-v embedded gcc/bin/../lib/gcc/riscv-none-embed/8.2.0/../../../../riscv-none-embed/lib/rv32imacxw/ilp32\libg_nano.a(lib_a-gdtoa-hexnan.o)
                0x000000000000f85c                __match
 .text.__hexnan
                0x000000000000f88a      0x15e e:/mrs/mounriver_studio/toolchain/risc-v embedded gcc/bin/../lib/gcc/riscv-none-embed/8.2.0/../../../../riscv-none-embed/lib/rv32imacxw/ilp32\libg_nano.a(lib_a-gdtoa-hexnan.o)
                0x000000000000f88a                __hexnan
 .text.__locale_ctype_ptr_l
                0x000000000000f9e8        0x6 e:/mrs/mounriver_studio/toolchain/risc-v embedded gcc/bin/../lib/gcc/riscv-none-embed/8.2.0/../../../../riscv-none-embed/lib/rv32imacxw/ilp32\libg_nano.a(lib_a-locale.o)
                0x000000000000f9e8                __locale_ctype_ptr_l
 .text.__localeconv_l
                0x000000000000f9ee        0x6 e:/mrs/mounriver_studio/toolchain/risc-v embedded gcc/bin/../lib/gcc/riscv-none-embed/8.2.0/../../../../riscv-none-embed/lib/rv32imacxw/ilp32\libg_nano.a(lib_a-localeconv.o)
                0x000000000000f9ee                __localeconv_l
 .text.__ascii_mbtowc
                0x000000000000f9f4       0x32 e:/mrs/mounriver_studio/toolchain/risc-v embedded gcc/bin/../lib/gcc/riscv-none-embed/8.2.0/../../../../riscv-none-embed/lib/rv32imacxw/ilp32\libg_nano.a(lib_a-mbtowc_r.o)
                0x000000000000f9f4                __ascii_mbtowc
 .text._Balloc  0x000000000000fa26       0x8c e:/mrs/mounriver_studio/toolchain/risc-v embedded gcc/bin/../lib/gcc/riscv-none-embed/8.2.0/../../../../riscv-none-embed/lib/rv32imacxw/ilp32\libg_nano.a(lib_a-mprec.o)
                0x000000000000fa26                _Balloc
 .text._Bfree   0x000000000000fab2       0x44 e:/mrs/mounriver_studio/toolchain/risc-v embedded gcc/bin/../lib/gcc/riscv-none-embed/8.2.0/../../../../riscv-none-embed/lib/rv32imacxw/ilp32\libg_nano.a(lib_a-mprec.o)
                0x000000000000fab2                _Bfree
 .text.__multadd
                0x000000000000faf6       0x98 e:/mrs/mounriver_studio/toolchain/risc-v embedded gcc/bin/../lib/gcc/riscv-none-embed/8.2.0/../../../../riscv-none-embed/lib/rv32imacxw/ilp32\libg_nano.a(lib_a-mprec.o)
                0x000000000000faf6                __multadd
 .text.__s2b    0x000000000000fb8e       0xa4 e:/mrs/mounriver_studio/toolchain/risc-v embedded gcc/bin/../lib/gcc/riscv-none-embed/8.2.0/../../../../riscv-none-embed/lib/rv32imacxw/ilp32\libg_nano.a(lib_a-mprec.o)
                0x000000000000fb8e                __s2b
 .text.__hi0bits
                0x000000000000fc32       0x46 e:/mrs/mounriver_studio/toolchain/risc-v embedded gcc/bin/../lib/gcc/riscv-none-embed/8.2.0/../../../../riscv-none-embed/lib/rv32imacxw/ilp32\libg_nano.a(lib_a-mprec.o)
                0x000000000000fc32                __hi0bits
 .text.__lo0bits
                0x000000000000fc78       0x6a e:/mrs/mounriver_studio/toolchain/risc-v embedded gcc/bin/../lib/gcc/riscv-none-embed/8.2.0/../../../../riscv-none-embed/lib/rv32imacxw/ilp32\libg_nano.a(lib_a-mprec.o)
                0x000000000000fc78                __lo0bits
 .text.__i2b    0x000000000000fce2       0x1c e:/mrs/mounriver_studio/toolchain/risc-v embedded gcc/bin/../lib/gcc/riscv-none-embed/8.2.0/../../../../riscv-none-embed/lib/rv32imacxw/ilp32\libg_nano.a(lib_a-mprec.o)
                0x000000000000fce2                __i2b
 .text.__multiply
                0x000000000000fcfe      0x144 e:/mrs/mounriver_studio/toolchain/risc-v embedded gcc/bin/../lib/gcc/riscv-none-embed/8.2.0/../../../../riscv-none-embed/lib/rv32imacxw/ilp32\libg_nano.a(lib_a-mprec.o)
                0x000000000000fcfe                __multiply
 .text.__pow5mult
                0x000000000000fe42       0xbc e:/mrs/mounriver_studio/toolchain/risc-v embedded gcc/bin/../lib/gcc/riscv-none-embed/8.2.0/../../../../riscv-none-embed/lib/rv32imacxw/ilp32\libg_nano.a(lib_a-mprec.o)
                0x000000000000fe42                __pow5mult
 .text.__lshift
                0x000000000000fefe       0xce e:/mrs/mounriver_studio/toolchain/risc-v embedded gcc/bin/../lib/gcc/riscv-none-embed/8.2.0/../../../../riscv-none-embed/lib/rv32imacxw/ilp32\libg_nano.a(lib_a-mprec.o)
                0x000000000000fefe                __lshift
 .text.__mcmp   0x000000000000ffcc       0x32 e:/mrs/mounriver_studio/toolchain/risc-v embedded gcc/bin/../lib/gcc/riscv-none-embed/8.2.0/../../../../riscv-none-embed/lib/rv32imacxw/ilp32\libg_nano.a(lib_a-mprec.o)
                0x000000000000ffcc                __mcmp
 .text.__mdiff  0x000000000000fffe       0xf2 e:/mrs/mounriver_studio/toolchain/risc-v embedded gcc/bin/../lib/gcc/riscv-none-embed/8.2.0/../../../../riscv-none-embed/lib/rv32imacxw/ilp32\libg_nano.a(lib_a-mprec.o)
                0x000000000000fffe                __mdiff
 .text.__ulp    0x00000000000100f0       0x46 e:/mrs/mounriver_studio/toolchain/risc-v embedded gcc/bin/../lib/gcc/riscv-none-embed/8.2.0/../../../../riscv-none-embed/lib/rv32imacxw/ilp32\libg_nano.a(lib_a-mprec.o)
                0x00000000000100f0                __ulp
 .text.__b2d    0x0000000000010136       0xb4 e:/mrs/mounriver_studio/toolchain/risc-v embedded gcc/bin/../lib/gcc/riscv-none-embed/8.2.0/../../../../riscv-none-embed/lib/rv32imacxw/ilp32\libg_nano.a(lib_a-mprec.o)
                0x0000000000010136                __b2d
 .text.__d2b    0x00000000000101ea       0xd4 e:/mrs/mounriver_studio/toolchain/risc-v embedded gcc/bin/../lib/gcc/riscv-none-embed/8.2.0/../../../../riscv-none-embed/lib/rv32imacxw/ilp32\libg_nano.a(lib_a-mprec.o)
                0x00000000000101ea                __d2b
 .text.__ratio  0x00000000000102be       0x74 e:/mrs/mounriver_studio/toolchain/risc-v embedded gcc/bin/../lib/gcc/riscv-none-embed/8.2.0/../../../../riscv-none-embed/lib/rv32imacxw/ilp32\libg_nano.a(lib_a-mprec.o)
                0x00000000000102be                __ratio
 .text.__copybits
                0x0000000000010332       0x36 e:/mrs/mounriver_studio/toolchain/risc-v embedded gcc/bin/../lib/gcc/riscv-none-embed/8.2.0/../../../../riscv-none-embed/lib/rv32imacxw/ilp32\libg_nano.a(lib_a-mprec.o)
                0x0000000000010332                __copybits
 .text.__any_on
                0x0000000000010368       0x46 e:/mrs/mounriver_studio/toolchain/risc-v embedded gcc/bin/../lib/gcc/riscv-none-embed/8.2.0/../../../../riscv-none-embed/lib/rv32imacxw/ilp32\libg_nano.a(lib_a-mprec.o)
                0x0000000000010368                __any_on
 .text._calloc_r
                0x00000000000103ae       0x26 e:/mrs/mounriver_studio/toolchain/risc-v embedded gcc/bin/../lib/gcc/riscv-none-embed/8.2.0/../../../../riscv-none-embed/lib/rv32imacxw/ilp32\libg_nano.a(lib_a-nano-callocr.o)
                0x00000000000103ae                _calloc_r
 .text._malloc_r
                0x00000000000103d4       0xce e:/mrs/mounriver_studio/toolchain/risc-v embedded gcc/bin/../lib/gcc/riscv-none-embed/8.2.0/../../../../riscv-none-embed/lib/rv32imacxw/ilp32\libg_nano.a(lib_a-nano-mallocr.o)
                0x00000000000103d4                _malloc_r
 .text._sbrk_r  0x00000000000104a2       0x32 e:/mrs/mounriver_studio/toolchain/risc-v embedded gcc/bin/../lib/gcc/riscv-none-embed/8.2.0/../../../../riscv-none-embed/lib/rv32imacxw/ilp32\libg_nano.a(lib_a-sbrkr.o)
                0x00000000000104a2                _sbrk_r
 .text._kill_r  0x00000000000104d4       0x32 e:/mrs/mounriver_studio/toolchain/risc-v embedded gcc/bin/../lib/gcc/riscv-none-embed/8.2.0/../../../../riscv-none-embed/lib/rv32imacxw/ilp32\libg_nano.a(lib_a-signalr.o)
                0x00000000000104d4                _kill_r
 .text.strncmp  0x0000000000010506       0x28 e:/mrs/mounriver_studio/toolchain/risc-v embedded gcc/bin/../lib/gcc/riscv-none-embed/8.2.0/../../../../riscv-none-embed/lib/rv32imacxw/ilp32\libg_nano.a(lib_a-strncmp.o)
                0x0000000000010506                strncmp
 .text.__ascii_wctomb
                0x000000000001052e       0x1e e:/mrs/mounriver_studio/toolchain/risc-v embedded gcc/bin/../lib/gcc/riscv-none-embed/8.2.0/../../../../riscv-none-embed/lib/rv32imacxw/ilp32\libg_nano.a(lib_a-wctomb_r.o)
                0x000000000001052e                __ascii_wctomb
 .text.malloc   0x000000000001054c        0xc e:/mrs/mounriver_studio/toolchain/risc-v embedded gcc/bin/../lib/gcc/riscv-none-embed/8.2.0/../../../../riscv-none-embed/lib/rv32imacxw/ilp32\libg_nano.a(lib_a-malloc.o)
                0x000000000001054c                malloc
 .text.__malloc_lock
                0x0000000000010558        0x2 e:/mrs/mounriver_studio/toolchain/risc-v embedded gcc/bin/../lib/gcc/riscv-none-embed/8.2.0/../../../../riscv-none-embed/lib/rv32imacxw/ilp32\libg_nano.a(lib_a-mlock.o)
                0x0000000000010558                __malloc_lock
 .text.__malloc_unlock
                0x000000000001055a        0x2 e:/mrs/mounriver_studio/toolchain/risc-v embedded gcc/bin/../lib/gcc/riscv-none-embed/8.2.0/../../../../riscv-none-embed/lib/rv32imacxw/ilp32\libg_nano.a(lib_a-mlock.o)
                0x000000000001055a                __malloc_unlock
 .text.__eqdf2  0x000000000001055c       0x6a e:/mrs/mounriver_studio/toolchain/risc-v embedded gcc/bin/../lib/gcc/riscv-none-embed/8.2.0/rv32imacxw/ilp32\libgcc.a(eqdf2.o)
                0x000000000001055c                __nedf2
                0x000000000001055c                __eqdf2
 .text.__floatunsidf
                0x00000000000105c6       0x68 e:/mrs/mounriver_studio/toolchain/risc-v embedded gcc/bin/../lib/gcc/riscv-none-embed/8.2.0/rv32imacxw/ilp32\libgcc.a(floatunsidf.o)
                0x00000000000105c6                __floatunsidf
 .text._kill    0x000000000001062e       0x10 e:/mrs/mounriver_studio/toolchain/risc-v embedded gcc/bin/../lib/gcc/riscv-none-embed/8.2.0/../../../../riscv-none-embed/lib/rv32imacxw/ilp32\libnosys.a(kill.o)
                0x000000000001062e                _kill
 *(.rodata)
 *fill*         0x000000000001063e        0x2 
 .rodata        0x0000000000010640       0x30 ./marlin/ConfigurationStore.o
 *(.rodata*)
 .rodata._Z17_EEPROM_writeDataRiPhh.str1.4
                0x0000000000010670       0x21 ./marlin/ConfigurationStore.o
 *fill*         0x0000000000010691        0x3 
 .rodata._Z19Config_ResetDefaultv.cst4
                0x0000000000010694       0x20 ./marlin/ConfigurationStore.o
 .rodata._Z19Config_ResetDefaultv.str1.4
                0x00000000000106b4       0x24 ./marlin/ConfigurationStore.o
 .rodata._Z11get_commandv.str1.4
                0x00000000000106d8      0x178 ./marlin/Marlin_main.o
                                        0x17c (size before relaxing)
 .rodata._Z12enquecommandPKc.str1.4
                0x0000000000010850       0x10 ./marlin/Marlin_main.o
                                         0x18 (size before relaxing)
 .rodata._Z12prepare_movev.cst4
                0x0000000000010860        0x4 ./marlin/Marlin_main.o
 .rodata._Z16get_explainationPc.str1.4
                0x0000000000010864       0x24 ./marlin/Marlin_main.o
 .rodata._Z16process_commandsv.cst4
                0x0000000000010888       0x10 ./marlin/Marlin_main.o
                                         0x14 (size before relaxing)
 .rodata._Z16process_commandsv.str1.4
                0x0000000000010898      0x1d3 ./marlin/Marlin_main.o
                                        0x1df (size before relaxing)
 *fill*         0x0000000000010a6b        0x1 
 .rodata._Z17serial_echopair_PPKcf.str1.4
                0x0000000000010a6c        0x7 ./marlin/Marlin_main.o
 *fill*         0x0000000000010a73        0x1 
 .rodata._Z17setTargetedHotendi.str1.4
                0x0000000000010a74       0x5f ./marlin/Marlin_main.o
 *fill*         0x0000000000010ad3        0x1 
 .rodata._Z24FlushSerialRequestResendv.str1.4
                0x0000000000010ad4       0x12 ./marlin/Marlin_main.o
 *fill*         0x0000000000010ae6        0x2 
 .rodata._Z4killv.str1.4
                0x0000000000010ae8       0x1f ./marlin/Marlin_main.o
 *fill*         0x0000000000010b07        0x1 
 .rodata._Z5setupv.str1.4
                0x0000000000010b08       0xc8 ./marlin/Marlin_main.o
 .rodata._Z7suicidev.str1.4
                0x0000000000010bd0       0x1b ./marlin/Marlin_main.o
 *fill*         0x0000000000010beb        0x1 
 .rodata._ZL8homeaxisi.part.0.cst4
                0x0000000000010bec        0x4 ./marlin/Marlin_main.o
                                          0x8 (size before relaxing)
 *fill*         0x0000000000010bf0        0x0 
 .rodata._ZL8homeaxisi.part.0.cst8
                0x0000000000010bf0        0x8 ./marlin/Marlin_main.o
 .rodata._ZN10CardReader10removeFileEPc.str1.4
                0x0000000000010bf8       0x17 ./marlin/cardreader.o
 *fill*         0x0000000000010c0f        0x1 
 .rodata._ZN10CardReader13write_commandEPc.str1.4
                0x0000000000010c10       0x16 ./marlin/cardreader.o
                                         0x22 (size before relaxing)
 *fill*         0x0000000000010c26        0x2 
 .rodata._ZN10CardReader19printingHasFinishedEv.str1.4
                0x0000000000010c28        0xc ./marlin/cardreader.o
 .rodata._ZN10CardReader6initsdEv.str1.4
                0x0000000000010c34       0x46 ./marlin/cardreader.o
 *fill*         0x0000000000010c7a        0x2 
 .rodata._ZN10CardReader6lsDiveEPc.str1.4
                0x0000000000010c7c       0x44 ./marlin/cardreader.o
                                         0x4c (size before relaxing)
 .rodata._ZN10CardReader7OpenDirEP3DIRPc.str1.4
                0x0000000000010cc0       0x12 ./marlin/cardreader.o
 *fill*         0x0000000000010cd2        0x2 
 .rodata._ZN10CardReader7downdirEPc.str1.4
                0x0000000000010cd4        0x2 ./marlin/cardreader.o
 *fill*         0x0000000000010cd6        0x2 
 .rodata._ZN10CardReader8openFileEPcb.str1.4
                0x0000000000010cd8       0xba ./marlin/cardreader.o
 *fill*         0x0000000000010d92        0x2 
 .rodata._ZN10CardReader8readFileEPcm.str1.4
                0x0000000000010d94       0x1b ./marlin/cardreader.o
 *fill*         0x0000000000010daf        0x1 
 .rodata._ZN10CardReader8savefileEPc.str1.4
                0x0000000000010db0       0x16 ./marlin/cardreader.o
                                         0x1a (size before relaxing)
 *fill*         0x0000000000010dc6        0x2 
 .rodata._ZN10CardReader9getStatusEv.str1.4
                0x0000000000010dc8       0x24 ./marlin/cardreader.o
                                         0x2c (size before relaxing)
 .rodata._ZN10CardReaderC2Ev.str1.4
                0x0000000000010dec        0x3 ./marlin/cardreader.o
 *fill*         0x0000000000010def        0x1 
 .rodata._Z6mc_arcPfS_S_hhhffhh.cst8
                0x0000000000010df0       0x20 ./marlin/motion_control.o
 .rodata._Z16plan_buffer_lineRKfS0_S0_S0_fRKh.cst4
                0x0000000000010e10        0x8 ./marlin/planner.o
                                         0x14 (size before relaxing)
 .rodata._Z16plan_buffer_lineRKfS0_S0_S0_fRKh.cst8
                0x0000000000010e18       0x18 ./marlin/planner.o
                                         0x20 (size before relaxing)
 .rodata._Z16plan_buffer_lineRKfS0_S0_S0_fRKh.str1.4
                0x0000000000010e30       0x3a ./marlin/planner.o
                                         0x46 (size before relaxing)
 *fill*         0x0000000000010e6a        0x6 
 .rodata._Z29calculate_trapezoid_for_blockP7block_tff.cst8
                0x0000000000010e70        0x8 ./marlin/planner.o
 .rodata._Z30planner_recalculate_trapezoidsv.cst8
                0x0000000000010e78        0x8 ./marlin/planner.o
 .rodata._Z10calc_timert.str1.4
                0x0000000000010e80       0x13 ./marlin/stepper.o
                                         0x17 (size before relaxing)
 *fill*         0x0000000000010e93        0x1 
 .rodata._Z16checkHitEndstopsv.str1.4
                0x0000000000010e94       0x28 ./marlin/stepper.o
                                         0x32 (size before relaxing)
 .rodata.TIM3_IRQHandler
                0x0000000000010ebc       0x20 ./marlin/temperature.o
 .rodata.TIM3_IRQHandler.str1.4
                0x0000000000010edc       0x1a ./marlin/temperature.o
 *fill*         0x0000000000010ef6        0x2 
 .rodata._Z10scalePID_if.cst8
                0x0000000000010ef8        0x8 ./marlin/temperature.o
 .rodata._Z11analog2tempih.str1.4
                0x0000000000010f00       0x1f ./marlin/temperature.o
                                         0x2f (size before relaxing)
 *fill*         0x0000000000010f1f        0x1 
 .rodata._Z12PID_autotunefii.cst4
                0x0000000000010f20        0x8 ./marlin/temperature.o
                                         0x10 (size before relaxing)
 .rodata._Z12PID_autotunefii.cst8
                0x0000000000010f28       0x10 ./marlin/temperature.o
                                         0x20 (size before relaxing)
 .rodata._Z12PID_autotunefii.str1.4
                0x0000000000010f38      0x167 ./marlin/temperature.o
                                        0x183 (size before relaxing)
 *fill*         0x000000000001109f        0x1 
 .rodata._Z13manage_heaterv.cst4
                0x00000000000110a0        0x4 ./marlin/temperature.o
                                          0x8 (size before relaxing)
 *fill*         0x00000000000110a4        0x4 
 .rodata._Z13manage_heaterv.cst8
                0x00000000000110a8       0x10 ./marlin/temperature.o
 .rodata._Z13manage_heaterv.str1.4
                0x00000000000110b8       0x1b ./marlin/temperature.o
 *fill*         0x00000000000110d3        0x1 
 .rodata._Z14max_temp_errorh.str1.4
                0x00000000000110d4       0x2f ./marlin/temperature.o
 *fill*         0x0000000000011103        0x1 
 .rodata._Z14min_temp_errorh.str1.4
                0x0000000000011104       0x2f ./marlin/temperature.o
 *fill*         0x0000000000011133        0x1 
 .rodata._Z18bed_max_temp_errorv.str1.4
                0x0000000000011134       0x3d ./marlin/temperature.o
 *fill*         0x0000000000011171        0x3 
 .rodata._Z7tp_initv.cst4
                0x0000000000011174        0x4 ./marlin/temperature.o
 .rodata._Z9updatePIDv.cst4
                0x0000000000011178        0x4 ./marlin/temperature.o
 .rodata.temptable_9
                0x000000000001117c       0x7c ./marlin/temperature.o
                0x000000000001117c                temptable_9
 .rodata.HardFault_Handler.str1.4
                0x00000000000111f8       0x2c ./User/ch32v30x_it.o
 .rodata.Tbl    0x0000000000011224      0x100 ./FATFS/src/option/ccsbcs.o
 .rodata.tbl_lower.1759
                0x0000000000011324      0x1e0 ./FATFS/src/option/ccsbcs.o
 .rodata.tbl_upper.1760
                0x0000000000011504      0x1e0 ./FATFS/src/option/ccsbcs.o
 .rodata.LfnOfs
                0x00000000000116e4        0xd ./FATFS/src/ff.o
 *fill*         0x00000000000116f1        0x3 
 .rodata.excvt.3026
                0x00000000000116f4       0x80 ./FATFS/src/ff.o
 .rodata.follow_path.str1.4
                0x0000000000011774       0x13 ./FATFS/src/ff.o
 *fill*         0x0000000000011787        0x1 
 .rodata.WWDG_IRQHandler.str1.4
                0x0000000000011788       0x52 ./BSP/bsp_watchdog.o
                                         0x5a (size before relaxing)
 *fill*         0x00000000000117da        0x2 
 .rodata.print.str1.4
                0x00000000000117dc        0x7 e:/mrs/mounriver_studio/toolchain/risc-v embedded gcc/bin/../lib/gcc/riscv-none-embed/8.2.0/../../../../riscv-none-embed/lib/rv32imacxw/ilp32\libprintfloat.a(printfloat.o)
 *fill*         0x00000000000117e3        0x5 
 .rodata.floor.cst8
                0x00000000000117e8        0x8 e:/mrs/mounriver_studio/toolchain/risc-v embedded gcc/bin/../lib/gcc/riscv-none-embed/8.2.0/../../../../riscv-none-embed/lib/rv32imacxw/ilp32\libm.a(lib_a-s_floor.o)
 .rodata.ceilf.cst4
                0x00000000000117f0        0x8 e:/mrs/mounriver_studio/toolchain/risc-v embedded gcc/bin/../lib/gcc/riscv-none-embed/8.2.0/../../../../riscv-none-embed/lib/rv32imacxw/ilp32\libm.a(lib_a-sf_ceil.o)
                                          0xc (size before relaxing)
 .rodata.floorf.cst4
                0x00000000000117f8        0x4 e:/mrs/mounriver_studio/toolchain/risc-v embedded gcc/bin/../lib/gcc/riscv-none-embed/8.2.0/../../../../riscv-none-embed/lib/rv32imacxw/ilp32\libm.a(lib_a-sf_floor.o)
                                          0x8 (size before relaxing)
 *fill*         0x00000000000117fc        0x4 
 .rodata.hypot.cst8
                0x0000000000011800       0x10 e:/mrs/mounriver_studio/toolchain/risc-v embedded gcc/bin/../lib/gcc/riscv-none-embed/8.2.0/../../../../riscv-none-embed/lib/rv32imacxw/ilp32\libm.a(lib_a-w_hypot.o)
 .rodata.hypot.str1.4
                0x0000000000011810        0x6 e:/mrs/mounriver_studio/toolchain/risc-v embedded gcc/bin/../lib/gcc/riscv-none-embed/8.2.0/../../../../riscv-none-embed/lib/rv32imacxw/ilp32\libm.a(lib_a-w_hypot.o)
 *fill*         0x0000000000011816        0x2 
 .rodata.sqrt.str1.4